<?xml version="1.0" encoding="utf-8"?><testsuites name="pytest tests"><testsuite name="pytest" errors="42" failures="28" skipped="24" tests="1169" time="651.698" timestamp="2026-01-25T20:52:02.802205-05:00" hostname="matthew-Z170X-Gaming-5"><testcase classname="tests.test_base_elo_rating_tdd.TestBaseEloRatingInterface" name="test_base_elo_is_abstract" time="0.016" /><testcase classname="tests.test_base_elo_rating_tdd.TestBaseEloRatingInterface" name="test_base_elo_has_abstract_methods" time="0.003" /><testcase classname="tests.test_base_elo_rating_tdd.TestBaseEloRatingInterface" name="test_base_elo_has_concrete_methods" time="0.002" /><testcase classname="tests.test_base_elo_rating_tdd.TestBaseEloRatingInterface" name="test_base_elo_init_parameters" time="0.002" /><testcase classname="tests.test_base_elo_rating_tdd.TestBaseEloRatingInterface" name="test_base_elo_type_hints" time="0.003" /><testcase classname="tests.test_base_elo_rating_tdd.TestBaseEloRatingInterface" name="test_base_elo_docstrings" time="0.002" /><testcase classname="tests.test_base_elo_rating_tdd.TestSportSpecificEloCompatibility" name="test_sport_class_inherits_from_base[NHLEloRating]" time="0.002" /><testcase classname="tests.test_base_elo_rating_tdd.TestSportSpecificEloCompatibility" name="test_sport_class_inherits_from_base[NBAEloRating]" time="0.002" /><testcase classname="tests.test_base_elo_rating_tdd.TestSportSpecificEloCompatibility" name="test_sport_class_inherits_from_base[MLBEloRating]" time="0.002" /><testcase classname="tests.test_base_elo_rating_tdd.TestSportSpecificEloCompatibility" name="test_sport_class_inherits_from_base[NFLEloRating]" time="0.003" /><testcase classname="tests.test_base_elo_rating_tdd.TestSportSpecificEloCompatibility" name="test_sport_class_inherits_from_base[EPLEloRating]" time="0.003" /><testcase classname="tests.test_base_elo_rating_tdd.TestSportSpecificEloCompatibility" name="test_sport_class_inherits_from_base[Ligue1EloRating]" time="0.003" /><testcase classname="tests.test_base_elo_rating_tdd.TestSportSpecificEloCompatibility" name="test_sport_class_inherits_from_base[NCAABEloRating]" time="0.002" /><testcase classname="tests.test_base_elo_rating_tdd.TestSportSpecificEloCompatibility" name="test_sport_class_inherits_from_base[WNCAABEloRating]" time="0.005" /><testcase classname="tests.test_base_elo_rating_tdd.TestSportSpecificEloCompatibility" name="test_sport_class_inherits_from_base[TennisEloRating]" time="0.003" /><testcase classname="tests.test_base_elo_rating_tdd.TestSportSpecificEloCompatibility" name="test_sport_class_can_be_instantiated[NHLEloRating]" time="0.003" /><testcase classname="tests.test_base_elo_rating_tdd.TestSportSpecificEloCompatibility" name="test_sport_class_can_be_instantiated[NBAEloRating]" time="0.003" /><testcase classname="tests.test_base_elo_rating_tdd.TestSportSpecificEloCompatibility" name="test_sport_class_can_be_instantiated[MLBEloRating]" time="0.004" /><testcase classname="tests.test_base_elo_rating_tdd.TestSportSpecificEloCompatibility" name="test_sport_class_can_be_instantiated[NFLEloRating]" time="0.002" /><testcase classname="tests.test_base_elo_rating_tdd.TestSportSpecificEloCompatibility" name="test_sport_class_can_be_instantiated[EPLEloRating]" time="0.003" /><testcase classname="tests.test_base_elo_rating_tdd.TestSportSpecificEloCompatibility" name="test_sport_class_can_be_instantiated[Ligue1EloRating]" time="0.003" /><testcase classname="tests.test_base_elo_rating_tdd.TestSportSpecificEloCompatibility" name="test_sport_class_can_be_instantiated[NCAABEloRating]" time="0.003" /><testcase classname="tests.test_base_elo_rating_tdd.TestSportSpecificEloCompatibility" name="test_sport_class_can_be_instantiated[WNCAABEloRating]" time="0.002" /><testcase classname="tests.test_base_elo_rating_tdd.TestSportSpecificEloCompatibility" name="test_sport_class_can_be_instantiated[TennisEloRating]" time="0.002" /><testcase classname="tests.test_base_elo_rating_tdd.TestBackwardCompatibility" name="test_dashboard_integration" time="0.002" /><testcase classname="tests.test_base_elo_rating_tdd.TestBackwardCompatibility" name="test_dag_integration" time="0.003" /><testcase classname="tests.test_bet_loader_tracker.TestBetLoader" name="test_init_creates_table" time="0.032" /><testcase classname="tests.test_bet_loader_tracker.TestBetLoader" name="test_load_bets_for_date_no_file" time="0.039" /><testcase classname="tests.test_bet_loader_tracker.TestBetLoader" name="test_load_bets_for_date_empty_file" time="0.029" /><testcase classname="tests.test_bet_loader_tracker.TestBetLoader" name="test_load_bets_for_date_with_bets" time="0.033" /><testcase classname="tests.test_bet_loader_tracker.TestBetLoader" name="test_get_bets_summary_empty" time="0.047" /><testcase classname="tests.test_bet_loader_tracker.TestBetLoader" name="test_get_bets_summary_with_dates" time="0.046" /><testcase classname="tests.test_bet_loader_tracker.TestBetTracker" name="test_create_bets_table" time="0.038" /><testcase classname="tests.test_bet_loader_tracker.TestBetTracker" name="test_create_bets_table_idempotent" time="0.041" /><testcase classname="tests.test_bet_loader_tracker.TestBetTracker" name="test_load_fills_from_kalshi_success" time="0.018" /><testcase classname="tests.test_bet_loader_tracker.TestBetTracker" name="test_load_fills_from_kalshi_error" time="0.006" /><testcase classname="tests.test_bet_loader_tracker.TestBetTracker" name="test_get_market_status_success" time="0.006" /><testcase classname="tests.test_bet_loader_tracker.TestBetTracker" name="test_get_market_status_error" time="0.003" /><testcase classname="tests.test_bet_loader_tracker.TestBetTracker" name="test_get_betting_summary_empty" time="0.014" /><testcase classname="tests.test_bet_loader_tracker.TestBetTracker" name="test_get_betting_summary_with_date" time="0.029" /><testcase classname="tests.test_bet_loader_tracker.TestSportParsing" name="test_parse_nba_ticker" time="0.009" /><testcase classname="tests.test_bet_loader_tracker.TestSportParsing" name="test_parse_nhl_ticker" time="0.004" /><testcase classname="tests.test_bet_loader_tracker.TestSportParsing" name="test_parse_mlb_ticker" time="0.003" /><testcase classname="tests.test_bet_loader_tracker.TestSportParsing" name="test_parse_nfl_ticker" time="0.005" /><testcase classname="tests.test_bet_loader_tracker.TestSportParsing" name="test_parse_tennis_ticker" time="0.005" /><testcase classname="tests.test_bet_loader_tracker.TestSportParsing" name="test_parse_ncaab_ticker" time="0.004" /><testcase classname="tests.test_bet_loader_tracker.TestSportParsing" name="test_parse_unknown_ticker" time="0.002" /><testcase classname="tests.test_bet_sync_hourly" name="test_bet_sync_hourly_dag_exists" time="0.080" /><testcase classname="tests.test_bet_sync_hourly" name="test_bet_sync_hourly_has_hourly_schedule" time="0.047" /><testcase classname="tests.test_bet_sync_hourly" name="test_bet_sync_hourly_has_sync_task" time="0.052" /><testcase classname="tests.test_bet_sync_hourly" name="test_bet_sync_hourly_catchup_disabled" time="0.052" /><testcase classname="tests.test_bet_sync_hourly" name="test_bet_sync_hourly_single_active_run" time="0.054" /><testcase classname="tests.test_bet_sync_hourly" name="test_bet_sync_task_has_retries" time="0.057" /><testcase classname="tests.test_bet_tracker_comprehensive.TestCreateBetsTable" name="test_creates_table" time="0.015" /><testcase classname="tests.test_bet_tracker_comprehensive.TestCreateBetsTable" name="test_idempotent" time="0.018" /><testcase classname="tests.test_bet_tracker_comprehensive.TestLoadFillsFromKalshi" name="test_function_exists" time="0.012" /><testcase classname="tests.test_bet_tracker_comprehensive.TestLoadFillsFromKalshi" name="test_with_mock_client" time="0.006" /><testcase classname="tests.test_bet_tracker_comprehensive.TestLoadFillsFromKalshi" name="test_handles_error" time="0.005" /><testcase classname="tests.test_bet_tracker_comprehensive.TestGetMarketStatus" name="test_function_exists" time="0.003" /><testcase classname="tests.test_bet_tracker_comprehensive.TestGetMarketStatus" name="test_with_mock_client" time="0.003" /><testcase classname="tests.test_bet_tracker_comprehensive.TestGetMarketStatus" name="test_handles_none_response" time="0.004" /><testcase classname="tests.test_bet_tracker_comprehensive.TestGetMarketStatus" name="test_handles_error" time="0.003" /><testcase classname="tests.test_bet_tracker_comprehensive.TestSyncBetsToDatabase" name="test_function_exists" time="0.003" /><testcase classname="tests.test_bet_tracker_comprehensive.TestSyncBetsToDatabase" name="test_with_missing_credentials" time="0.002" /><testcase classname="tests.test_bet_tracker_comprehensive.TestModuleImports" name="test_import_module" time="0.002" /><testcase classname="tests.test_bet_tracker_comprehensive.TestBetsTableSchema" name="test_table_columns" time="0.019" /><testcase classname="tests.test_bet_tracker_comprehensive.TestFillsParsing" name="test_parse_fill_data" time="0.014" /><testcase classname="tests.test_bet_tracker_comprehensive.TestDatabaseOperations" name="test_insert_and_query" time="0.023" /><testcase classname="tests.test_bet_tracker_loader.TestBetTrackerSQL" name="test_create_bets_table_schema" time="0.024" /><testcase classname="tests.test_bet_tracker_loader.TestBetTrackerSQL" name="test_placed_bets_columns" time="0.039" /><testcase classname="tests.test_bet_tracker_loader.TestBetLoaderInit" name="test_init_creates_table" time="0.028" /><testcase classname="tests.test_bet_tracker_loader.TestBetLoaderInit" name="test_bet_recommendations_columns" time="0.026" /><testcase classname="tests.test_bet_tracker_loader.TestBetLoading" name="test_load_bets_file_not_found" time="0.031" /><testcase classname="tests.test_bet_tracker_loader.TestBetLoading" name="test_bet_id_generation" time="0.019" /><testcase classname="tests.test_bet_tracker_loader.TestBetDataStructure" name="test_bet_json_structure" time="0.016" /><testcase classname="tests.test_bet_tracker_loader.TestBetDataStructure" name="test_bet_status_transitions" time="0.004" /><testcase classname="tests.test_bet_tracker_loader.TestMarketStatusQueries" name="test_market_status_values" time="0.003" /><testcase classname="tests.test_bet_tracker_loader.TestMarketStatusQueries" name="test_market_result_values" time="0.003" /><testcase classname="tests.test_bet_tracker_loader.TestProfitCalculations" name="test_profit_won_yes_bet" time="0.002" /><testcase classname="tests.test_bet_tracker_loader.TestProfitCalculations" name="test_profit_lost_yes_bet" time="0.003" /><testcase classname="tests.test_bet_tracker_loader.TestProfitCalculations" name="test_profit_won_no_bet" time="0.003" /><testcase classname="tests.test_bet_tracker_loader.TestProfitCalculations" name="test_cost_calculation" time="0.003" /><testcase classname="tests.test_bet_tracker_loader.TestQueryBuilding" name="test_insert_query_format" time="0.002" /><testcase classname="tests.test_bet_tracker_loader.TestQueryBuilding" name="test_select_by_date_query" time="0.003" /><testcase classname="tests.test_bet_tracker_loader.TestQueryBuilding" name="test_update_status_query" time="0.002" /><testcase classname="tests.test_bet_tracker_loader.TestDateRangeQueries" name="test_days_back_calculation" time="0.002" /><testcase classname="tests.test_bet_tracker_loader.TestDateRangeQueries" name="test_date_range_filter" time="0.002" /><testcase classname="tests.test_bet_tracker_loader.TestAggregationQueries" name="test_win_rate_query" time="0.004" /><testcase classname="tests.test_bet_tracker_loader.TestAggregationQueries" name="test_profit_summary_query" time="0.003" /><testcase classname="tests.test_bet_tracker_loader.TestErrorHandling" name="test_file_not_found_handling" time="0.002" /><testcase classname="tests.test_bet_tracker_loader.TestErrorHandling" name="test_json_decode_error_handling" time="0.002" /><testcase classname="tests.test_bet_tracker_loader.TestErrorHandling" name="test_empty_bets_list" time="0.002" /><testcase classname="tests.test_dag_parsing" name="test_dag_parsing" time="0.043" /><testcase classname="tests.test_dag_task_functions" name="test_place_portfolio_optimized_bets_exact_xcom" time="1.275" /><testcase classname="tests.test_dags_integrity" name="test_no_import_errors" time="0.045" /><testcase classname="tests.test_dags_integrity" name="test_multi_sport_betting_workflow_structure" time="0.143" /><testcase classname="tests.test_dags_integrity" name="test_dag_schedule" time="0.003" /><testcase classname="tests.test_dashboard_balance_fix" name="test_dashboard_shows_kalshi_balance_not_total_invested" time="0.031" /><testcase classname="tests.test_dashboard_balance_fix" name="test_early_days_financial_performance" time="0.045" /><testcase classname="tests.test_dashboard_balance_verification" name="test_dashboard_shows_kalshi_balance" time="0.041" /><testcase classname="tests.test_dashboard_balance_verification" name="test_portfolio_snapshot_dag_running" time="0.076" /><testcase classname="tests.test_dashboard_data_freshness" name="test_placed_bets_table_has_recent_updates" time="0.001"><skipped type="pytest.skip" message="Integration tests require production PostgreSQL database">/mnt/data2/nhlstats/tests/test_dashboard_data_freshness.py:32: Integration tests require production PostgreSQL database</skipped></testcase><testcase classname="tests.test_dashboard_data_freshness" name="test_dashboard_can_show_settlement_data_from_today" time="0.001"><skipped type="pytest.skip" message="Integration tests require production PostgreSQL database">/mnt/data2/nhlstats/tests/test_dashboard_data_freshness.py:75: Integration tests require production PostgreSQL database</skipped></testcase><testcase classname="tests.test_dashboard_data_freshness" name="test_bet_sync_does_not_fail" time="0.001"><skipped type="pytest.skip" message="Integration tests require production PostgreSQL database">/mnt/data2/nhlstats/tests/test_dashboard_data_freshness.py:122: Integration tests require production PostgreSQL database</skipped></testcase><testcase classname="tests.test_dashboard_data_freshness" name="test_dashboard_shows_recent_settlement_activity" time="0.001"><skipped type="pytest.skip" message="Integration tests require production PostgreSQL database">/mnt/data2/nhlstats/tests/test_dashboard_data_freshness.py:134: Integration tests require production PostgreSQL database</skipped></testcase><testcase classname="tests.test_dashboard_data_freshness" name="test_placed_bets_table_structure" time="0.001"><skipped type="pytest.skip" message="Integration tests require production PostgreSQL database">/mnt/data2/nhlstats/tests/test_dashboard_data_freshness.py:169: Integration tests require production PostgreSQL database</skipped></testcase><testcase classname="tests.test_dashboard_data_freshness" name="test_bet_sync_successfully_updates_database" time="0.001"><skipped type="pytest.skip" message="Integration tests require production PostgreSQL database">/mnt/data2/nhlstats/tests/test_dashboard_data_freshness.py:207: Integration tests require production PostgreSQL database</skipped></testcase><testcase classname="tests.test_dashboard_integration" name="test_financial_performance_shows_correct_portfolio_value" time="0.001"><skipped type="pytest.skip" message="Integration tests require production PostgreSQL database">/mnt/data2/nhlstats/tests/test_dashboard_integration.py:36: Integration tests require production PostgreSQL database</skipped></testcase><testcase classname="tests.test_dashboard_playwright.TestDashboardNavigation" name="test_sidebar_exists" time="10.367" /><testcase classname="tests.test_dashboard_playwright.TestDashboardNavigation" name="test_page_navigation_elo_analysis" time="7.861" /><testcase classname="tests.test_dashboard_playwright.TestDashboardNavigation" name="test_page_navigation_betting_performance" time="11.783" /><testcase classname="tests.test_dashboard_playwright.TestSportsSelection" name="test_sport_has_data_or_error[MLB]" time="38.697"><failure message="playwright._impl._errors.TimeoutError: Locator.click: Timeout 30000ms exceeded.&#10;Call log:&#10;  - waiting for locator(&quot;[data-testid=\&quot;stVirtualDropdown\&quot;]&quot;).locator(&quot;text=\&quot;MLB\&quot;&quot;)">self = &lt;tests.test_dashboard_playwright.TestSportsSelection object at 0x7fcafa568560&gt;
page = &lt;Page url='http://localhost:8501/'&gt;, sport = 'MLB'

    @pytest.mark.parametrize("sport", SPORTS)
    def test_sport_has_data_or_error(self, page: Page, sport):
        """Test that each sport either loads data or shows appropriate error."""
        # Select sport from sidebar dropdown
        sidebar_select = (
            page.locator('[data-testid="stSidebar"]')
            .locator('[data-testid="stSelectbox"]')
            .first
        )
        sidebar_select.click()
        time.sleep(1)
        page.locator('[data-testid="stVirtualDropdown"]').locator(
            f'text="{sport}"'
&gt;       ).click()
          ^^^^^^^

tests/test_dashboard_playwright.py:117:
_ _ _ _ _ _ _ _ _ _ _ _ _ _ _ _ _ _ _ _ _ _ _ _ _ _ _ _ _ _ _ _ _ _ _ _ _ _ _ _
/home/matthew/anaconda3/lib/python3.12/site-packages/playwright/sync_api/_generated.py:15450: in click
    self._sync(
/home/matthew/anaconda3/lib/python3.12/site-packages/playwright/_impl/_locator.py:156: in click
    return await self._frame.click(self._selector, strict=True, **params)
           ^^^^^^^^^^^^^^^^^^^^^^^^^^^^^^^^^^^^^^^^^^^^^^^^^^^^^^^^^^^^^^
/home/matthew/anaconda3/lib/python3.12/site-packages/playwright/_impl/_frame.py:488: in click
    await self._channel.send("click", locals_to_params(locals()))
/home/matthew/anaconda3/lib/python3.12/site-packages/playwright/_impl/_connection.py:61: in send
    return await self._connection.wrap_api_call(
_ _ _ _ _ _ _ _ _ _ _ _ _ _ _ _ _ _ _ _ _ _ _ _ _ _ _ _ _ _ _ _ _ _ _ _ _ _ _ _

self = &lt;playwright._impl._connection.Connection object at 0x7fcb033996a0&gt;
cb = &lt;function Channel.send.&lt;locals&gt;.&lt;lambda&gt; at 0x7fcaf8ec0040&gt;
is_internal = False

    async def wrap_api_call(
        self, cb: Callable[[], Any], is_internal: bool = False
    ) -&gt; Any:
        if self._api_zone.get():
            return await cb()
        task = asyncio.current_task(self._loop)
        st: List[inspect.FrameInfo] = getattr(task, "__pw_stack__", inspect.stack())
        parsed_st = _extract_stack_trace_information_from_stack(st, is_internal)
        self._api_zone.set(parsed_st)
        try:
            return await cb()
        except Exception as error:
&gt;           raise rewrite_error(error, f"{parsed_st['apiName']}: {error}") from None
E           playwright._impl._errors.TimeoutError: Locator.click: Timeout 30000ms exceeded.
E           Call log:
E             - waiting for locator("[data-testid=\"stVirtualDropdown\"]").locator("text=\"MLB\"")

/home/matthew/anaconda3/lib/python3.12/site-packages/playwright/_impl/_connection.py:528: TimeoutError</failure></testcase><testcase classname="tests.test_dashboard_playwright.TestSportsSelection" name="test_sport_has_data_or_error[NHL]" time="38.677"><failure message="playwright._impl._errors.TimeoutError: Locator.click: Timeout 30000ms exceeded.&#10;Call log:&#10;  - waiting for locator(&quot;[data-testid=\&quot;stVirtualDropdown\&quot;]&quot;).locator(&quot;text=\&quot;NHL\&quot;&quot;)">self = &lt;tests.test_dashboard_playwright.TestSportsSelection object at 0x7fcafa568980&gt;
page = &lt;Page url='http://localhost:8501/'&gt;, sport = 'NHL'

    @pytest.mark.parametrize("sport", SPORTS)
    def test_sport_has_data_or_error(self, page: Page, sport):
        """Test that each sport either loads data or shows appropriate error."""
        # Select sport from sidebar dropdown
        sidebar_select = (
            page.locator('[data-testid="stSidebar"]')
            .locator('[data-testid="stSelectbox"]')
            .first
        )
        sidebar_select.click()
        time.sleep(1)
        page.locator('[data-testid="stVirtualDropdown"]').locator(
            f'text="{sport}"'
&gt;       ).click()
          ^^^^^^^

tests/test_dashboard_playwright.py:117:
_ _ _ _ _ _ _ _ _ _ _ _ _ _ _ _ _ _ _ _ _ _ _ _ _ _ _ _ _ _ _ _ _ _ _ _ _ _ _ _
/home/matthew/anaconda3/lib/python3.12/site-packages/playwright/sync_api/_generated.py:15450: in click
    self._sync(
/home/matthew/anaconda3/lib/python3.12/site-packages/playwright/_impl/_locator.py:156: in click
    return await self._frame.click(self._selector, strict=True, **params)
           ^^^^^^^^^^^^^^^^^^^^^^^^^^^^^^^^^^^^^^^^^^^^^^^^^^^^^^^^^^^^^^
/home/matthew/anaconda3/lib/python3.12/site-packages/playwright/_impl/_frame.py:488: in click
    await self._channel.send("click", locals_to_params(locals()))
/home/matthew/anaconda3/lib/python3.12/site-packages/playwright/_impl/_connection.py:61: in send
    return await self._connection.wrap_api_call(
_ _ _ _ _ _ _ _ _ _ _ _ _ _ _ _ _ _ _ _ _ _ _ _ _ _ _ _ _ _ _ _ _ _ _ _ _ _ _ _

self = &lt;playwright._impl._connection.Connection object at 0x7fcb033996a0&gt;
cb = &lt;function Channel.send.&lt;locals&gt;.&lt;lambda&gt; at 0x7fcaf8c68a40&gt;
is_internal = False

    async def wrap_api_call(
        self, cb: Callable[[], Any], is_internal: bool = False
    ) -&gt; Any:
        if self._api_zone.get():
            return await cb()
        task = asyncio.current_task(self._loop)
        st: List[inspect.FrameInfo] = getattr(task, "__pw_stack__", inspect.stack())
        parsed_st = _extract_stack_trace_information_from_stack(st, is_internal)
        self._api_zone.set(parsed_st)
        try:
            return await cb()
        except Exception as error:
&gt;           raise rewrite_error(error, f"{parsed_st['apiName']}: {error}") from None
E           playwright._impl._errors.TimeoutError: Locator.click: Timeout 30000ms exceeded.
E           Call log:
E             - waiting for locator("[data-testid=\"stVirtualDropdown\"]").locator("text=\"NHL\"")

/home/matthew/anaconda3/lib/python3.12/site-packages/playwright/_impl/_connection.py:528: TimeoutError</failure></testcase><testcase classname="tests.test_dashboard_playwright.TestSportsSelection" name="test_sport_has_data_or_error[NFL]" time="38.938"><failure message="playwright._impl._errors.TimeoutError: Locator.click: Timeout 30000ms exceeded.&#10;Call log:&#10;  - waiting for locator(&quot;[data-testid=\&quot;stVirtualDropdown\&quot;]&quot;).locator(&quot;text=\&quot;NFL\&quot;&quot;)">self = &lt;tests.test_dashboard_playwright.TestSportsSelection object at 0x7fcafa568a40&gt;
page = &lt;Page url='http://localhost:8501/'&gt;, sport = 'NFL'

    @pytest.mark.parametrize("sport", SPORTS)
    def test_sport_has_data_or_error(self, page: Page, sport):
        """Test that each sport either loads data or shows appropriate error."""
        # Select sport from sidebar dropdown
        sidebar_select = (
            page.locator('[data-testid="stSidebar"]')
            .locator('[data-testid="stSelectbox"]')
            .first
        )
        sidebar_select.click()
        time.sleep(1)
        page.locator('[data-testid="stVirtualDropdown"]').locator(
            f'text="{sport}"'
&gt;       ).click()
          ^^^^^^^

tests/test_dashboard_playwright.py:117:
_ _ _ _ _ _ _ _ _ _ _ _ _ _ _ _ _ _ _ _ _ _ _ _ _ _ _ _ _ _ _ _ _ _ _ _ _ _ _ _
/home/matthew/anaconda3/lib/python3.12/site-packages/playwright/sync_api/_generated.py:15450: in click
    self._sync(
/home/matthew/anaconda3/lib/python3.12/site-packages/playwright/_impl/_locator.py:156: in click
    return await self._frame.click(self._selector, strict=True, **params)
           ^^^^^^^^^^^^^^^^^^^^^^^^^^^^^^^^^^^^^^^^^^^^^^^^^^^^^^^^^^^^^^
/home/matthew/anaconda3/lib/python3.12/site-packages/playwright/_impl/_frame.py:488: in click
    await self._channel.send("click", locals_to_params(locals()))
/home/matthew/anaconda3/lib/python3.12/site-packages/playwright/_impl/_connection.py:61: in send
    return await self._connection.wrap_api_call(
_ _ _ _ _ _ _ _ _ _ _ _ _ _ _ _ _ _ _ _ _ _ _ _ _ _ _ _ _ _ _ _ _ _ _ _ _ _ _ _

self = &lt;playwright._impl._connection.Connection object at 0x7fcb033996a0&gt;
cb = &lt;function Channel.send.&lt;locals&gt;.&lt;lambda&gt; at 0x7fcaf82311c0&gt;
is_internal = False

    async def wrap_api_call(
        self, cb: Callable[[], Any], is_internal: bool = False
    ) -&gt; Any:
        if self._api_zone.get():
            return await cb()
        task = asyncio.current_task(self._loop)
        st: List[inspect.FrameInfo] = getattr(task, "__pw_stack__", inspect.stack())
        parsed_st = _extract_stack_trace_information_from_stack(st, is_internal)
        self._api_zone.set(parsed_st)
        try:
            return await cb()
        except Exception as error:
&gt;           raise rewrite_error(error, f"{parsed_st['apiName']}: {error}") from None
E           playwright._impl._errors.TimeoutError: Locator.click: Timeout 30000ms exceeded.
E           Call log:
E             - waiting for locator("[data-testid=\"stVirtualDropdown\"]").locator("text=\"NFL\"")

/home/matthew/anaconda3/lib/python3.12/site-packages/playwright/_impl/_connection.py:528: TimeoutError</failure></testcase><testcase classname="tests.test_dashboard_playwright.TestSportsSelection" name="test_sport_has_data_or_error[NBA]" time="38.913"><failure message="playwright._impl._errors.TimeoutError: Locator.click: Timeout 30000ms exceeded.&#10;Call log:&#10;  - waiting for locator(&quot;[data-testid=\&quot;stVirtualDropdown\&quot;]&quot;).locator(&quot;text=\&quot;NBA\&quot;&quot;)">self = &lt;tests.test_dashboard_playwright.TestSportsSelection object at 0x7fcafa568b00&gt;
page = &lt;Page url='http://localhost:8501/'&gt;, sport = 'NBA'

    @pytest.mark.parametrize("sport", SPORTS)
    def test_sport_has_data_or_error(self, page: Page, sport):
        """Test that each sport either loads data or shows appropriate error."""
        # Select sport from sidebar dropdown
        sidebar_select = (
            page.locator('[data-testid="stSidebar"]')
            .locator('[data-testid="stSelectbox"]')
            .first
        )
        sidebar_select.click()
        time.sleep(1)
        page.locator('[data-testid="stVirtualDropdown"]').locator(
            f'text="{sport}"'
&gt;       ).click()
          ^^^^^^^

tests/test_dashboard_playwright.py:117:
_ _ _ _ _ _ _ _ _ _ _ _ _ _ _ _ _ _ _ _ _ _ _ _ _ _ _ _ _ _ _ _ _ _ _ _ _ _ _ _
/home/matthew/anaconda3/lib/python3.12/site-packages/playwright/sync_api/_generated.py:15450: in click
    self._sync(
/home/matthew/anaconda3/lib/python3.12/site-packages/playwright/_impl/_locator.py:156: in click
    return await self._frame.click(self._selector, strict=True, **params)
           ^^^^^^^^^^^^^^^^^^^^^^^^^^^^^^^^^^^^^^^^^^^^^^^^^^^^^^^^^^^^^^
/home/matthew/anaconda3/lib/python3.12/site-packages/playwright/_impl/_frame.py:488: in click
    await self._channel.send("click", locals_to_params(locals()))
/home/matthew/anaconda3/lib/python3.12/site-packages/playwright/_impl/_connection.py:61: in send
    return await self._connection.wrap_api_call(
_ _ _ _ _ _ _ _ _ _ _ _ _ _ _ _ _ _ _ _ _ _ _ _ _ _ _ _ _ _ _ _ _ _ _ _ _ _ _ _

self = &lt;playwright._impl._connection.Connection object at 0x7fcb033996a0&gt;
cb = &lt;function Channel.send.&lt;locals&gt;.&lt;lambda&gt; at 0x7fcaf85209a0&gt;
is_internal = False

    async def wrap_api_call(
        self, cb: Callable[[], Any], is_internal: bool = False
    ) -&gt; Any:
        if self._api_zone.get():
            return await cb()
        task = asyncio.current_task(self._loop)
        st: List[inspect.FrameInfo] = getattr(task, "__pw_stack__", inspect.stack())
        parsed_st = _extract_stack_trace_information_from_stack(st, is_internal)
        self._api_zone.set(parsed_st)
        try:
            return await cb()
        except Exception as error:
&gt;           raise rewrite_error(error, f"{parsed_st['apiName']}: {error}") from None
E           playwright._impl._errors.TimeoutError: Locator.click: Timeout 30000ms exceeded.
E           Call log:
E             - waiting for locator("[data-testid=\"stVirtualDropdown\"]").locator("text=\"NBA\"")

/home/matthew/anaconda3/lib/python3.12/site-packages/playwright/_impl/_connection.py:528: TimeoutError</failure></testcase><testcase classname="tests.test_dashboard_playwright.TestSportsSelection" name="test_sport_has_data_or_error[EPL]" time="39.050"><failure message="playwright._impl._errors.TimeoutError: Locator.click: Timeout 30000ms exceeded.&#10;Call log:&#10;  - waiting for locator(&quot;[data-testid=\&quot;stVirtualDropdown\&quot;]&quot;).locator(&quot;text=\&quot;EPL\&quot;&quot;)">self = &lt;tests.test_dashboard_playwright.TestSportsSelection object at 0x7fcafa568bc0&gt;
page = &lt;Page url='http://localhost:8501/'&gt;, sport = 'EPL'

    @pytest.mark.parametrize("sport", SPORTS)
    def test_sport_has_data_or_error(self, page: Page, sport):
        """Test that each sport either loads data or shows appropriate error."""
        # Select sport from sidebar dropdown
        sidebar_select = (
            page.locator('[data-testid="stSidebar"]')
            .locator('[data-testid="stSelectbox"]')
            .first
        )
        sidebar_select.click()
        time.sleep(1)
        page.locator('[data-testid="stVirtualDropdown"]').locator(
            f'text="{sport}"'
&gt;       ).click()
          ^^^^^^^

tests/test_dashboard_playwright.py:117:
_ _ _ _ _ _ _ _ _ _ _ _ _ _ _ _ _ _ _ _ _ _ _ _ _ _ _ _ _ _ _ _ _ _ _ _ _ _ _ _
/home/matthew/anaconda3/lib/python3.12/site-packages/playwright/sync_api/_generated.py:15450: in click
    self._sync(
/home/matthew/anaconda3/lib/python3.12/site-packages/playwright/_impl/_locator.py:156: in click
    return await self._frame.click(self._selector, strict=True, **params)
           ^^^^^^^^^^^^^^^^^^^^^^^^^^^^^^^^^^^^^^^^^^^^^^^^^^^^^^^^^^^^^^
/home/matthew/anaconda3/lib/python3.12/site-packages/playwright/_impl/_frame.py:488: in click
    await self._channel.send("click", locals_to_params(locals()))
/home/matthew/anaconda3/lib/python3.12/site-packages/playwright/_impl/_connection.py:61: in send
    return await self._connection.wrap_api_call(
_ _ _ _ _ _ _ _ _ _ _ _ _ _ _ _ _ _ _ _ _ _ _ _ _ _ _ _ _ _ _ _ _ _ _ _ _ _ _ _

self = &lt;playwright._impl._connection.Connection object at 0x7fcb033996a0&gt;
cb = &lt;function Channel.send.&lt;locals&gt;.&lt;lambda&gt; at 0x7fcaf8f51ee0&gt;
is_internal = False

    async def wrap_api_call(
        self, cb: Callable[[], Any], is_internal: bool = False
    ) -&gt; Any:
        if self._api_zone.get():
            return await cb()
        task = asyncio.current_task(self._loop)
        st: List[inspect.FrameInfo] = getattr(task, "__pw_stack__", inspect.stack())
        parsed_st = _extract_stack_trace_information_from_stack(st, is_internal)
        self._api_zone.set(parsed_st)
        try:
            return await cb()
        except Exception as error:
&gt;           raise rewrite_error(error, f"{parsed_st['apiName']}: {error}") from None
E           playwright._impl._errors.TimeoutError: Locator.click: Timeout 30000ms exceeded.
E           Call log:
E             - waiting for locator("[data-testid=\"stVirtualDropdown\"]").locator("text=\"EPL\"")

/home/matthew/anaconda3/lib/python3.12/site-packages/playwright/_impl/_connection.py:528: TimeoutError</failure></testcase><testcase classname="tests.test_dashboard_playwright.TestSportsSelection" name="test_sport_has_data_or_error[Tennis]" time="37.688"><failure message="playwright._impl._errors.TimeoutError: Locator.click: Timeout 30000ms exceeded.&#10;Call log:&#10;  - waiting for locator(&quot;[data-testid=\&quot;stVirtualDropdown\&quot;]&quot;).locator(&quot;text=\&quot;Tennis\&quot;&quot;)">self = &lt;tests.test_dashboard_playwright.TestSportsSelection object at 0x7fcafa568c80&gt;
page = &lt;Page url='http://localhost:8501/'&gt;, sport = 'Tennis'

    @pytest.mark.parametrize("sport", SPORTS)
    def test_sport_has_data_or_error(self, page: Page, sport):
        """Test that each sport either loads data or shows appropriate error."""
        # Select sport from sidebar dropdown
        sidebar_select = (
            page.locator('[data-testid="stSidebar"]')
            .locator('[data-testid="stSelectbox"]')
            .first
        )
        sidebar_select.click()
        time.sleep(1)
        page.locator('[data-testid="stVirtualDropdown"]').locator(
            f'text="{sport}"'
&gt;       ).click()
          ^^^^^^^

tests/test_dashboard_playwright.py:117:
_ _ _ _ _ _ _ _ _ _ _ _ _ _ _ _ _ _ _ _ _ _ _ _ _ _ _ _ _ _ _ _ _ _ _ _ _ _ _ _
/home/matthew/anaconda3/lib/python3.12/site-packages/playwright/sync_api/_generated.py:15450: in click
    self._sync(
/home/matthew/anaconda3/lib/python3.12/site-packages/playwright/_impl/_locator.py:156: in click
    return await self._frame.click(self._selector, strict=True, **params)
           ^^^^^^^^^^^^^^^^^^^^^^^^^^^^^^^^^^^^^^^^^^^^^^^^^^^^^^^^^^^^^^
/home/matthew/anaconda3/lib/python3.12/site-packages/playwright/_impl/_frame.py:488: in click
    await self._channel.send("click", locals_to_params(locals()))
/home/matthew/anaconda3/lib/python3.12/site-packages/playwright/_impl/_connection.py:61: in send
    return await self._connection.wrap_api_call(
_ _ _ _ _ _ _ _ _ _ _ _ _ _ _ _ _ _ _ _ _ _ _ _ _ _ _ _ _ _ _ _ _ _ _ _ _ _ _ _

self = &lt;playwright._impl._connection.Connection object at 0x7fcb033996a0&gt;
cb = &lt;function Channel.send.&lt;locals&gt;.&lt;lambda&gt; at 0x7fcaf8487420&gt;
is_internal = False

    async def wrap_api_call(
        self, cb: Callable[[], Any], is_internal: bool = False
    ) -&gt; Any:
        if self._api_zone.get():
            return await cb()
        task = asyncio.current_task(self._loop)
        st: List[inspect.FrameInfo] = getattr(task, "__pw_stack__", inspect.stack())
        parsed_st = _extract_stack_trace_information_from_stack(st, is_internal)
        self._api_zone.set(parsed_st)
        try:
            return await cb()
        except Exception as error:
&gt;           raise rewrite_error(error, f"{parsed_st['apiName']}: {error}") from None
E           playwright._impl._errors.TimeoutError: Locator.click: Timeout 30000ms exceeded.
E           Call log:
E             - waiting for locator("[data-testid=\"stVirtualDropdown\"]").locator("text=\"Tennis\"")

/home/matthew/anaconda3/lib/python3.12/site-packages/playwright/_impl/_connection.py:528: TimeoutError</failure></testcase><testcase classname="tests.test_dashboard_playwright.TestSportsSelection" name="test_sport_has_data_or_error[NCAAB]" time="39.116"><failure message="playwright._impl._errors.TimeoutError: Locator.click: Timeout 30000ms exceeded.&#10;Call log:&#10;  - waiting for locator(&quot;[data-testid=\&quot;stVirtualDropdown\&quot;]&quot;).locator(&quot;text=\&quot;NCAAB\&quot;&quot;)">self = &lt;tests.test_dashboard_playwright.TestSportsSelection object at 0x7fcafa568d40&gt;
page = &lt;Page url='http://localhost:8501/'&gt;, sport = 'NCAAB'

    @pytest.mark.parametrize("sport", SPORTS)
    def test_sport_has_data_or_error(self, page: Page, sport):
        """Test that each sport either loads data or shows appropriate error."""
        # Select sport from sidebar dropdown
        sidebar_select = (
            page.locator('[data-testid="stSidebar"]')
            .locator('[data-testid="stSelectbox"]')
            .first
        )
        sidebar_select.click()
        time.sleep(1)
        page.locator('[data-testid="stVirtualDropdown"]').locator(
            f'text="{sport}"'
&gt;       ).click()
          ^^^^^^^

tests/test_dashboard_playwright.py:117:
_ _ _ _ _ _ _ _ _ _ _ _ _ _ _ _ _ _ _ _ _ _ _ _ _ _ _ _ _ _ _ _ _ _ _ _ _ _ _ _
/home/matthew/anaconda3/lib/python3.12/site-packages/playwright/sync_api/_generated.py:15450: in click
    self._sync(
/home/matthew/anaconda3/lib/python3.12/site-packages/playwright/_impl/_locator.py:156: in click
    return await self._frame.click(self._selector, strict=True, **params)
           ^^^^^^^^^^^^^^^^^^^^^^^^^^^^^^^^^^^^^^^^^^^^^^^^^^^^^^^^^^^^^^
/home/matthew/anaconda3/lib/python3.12/site-packages/playwright/_impl/_frame.py:488: in click
    await self._channel.send("click", locals_to_params(locals()))
/home/matthew/anaconda3/lib/python3.12/site-packages/playwright/_impl/_connection.py:61: in send
    return await self._connection.wrap_api_call(
_ _ _ _ _ _ _ _ _ _ _ _ _ _ _ _ _ _ _ _ _ _ _ _ _ _ _ _ _ _ _ _ _ _ _ _ _ _ _ _

self = &lt;playwright._impl._connection.Connection object at 0x7fcb033996a0&gt;
cb = &lt;function Channel.send.&lt;locals&gt;.&lt;lambda&gt; at 0x7fcaf83f3c40&gt;
is_internal = False

    async def wrap_api_call(
        self, cb: Callable[[], Any], is_internal: bool = False
    ) -&gt; Any:
        if self._api_zone.get():
            return await cb()
        task = asyncio.current_task(self._loop)
        st: List[inspect.FrameInfo] = getattr(task, "__pw_stack__", inspect.stack())
        parsed_st = _extract_stack_trace_information_from_stack(st, is_internal)
        self._api_zone.set(parsed_st)
        try:
            return await cb()
        except Exception as error:
&gt;           raise rewrite_error(error, f"{parsed_st['apiName']}: {error}") from None
E           playwright._impl._errors.TimeoutError: Locator.click: Timeout 30000ms exceeded.
E           Call log:
E             - waiting for locator("[data-testid=\"stVirtualDropdown\"]").locator("text=\"NCAAB\"")

/home/matthew/anaconda3/lib/python3.12/site-packages/playwright/_impl/_connection.py:528: TimeoutError</failure></testcase><testcase classname="tests.test_dashboard_playwright.TestSportsSelection" name="test_sport_has_data_or_error[WNCAAB]" time="38.915"><failure message="playwright._impl._errors.TimeoutError: Locator.click: Timeout 30000ms exceeded.&#10;Call log:&#10;  - waiting for locator(&quot;[data-testid=\&quot;stVirtualDropdown\&quot;]&quot;).locator(&quot;text=\&quot;WNCAAB\&quot;&quot;)">self = &lt;tests.test_dashboard_playwright.TestSportsSelection object at 0x7fcafa568e00&gt;
page = &lt;Page url='http://localhost:8501/'&gt;, sport = 'WNCAAB'

    @pytest.mark.parametrize("sport", SPORTS)
    def test_sport_has_data_or_error(self, page: Page, sport):
        """Test that each sport either loads data or shows appropriate error."""
        # Select sport from sidebar dropdown
        sidebar_select = (
            page.locator('[data-testid="stSidebar"]')
            .locator('[data-testid="stSelectbox"]')
            .first
        )
        sidebar_select.click()
        time.sleep(1)
        page.locator('[data-testid="stVirtualDropdown"]').locator(
            f'text="{sport}"'
&gt;       ).click()
          ^^^^^^^

tests/test_dashboard_playwright.py:117:
_ _ _ _ _ _ _ _ _ _ _ _ _ _ _ _ _ _ _ _ _ _ _ _ _ _ _ _ _ _ _ _ _ _ _ _ _ _ _ _
/home/matthew/anaconda3/lib/python3.12/site-packages/playwright/sync_api/_generated.py:15450: in click
    self._sync(
/home/matthew/anaconda3/lib/python3.12/site-packages/playwright/_impl/_locator.py:156: in click
    return await self._frame.click(self._selector, strict=True, **params)
           ^^^^^^^^^^^^^^^^^^^^^^^^^^^^^^^^^^^^^^^^^^^^^^^^^^^^^^^^^^^^^^
/home/matthew/anaconda3/lib/python3.12/site-packages/playwright/_impl/_frame.py:488: in click
    await self._channel.send("click", locals_to_params(locals()))
/home/matthew/anaconda3/lib/python3.12/site-packages/playwright/_impl/_connection.py:61: in send
    return await self._connection.wrap_api_call(
_ _ _ _ _ _ _ _ _ _ _ _ _ _ _ _ _ _ _ _ _ _ _ _ _ _ _ _ _ _ _ _ _ _ _ _ _ _ _ _

self = &lt;playwright._impl._connection.Connection object at 0x7fcb033996a0&gt;
cb = &lt;function Channel.send.&lt;locals&gt;.&lt;lambda&gt; at 0x7fcaf8295080&gt;
is_internal = False

    async def wrap_api_call(
        self, cb: Callable[[], Any], is_internal: bool = False
    ) -&gt; Any:
        if self._api_zone.get():
            return await cb()
        task = asyncio.current_task(self._loop)
        st: List[inspect.FrameInfo] = getattr(task, "__pw_stack__", inspect.stack())
        parsed_st = _extract_stack_trace_information_from_stack(st, is_internal)
        self._api_zone.set(parsed_st)
        try:
            return await cb()
        except Exception as error:
&gt;           raise rewrite_error(error, f"{parsed_st['apiName']}: {error}") from None
E           playwright._impl._errors.TimeoutError: Locator.click: Timeout 30000ms exceeded.
E           Call log:
E             - waiting for locator("[data-testid=\"stVirtualDropdown\"]").locator("text=\"WNCAAB\"")

/home/matthew/anaconda3/lib/python3.12/site-packages/playwright/_impl/_connection.py:528: TimeoutError</failure></testcase><testcase classname="tests.test_dashboard_playwright.TestSportsSelection" name="test_sport_has_data_or_error[Ligue1]" time="38.681"><failure message="playwright._impl._errors.TimeoutError: Locator.click: Timeout 30000ms exceeded.&#10;Call log:&#10;  - waiting for locator(&quot;[data-testid=\&quot;stVirtualDropdown\&quot;]&quot;).locator(&quot;text=\&quot;Ligue1\&quot;&quot;)">self = &lt;tests.test_dashboard_playwright.TestSportsSelection object at 0x7fcafa568ec0&gt;
page = &lt;Page url='http://localhost:8501/'&gt;, sport = 'Ligue1'

    @pytest.mark.parametrize("sport", SPORTS)
    def test_sport_has_data_or_error(self, page: Page, sport):
        """Test that each sport either loads data or shows appropriate error."""
        # Select sport from sidebar dropdown
        sidebar_select = (
            page.locator('[data-testid="stSidebar"]')
            .locator('[data-testid="stSelectbox"]')
            .first
        )
        sidebar_select.click()
        time.sleep(1)
        page.locator('[data-testid="stVirtualDropdown"]').locator(
            f'text="{sport}"'
&gt;       ).click()
          ^^^^^^^

tests/test_dashboard_playwright.py:117:
_ _ _ _ _ _ _ _ _ _ _ _ _ _ _ _ _ _ _ _ _ _ _ _ _ _ _ _ _ _ _ _ _ _ _ _ _ _ _ _
/home/matthew/anaconda3/lib/python3.12/site-packages/playwright/sync_api/_generated.py:15450: in click
    self._sync(
/home/matthew/anaconda3/lib/python3.12/site-packages/playwright/_impl/_locator.py:156: in click
    return await self._frame.click(self._selector, strict=True, **params)
           ^^^^^^^^^^^^^^^^^^^^^^^^^^^^^^^^^^^^^^^^^^^^^^^^^^^^^^^^^^^^^^
/home/matthew/anaconda3/lib/python3.12/site-packages/playwright/_impl/_frame.py:488: in click
    await self._channel.send("click", locals_to_params(locals()))
/home/matthew/anaconda3/lib/python3.12/site-packages/playwright/_impl/_connection.py:61: in send
    return await self._connection.wrap_api_call(
_ _ _ _ _ _ _ _ _ _ _ _ _ _ _ _ _ _ _ _ _ _ _ _ _ _ _ _ _ _ _ _ _ _ _ _ _ _ _ _

self = &lt;playwright._impl._connection.Connection object at 0x7fcb033996a0&gt;
cb = &lt;function Channel.send.&lt;locals&gt;.&lt;lambda&gt; at 0x7fcaf83ea980&gt;
is_internal = False

    async def wrap_api_call(
        self, cb: Callable[[], Any], is_internal: bool = False
    ) -&gt; Any:
        if self._api_zone.get():
            return await cb()
        task = asyncio.current_task(self._loop)
        st: List[inspect.FrameInfo] = getattr(task, "__pw_stack__", inspect.stack())
        parsed_st = _extract_stack_trace_information_from_stack(st, is_internal)
        self._api_zone.set(parsed_st)
        try:
            return await cb()
        except Exception as error:
&gt;           raise rewrite_error(error, f"{parsed_st['apiName']}: {error}") from None
E           playwright._impl._errors.TimeoutError: Locator.click: Timeout 30000ms exceeded.
E           Call log:
E             - waiting for locator("[data-testid=\"stVirtualDropdown\"]").locator("text=\"Ligue1\"")

/home/matthew/anaconda3/lib/python3.12/site-packages/playwright/_impl/_connection.py:528: TimeoutError</failure></testcase><testcase classname="tests.test_dashboard_playwright.TestEloAnalysisTabs" name="test_tab_content[Lift Chart-Lift by Elo Probability Decile]" time="42.719"><failure message="playwright._impl._errors.TimeoutError: Locator.click: Timeout 30000ms exceeded.&#10;Call log:&#10;  - waiting for locator(&quot;text=\&quot;Lift Chart\&quot;&quot;)">self = &lt;tests.test_dashboard_playwright.TestEloAnalysisTabs object at 0x7fcafa5176b0&gt;
page = &lt;Page url='http://localhost:8501/'&gt;, tab_name = 'Lift Chart'
expected_content = 'Lift by Elo Probability Decile'

    @pytest.mark.parametrize("tab_name,expected_content", TABS)
    def test_tab_content(self, page: Page, tab_name, expected_content):
        """Test that each tab displays expected content."""
        # Select a sport with data (NHL default should work)
        # NHL is already selected, just wait for it to load
        time.sleep(5)

        # Click on tab
&gt;       page.locator(f'text="{tab_name}"').click()

tests/test_dashboard_playwright.py:156:
_ _ _ _ _ _ _ _ _ _ _ _ _ _ _ _ _ _ _ _ _ _ _ _ _ _ _ _ _ _ _ _ _ _ _ _ _ _ _ _
/home/matthew/anaconda3/lib/python3.12/site-packages/playwright/sync_api/_generated.py:15450: in click
    self._sync(
/home/matthew/anaconda3/lib/python3.12/site-packages/playwright/_impl/_locator.py:156: in click
    return await self._frame.click(self._selector, strict=True, **params)
           ^^^^^^^^^^^^^^^^^^^^^^^^^^^^^^^^^^^^^^^^^^^^^^^^^^^^^^^^^^^^^^
/home/matthew/anaconda3/lib/python3.12/site-packages/playwright/_impl/_frame.py:488: in click
    await self._channel.send("click", locals_to_params(locals()))
/home/matthew/anaconda3/lib/python3.12/site-packages/playwright/_impl/_connection.py:61: in send
    return await self._connection.wrap_api_call(
_ _ _ _ _ _ _ _ _ _ _ _ _ _ _ _ _ _ _ _ _ _ _ _ _ _ _ _ _ _ _ _ _ _ _ _ _ _ _ _

self = &lt;playwright._impl._connection.Connection object at 0x7fcb033996a0&gt;
cb = &lt;function Channel.send.&lt;locals&gt;.&lt;lambda&gt; at 0x7fcaf83e9d00&gt;
is_internal = False

    async def wrap_api_call(
        self, cb: Callable[[], Any], is_internal: bool = False
    ) -&gt; Any:
        if self._api_zone.get():
            return await cb()
        task = asyncio.current_task(self._loop)
        st: List[inspect.FrameInfo] = getattr(task, "__pw_stack__", inspect.stack())
        parsed_st = _extract_stack_trace_information_from_stack(st, is_internal)
        self._api_zone.set(parsed_st)
        try:
            return await cb()
        except Exception as error:
&gt;           raise rewrite_error(error, f"{parsed_st['apiName']}: {error}") from None
E           playwright._impl._errors.TimeoutError: Locator.click: Timeout 30000ms exceeded.
E           Call log:
E             - waiting for locator("text=\"Lift Chart\"")

/home/matthew/anaconda3/lib/python3.12/site-packages/playwright/_impl/_connection.py:528: TimeoutError</failure></testcase><testcase classname="tests.test_dashboard_playwright.TestEloAnalysisTabs" name="test_tab_content[Calibration-Calibration Plot]" time="42.263"><failure message="playwright._impl._errors.TimeoutError: Locator.click: Timeout 30000ms exceeded.&#10;Call log:&#10;  - waiting for locator(&quot;text=\&quot;Calibration\&quot;&quot;)">self = &lt;tests.test_dashboard_playwright.TestEloAnalysisTabs object at 0x7fcafa542d20&gt;
page = &lt;Page url='http://localhost:8501/'&gt;, tab_name = 'Calibration'
expected_content = 'Calibration Plot'

    @pytest.mark.parametrize("tab_name,expected_content", TABS)
    def test_tab_content(self, page: Page, tab_name, expected_content):
        """Test that each tab displays expected content."""
        # Select a sport with data (NHL default should work)
        # NHL is already selected, just wait for it to load
        time.sleep(5)

        # Click on tab
&gt;       page.locator(f'text="{tab_name}"').click()

tests/test_dashboard_playwright.py:156:
_ _ _ _ _ _ _ _ _ _ _ _ _ _ _ _ _ _ _ _ _ _ _ _ _ _ _ _ _ _ _ _ _ _ _ _ _ _ _ _
/home/matthew/anaconda3/lib/python3.12/site-packages/playwright/sync_api/_generated.py:15450: in click
    self._sync(
/home/matthew/anaconda3/lib/python3.12/site-packages/playwright/_impl/_locator.py:156: in click
    return await self._frame.click(self._selector, strict=True, **params)
           ^^^^^^^^^^^^^^^^^^^^^^^^^^^^^^^^^^^^^^^^^^^^^^^^^^^^^^^^^^^^^^
/home/matthew/anaconda3/lib/python3.12/site-packages/playwright/_impl/_frame.py:488: in click
    await self._channel.send("click", locals_to_params(locals()))
/home/matthew/anaconda3/lib/python3.12/site-packages/playwright/_impl/_connection.py:61: in send
    return await self._connection.wrap_api_call(
_ _ _ _ _ _ _ _ _ _ _ _ _ _ _ _ _ _ _ _ _ _ _ _ _ _ _ _ _ _ _ _ _ _ _ _ _ _ _ _

self = &lt;playwright._impl._connection.Connection object at 0x7fcb033996a0&gt;
cb = &lt;function Channel.send.&lt;locals&gt;.&lt;lambda&gt; at 0x7fcaf82a34c0&gt;
is_internal = False

    async def wrap_api_call(
        self, cb: Callable[[], Any], is_internal: bool = False
    ) -&gt; Any:
        if self._api_zone.get():
            return await cb()
        task = asyncio.current_task(self._loop)
        st: List[inspect.FrameInfo] = getattr(task, "__pw_stack__", inspect.stack())
        parsed_st = _extract_stack_trace_information_from_stack(st, is_internal)
        self._api_zone.set(parsed_st)
        try:
            return await cb()
        except Exception as error:
&gt;           raise rewrite_error(error, f"{parsed_st['apiName']}: {error}") from None
E           playwright._impl._errors.TimeoutError: Locator.click: Timeout 30000ms exceeded.
E           Call log:
E             - waiting for locator("text=\"Calibration\"")

/home/matthew/anaconda3/lib/python3.12/site-packages/playwright/_impl/_connection.py:528: TimeoutError</failure></testcase><testcase classname="tests.test_dashboard_playwright.TestEloAnalysisTabs" name="test_tab_content[ROI Analysis-ROI by Decile]" time="0.620"><error message="failed on setup with &quot;playwright._impl._errors.Error: Page.goto: net::ERR_CONNECTION_REFUSED at http://localhost:8501/&#10;Call log:&#10;  - navigating to &quot;http://localhost:8501/&quot;, waiting until &quot;load&quot;&quot;">dashboard_url = 'http://localhost:8501'
playwright = &lt;playwright._impl._playwright.Playwright object at 0x7fcaf8ccea50&gt;

    @pytest.fixture(scope="function")
    def page(dashboard_url, playwright):
        """Create a new page for each test."""
        browser = playwright.chromium.launch(headless=True)
        context = browser.new_context()
        page = context.new_page()
&gt;       page.goto(dashboard_url)

tests/test_dashboard_playwright.py:34:
_ _ _ _ _ _ _ _ _ _ _ _ _ _ _ _ _ _ _ _ _ _ _ _ _ _ _ _ _ _ _ _ _ _ _ _ _ _ _ _
/home/matthew/anaconda3/lib/python3.12/site-packages/playwright/sync_api/_generated.py:9006: in goto
    self._sync(
/home/matthew/anaconda3/lib/python3.12/site-packages/playwright/_impl/_page.py:551: in goto
    return await self._main_frame.goto(**locals_to_params(locals()))
           ^^^^^^^^^^^^^^^^^^^^^^^^^^^^^^^^^^^^^^^^^^^^^^^^^^^^^^^^^
/home/matthew/anaconda3/lib/python3.12/site-packages/playwright/_impl/_frame.py:145: in goto
    await self._channel.send("goto", locals_to_params(locals()))
/home/matthew/anaconda3/lib/python3.12/site-packages/playwright/_impl/_connection.py:61: in send
    return await self._connection.wrap_api_call(
_ _ _ _ _ _ _ _ _ _ _ _ _ _ _ _ _ _ _ _ _ _ _ _ _ _ _ _ _ _ _ _ _ _ _ _ _ _ _ _

self = &lt;playwright._impl._connection.Connection object at 0x7fcb033996a0&gt;
cb = &lt;function Channel.send.&lt;locals&gt;.&lt;lambda&gt; at 0x7fcaf82af2e0&gt;
is_internal = False

    async def wrap_api_call(
        self, cb: Callable[[], Any], is_internal: bool = False
    ) -&gt; Any:
        if self._api_zone.get():
            return await cb()
        task = asyncio.current_task(self._loop)
        st: List[inspect.FrameInfo] = getattr(task, "__pw_stack__", inspect.stack())
        parsed_st = _extract_stack_trace_information_from_stack(st, is_internal)
        self._api_zone.set(parsed_st)
        try:
            return await cb()
        except Exception as error:
&gt;           raise rewrite_error(error, f"{parsed_st['apiName']}: {error}") from None
E           playwright._impl._errors.Error: Page.goto: net::ERR_CONNECTION_REFUSED at http://localhost:8501/
E           Call log:
E             - navigating to "http://localhost:8501/", waiting until "load"

/home/matthew/anaconda3/lib/python3.12/site-packages/playwright/_impl/_connection.py:528: Error</error></testcase><testcase classname="tests.test_dashboard_playwright.TestEloAnalysisTabs" name="test_tab_content[Cumulative Gain-Cumulative Gain]" time="0.493"><error message="failed on setup with &quot;playwright._impl._errors.Error: Page.goto: net::ERR_CONNECTION_REFUSED at http://localhost:8501/&#10;Call log:&#10;  - navigating to &quot;http://localhost:8501/&quot;, waiting until &quot;load&quot;&quot;">dashboard_url = 'http://localhost:8501'
playwright = &lt;playwright._impl._playwright.Playwright object at 0x7fcaf8ccea50&gt;

    @pytest.fixture(scope="function")
    def page(dashboard_url, playwright):
        """Create a new page for each test."""
        browser = playwright.chromium.launch(headless=True)
        context = browser.new_context()
        page = context.new_page()
&gt;       page.goto(dashboard_url)

tests/test_dashboard_playwright.py:34:
_ _ _ _ _ _ _ _ _ _ _ _ _ _ _ _ _ _ _ _ _ _ _ _ _ _ _ _ _ _ _ _ _ _ _ _ _ _ _ _
/home/matthew/anaconda3/lib/python3.12/site-packages/playwright/sync_api/_generated.py:9006: in goto
    self._sync(
/home/matthew/anaconda3/lib/python3.12/site-packages/playwright/_impl/_page.py:551: in goto
    return await self._main_frame.goto(**locals_to_params(locals()))
           ^^^^^^^^^^^^^^^^^^^^^^^^^^^^^^^^^^^^^^^^^^^^^^^^^^^^^^^^^
/home/matthew/anaconda3/lib/python3.12/site-packages/playwright/_impl/_frame.py:145: in goto
    await self._channel.send("goto", locals_to_params(locals()))
/home/matthew/anaconda3/lib/python3.12/site-packages/playwright/_impl/_connection.py:61: in send
    return await self._connection.wrap_api_call(
_ _ _ _ _ _ _ _ _ _ _ _ _ _ _ _ _ _ _ _ _ _ _ _ _ _ _ _ _ _ _ _ _ _ _ _ _ _ _ _

self = &lt;playwright._impl._connection.Connection object at 0x7fcb033996a0&gt;
cb = &lt;function Channel.send.&lt;locals&gt;.&lt;lambda&gt; at 0x7fcaf82bbd80&gt;
is_internal = False

    async def wrap_api_call(
        self, cb: Callable[[], Any], is_internal: bool = False
    ) -&gt; Any:
        if self._api_zone.get():
            return await cb()
        task = asyncio.current_task(self._loop)
        st: List[inspect.FrameInfo] = getattr(task, "__pw_stack__", inspect.stack())
        parsed_st = _extract_stack_trace_information_from_stack(st, is_internal)
        self._api_zone.set(parsed_st)
        try:
            return await cb()
        except Exception as error:
&gt;           raise rewrite_error(error, f"{parsed_st['apiName']}: {error}") from None
E           playwright._impl._errors.Error: Page.goto: net::ERR_CONNECTION_REFUSED at http://localhost:8501/
E           Call log:
E             - navigating to "http://localhost:8501/", waiting until "load"

/home/matthew/anaconda3/lib/python3.12/site-packages/playwright/_impl/_connection.py:528: Error</error></testcase><testcase classname="tests.test_dashboard_playwright.TestEloAnalysisTabs" name="test_tab_content[Elo vs Glicko-2-Elo vs Glicko-2]" time="0.463"><error message="failed on setup with &quot;playwright._impl._errors.Error: Page.goto: net::ERR_CONNECTION_REFUSED at http://localhost:8501/&#10;Call log:&#10;  - navigating to &quot;http://localhost:8501/&quot;, waiting until &quot;load&quot;&quot;">dashboard_url = 'http://localhost:8501'
playwright = &lt;playwright._impl._playwright.Playwright object at 0x7fcaf8ccea50&gt;

    @pytest.fixture(scope="function")
    def page(dashboard_url, playwright):
        """Create a new page for each test."""
        browser = playwright.chromium.launch(headless=True)
        context = browser.new_context()
        page = context.new_page()
&gt;       page.goto(dashboard_url)

tests/test_dashboard_playwright.py:34:
_ _ _ _ _ _ _ _ _ _ _ _ _ _ _ _ _ _ _ _ _ _ _ _ _ _ _ _ _ _ _ _ _ _ _ _ _ _ _ _
/home/matthew/anaconda3/lib/python3.12/site-packages/playwright/sync_api/_generated.py:9006: in goto
    self._sync(
/home/matthew/anaconda3/lib/python3.12/site-packages/playwright/_impl/_page.py:551: in goto
    return await self._main_frame.goto(**locals_to_params(locals()))
           ^^^^^^^^^^^^^^^^^^^^^^^^^^^^^^^^^^^^^^^^^^^^^^^^^^^^^^^^^
/home/matthew/anaconda3/lib/python3.12/site-packages/playwright/_impl/_frame.py:145: in goto
    await self._channel.send("goto", locals_to_params(locals()))
/home/matthew/anaconda3/lib/python3.12/site-packages/playwright/_impl/_connection.py:61: in send
    return await self._connection.wrap_api_call(
_ _ _ _ _ _ _ _ _ _ _ _ _ _ _ _ _ _ _ _ _ _ _ _ _ _ _ _ _ _ _ _ _ _ _ _ _ _ _ _

self = &lt;playwright._impl._connection.Connection object at 0x7fcb033996a0&gt;
cb = &lt;function Channel.send.&lt;locals&gt;.&lt;lambda&gt; at 0x7fcaf82afd80&gt;
is_internal = False

    async def wrap_api_call(
        self, cb: Callable[[], Any], is_internal: bool = False
    ) -&gt; Any:
        if self._api_zone.get():
            return await cb()
        task = asyncio.current_task(self._loop)
        st: List[inspect.FrameInfo] = getattr(task, "__pw_stack__", inspect.stack())
        parsed_st = _extract_stack_trace_information_from_stack(st, is_internal)
        self._api_zone.set(parsed_st)
        try:
            return await cb()
        except Exception as error:
&gt;           raise rewrite_error(error, f"{parsed_st['apiName']}: {error}") from None
E           playwright._impl._errors.Error: Page.goto: net::ERR_CONNECTION_REFUSED at http://localhost:8501/
E           Call log:
E             - navigating to "http://localhost:8501/", waiting until "load"

/home/matthew/anaconda3/lib/python3.12/site-packages/playwright/_impl/_connection.py:528: Error</error></testcase><testcase classname="tests.test_dashboard_playwright.TestEloAnalysisTabs" name="test_tab_content[Details-Game Details]" time="0.424"><error message="failed on setup with &quot;playwright._impl._errors.Error: Page.goto: net::ERR_CONNECTION_REFUSED at http://localhost:8501/&#10;Call log:&#10;  - navigating to &quot;http://localhost:8501/&quot;, waiting until &quot;load&quot;&quot;">dashboard_url = 'http://localhost:8501'
playwright = &lt;playwright._impl._playwright.Playwright object at 0x7fcaf8ccea50&gt;

    @pytest.fixture(scope="function")
    def page(dashboard_url, playwright):
        """Create a new page for each test."""
        browser = playwright.chromium.launch(headless=True)
        context = browser.new_context()
        page = context.new_page()
&gt;       page.goto(dashboard_url)

tests/test_dashboard_playwright.py:34:
_ _ _ _ _ _ _ _ _ _ _ _ _ _ _ _ _ _ _ _ _ _ _ _ _ _ _ _ _ _ _ _ _ _ _ _ _ _ _ _
/home/matthew/anaconda3/lib/python3.12/site-packages/playwright/sync_api/_generated.py:9006: in goto
    self._sync(
/home/matthew/anaconda3/lib/python3.12/site-packages/playwright/_impl/_page.py:551: in goto
    return await self._main_frame.goto(**locals_to_params(locals()))
           ^^^^^^^^^^^^^^^^^^^^^^^^^^^^^^^^^^^^^^^^^^^^^^^^^^^^^^^^^
/home/matthew/anaconda3/lib/python3.12/site-packages/playwright/_impl/_frame.py:145: in goto
    await self._channel.send("goto", locals_to_params(locals()))
/home/matthew/anaconda3/lib/python3.12/site-packages/playwright/_impl/_connection.py:61: in send
    return await self._connection.wrap_api_call(
_ _ _ _ _ _ _ _ _ _ _ _ _ _ _ _ _ _ _ _ _ _ _ _ _ _ _ _ _ _ _ _ _ _ _ _ _ _ _ _

self = &lt;playwright._impl._connection.Connection object at 0x7fcb033996a0&gt;
cb = &lt;function Channel.send.&lt;locals&gt;.&lt;lambda&gt; at 0x7fcaf82a5c60&gt;
is_internal = False

    async def wrap_api_call(
        self, cb: Callable[[], Any], is_internal: bool = False
    ) -&gt; Any:
        if self._api_zone.get():
            return await cb()
        task = asyncio.current_task(self._loop)
        st: List[inspect.FrameInfo] = getattr(task, "__pw_stack__", inspect.stack())
        parsed_st = _extract_stack_trace_information_from_stack(st, is_internal)
        self._api_zone.set(parsed_st)
        try:
            return await cb()
        except Exception as error:
&gt;           raise rewrite_error(error, f"{parsed_st['apiName']}: {error}") from None
E           playwright._impl._errors.Error: Page.goto: net::ERR_CONNECTION_REFUSED at http://localhost:8501/
E           Call log:
E             - navigating to "http://localhost:8501/", waiting until "load"

/home/matthew/anaconda3/lib/python3.12/site-packages/playwright/_impl/_connection.py:528: Error</error></testcase><testcase classname="tests.test_dashboard_playwright.TestEloAnalysisTabs" name="test_tab_content[Season Timing-Season Analysis]" time="0.533"><error message="failed on setup with &quot;playwright._impl._errors.Error: Page.goto: net::ERR_CONNECTION_REFUSED at http://localhost:8501/&#10;Call log:&#10;  - navigating to &quot;http://localhost:8501/&quot;, waiting until &quot;load&quot;&quot;">dashboard_url = 'http://localhost:8501'
playwright = &lt;playwright._impl._playwright.Playwright object at 0x7fcaf8ccea50&gt;

    @pytest.fixture(scope="function")
    def page(dashboard_url, playwright):
        """Create a new page for each test."""
        browser = playwright.chromium.launch(headless=True)
        context = browser.new_context()
        page = context.new_page()
&gt;       page.goto(dashboard_url)

tests/test_dashboard_playwright.py:34:
_ _ _ _ _ _ _ _ _ _ _ _ _ _ _ _ _ _ _ _ _ _ _ _ _ _ _ _ _ _ _ _ _ _ _ _ _ _ _ _
/home/matthew/anaconda3/lib/python3.12/site-packages/playwright/sync_api/_generated.py:9006: in goto
    self._sync(
/home/matthew/anaconda3/lib/python3.12/site-packages/playwright/_impl/_page.py:551: in goto
    return await self._main_frame.goto(**locals_to_params(locals()))
           ^^^^^^^^^^^^^^^^^^^^^^^^^^^^^^^^^^^^^^^^^^^^^^^^^^^^^^^^^
/home/matthew/anaconda3/lib/python3.12/site-packages/playwright/_impl/_frame.py:145: in goto
    await self._channel.send("goto", locals_to_params(locals()))
/home/matthew/anaconda3/lib/python3.12/site-packages/playwright/_impl/_connection.py:61: in send
    return await self._connection.wrap_api_call(
_ _ _ _ _ _ _ _ _ _ _ _ _ _ _ _ _ _ _ _ _ _ _ _ _ _ _ _ _ _ _ _ _ _ _ _ _ _ _ _

self = &lt;playwright._impl._connection.Connection object at 0x7fcb033996a0&gt;
cb = &lt;function Channel.send.&lt;locals&gt;.&lt;lambda&gt; at 0x7fcaf82a4720&gt;
is_internal = False

    async def wrap_api_call(
        self, cb: Callable[[], Any], is_internal: bool = False
    ) -&gt; Any:
        if self._api_zone.get():
            return await cb()
        task = asyncio.current_task(self._loop)
        st: List[inspect.FrameInfo] = getattr(task, "__pw_stack__", inspect.stack())
        parsed_st = _extract_stack_trace_information_from_stack(st, is_internal)
        self._api_zone.set(parsed_st)
        try:
            return await cb()
        except Exception as error:
&gt;           raise rewrite_error(error, f"{parsed_st['apiName']}: {error}") from None
E           playwright._impl._errors.Error: Page.goto: net::ERR_CONNECTION_REFUSED at http://localhost:8501/
E           Call log:
E             - navigating to "http://localhost:8501/", waiting until "load"

/home/matthew/anaconda3/lib/python3.12/site-packages/playwright/_impl/_connection.py:528: Error</error></testcase><testcase classname="tests.test_dashboard_playwright.TestLiftChartDetails" name="test_lift_chart_has_visualization_nhl" time="0.502"><error message="failed on setup with &quot;playwright._impl._errors.Error: Page.goto: net::ERR_CONNECTION_REFUSED at http://localhost:8501/&#10;Call log:&#10;  - navigating to &quot;http://localhost:8501/&quot;, waiting until &quot;load&quot;&quot;">dashboard_url = 'http://localhost:8501'
playwright = &lt;playwright._impl._playwright.Playwright object at 0x7fcaf8ccea50&gt;

    @pytest.fixture(scope="function")
    def page(dashboard_url, playwright):
        """Create a new page for each test."""
        browser = playwright.chromium.launch(headless=True)
        context = browser.new_context()
        page = context.new_page()
&gt;       page.goto(dashboard_url)

tests/test_dashboard_playwright.py:34:
_ _ _ _ _ _ _ _ _ _ _ _ _ _ _ _ _ _ _ _ _ _ _ _ _ _ _ _ _ _ _ _ _ _ _ _ _ _ _ _
/home/matthew/anaconda3/lib/python3.12/site-packages/playwright/sync_api/_generated.py:9006: in goto
    self._sync(
/home/matthew/anaconda3/lib/python3.12/site-packages/playwright/_impl/_page.py:551: in goto
    return await self._main_frame.goto(**locals_to_params(locals()))
           ^^^^^^^^^^^^^^^^^^^^^^^^^^^^^^^^^^^^^^^^^^^^^^^^^^^^^^^^^
/home/matthew/anaconda3/lib/python3.12/site-packages/playwright/_impl/_frame.py:145: in goto
    await self._channel.send("goto", locals_to_params(locals()))
/home/matthew/anaconda3/lib/python3.12/site-packages/playwright/_impl/_connection.py:61: in send
    return await self._connection.wrap_api_call(
_ _ _ _ _ _ _ _ _ _ _ _ _ _ _ _ _ _ _ _ _ _ _ _ _ _ _ _ _ _ _ _ _ _ _ _ _ _ _ _

self = &lt;playwright._impl._connection.Connection object at 0x7fcb033996a0&gt;
cb = &lt;function Channel.send.&lt;locals&gt;.&lt;lambda&gt; at 0x7fcaf82a47c0&gt;
is_internal = False

    async def wrap_api_call(
        self, cb: Callable[[], Any], is_internal: bool = False
    ) -&gt; Any:
        if self._api_zone.get():
            return await cb()
        task = asyncio.current_task(self._loop)
        st: List[inspect.FrameInfo] = getattr(task, "__pw_stack__", inspect.stack())
        parsed_st = _extract_stack_trace_information_from_stack(st, is_internal)
        self._api_zone.set(parsed_st)
        try:
            return await cb()
        except Exception as error:
&gt;           raise rewrite_error(error, f"{parsed_st['apiName']}: {error}") from None
E           playwright._impl._errors.Error: Page.goto: net::ERR_CONNECTION_REFUSED at http://localhost:8501/
E           Call log:
E             - navigating to "http://localhost:8501/", waiting until "load"

/home/matthew/anaconda3/lib/python3.12/site-packages/playwright/_impl/_connection.py:528: Error</error></testcase><testcase classname="tests.test_dashboard_playwright.TestLiftChartDetails" name="test_lift_chart_wncaab" time="0.448"><error message="failed on setup with &quot;playwright._impl._errors.Error: Page.goto: net::ERR_CONNECTION_REFUSED at http://localhost:8501/&#10;Call log:&#10;  - navigating to &quot;http://localhost:8501/&quot;, waiting until &quot;load&quot;&quot;">dashboard_url = 'http://localhost:8501'
playwright = &lt;playwright._impl._playwright.Playwright object at 0x7fcaf8ccea50&gt;

    @pytest.fixture(scope="function")
    def page(dashboard_url, playwright):
        """Create a new page for each test."""
        browser = playwright.chromium.launch(headless=True)
        context = browser.new_context()
        page = context.new_page()
&gt;       page.goto(dashboard_url)

tests/test_dashboard_playwright.py:34:
_ _ _ _ _ _ _ _ _ _ _ _ _ _ _ _ _ _ _ _ _ _ _ _ _ _ _ _ _ _ _ _ _ _ _ _ _ _ _ _
/home/matthew/anaconda3/lib/python3.12/site-packages/playwright/sync_api/_generated.py:9006: in goto
    self._sync(
/home/matthew/anaconda3/lib/python3.12/site-packages/playwright/_impl/_page.py:551: in goto
    return await self._main_frame.goto(**locals_to_params(locals()))
           ^^^^^^^^^^^^^^^^^^^^^^^^^^^^^^^^^^^^^^^^^^^^^^^^^^^^^^^^^
/home/matthew/anaconda3/lib/python3.12/site-packages/playwright/_impl/_frame.py:145: in goto
    await self._channel.send("goto", locals_to_params(locals()))
/home/matthew/anaconda3/lib/python3.12/site-packages/playwright/_impl/_connection.py:61: in send
    return await self._connection.wrap_api_call(
_ _ _ _ _ _ _ _ _ _ _ _ _ _ _ _ _ _ _ _ _ _ _ _ _ _ _ _ _ _ _ _ _ _ _ _ _ _ _ _

self = &lt;playwright._impl._connection.Connection object at 0x7fcb033996a0&gt;
cb = &lt;function Channel.send.&lt;locals&gt;.&lt;lambda&gt; at 0x7fcaf82cac00&gt;
is_internal = False

    async def wrap_api_call(
        self, cb: Callable[[], Any], is_internal: bool = False
    ) -&gt; Any:
        if self._api_zone.get():
            return await cb()
        task = asyncio.current_task(self._loop)
        st: List[inspect.FrameInfo] = getattr(task, "__pw_stack__", inspect.stack())
        parsed_st = _extract_stack_trace_information_from_stack(st, is_internal)
        self._api_zone.set(parsed_st)
        try:
            return await cb()
        except Exception as error:
&gt;           raise rewrite_error(error, f"{parsed_st['apiName']}: {error}") from None
E           playwright._impl._errors.Error: Page.goto: net::ERR_CONNECTION_REFUSED at http://localhost:8501/
E           Call log:
E             - navigating to "http://localhost:8501/", waiting until "load"

/home/matthew/anaconda3/lib/python3.12/site-packages/playwright/_impl/_connection.py:528: Error</error></testcase><testcase classname="tests.test_dashboard_playwright.TestCalibrationPlot" name="test_calibration_plot_exists_nhl" time="0.428"><error message="failed on setup with &quot;playwright._impl._errors.Error: Page.goto: net::ERR_CONNECTION_REFUSED at http://localhost:8501/&#10;Call log:&#10;  - navigating to &quot;http://localhost:8501/&quot;, waiting until &quot;load&quot;&quot;">dashboard_url = 'http://localhost:8501'
playwright = &lt;playwright._impl._playwright.Playwright object at 0x7fcaf8ccea50&gt;

    @pytest.fixture(scope="function")
    def page(dashboard_url, playwright):
        """Create a new page for each test."""
        browser = playwright.chromium.launch(headless=True)
        context = browser.new_context()
        page = context.new_page()
&gt;       page.goto(dashboard_url)

tests/test_dashboard_playwright.py:34:
_ _ _ _ _ _ _ _ _ _ _ _ _ _ _ _ _ _ _ _ _ _ _ _ _ _ _ _ _ _ _ _ _ _ _ _ _ _ _ _
/home/matthew/anaconda3/lib/python3.12/site-packages/playwright/sync_api/_generated.py:9006: in goto
    self._sync(
/home/matthew/anaconda3/lib/python3.12/site-packages/playwright/_impl/_page.py:551: in goto
    return await self._main_frame.goto(**locals_to_params(locals()))
           ^^^^^^^^^^^^^^^^^^^^^^^^^^^^^^^^^^^^^^^^^^^^^^^^^^^^^^^^^
/home/matthew/anaconda3/lib/python3.12/site-packages/playwright/_impl/_frame.py:145: in goto
    await self._channel.send("goto", locals_to_params(locals()))
/home/matthew/anaconda3/lib/python3.12/site-packages/playwright/_impl/_connection.py:61: in send
    return await self._connection.wrap_api_call(
_ _ _ _ _ _ _ _ _ _ _ _ _ _ _ _ _ _ _ _ _ _ _ _ _ _ _ _ _ _ _ _ _ _ _ _ _ _ _ _

self = &lt;playwright._impl._connection.Connection object at 0x7fcb033996a0&gt;
cb = &lt;function Channel.send.&lt;locals&gt;.&lt;lambda&gt; at 0x7fcaf82a2980&gt;
is_internal = False

    async def wrap_api_call(
        self, cb: Callable[[], Any], is_internal: bool = False
    ) -&gt; Any:
        if self._api_zone.get():
            return await cb()
        task = asyncio.current_task(self._loop)
        st: List[inspect.FrameInfo] = getattr(task, "__pw_stack__", inspect.stack())
        parsed_st = _extract_stack_trace_information_from_stack(st, is_internal)
        self._api_zone.set(parsed_st)
        try:
            return await cb()
        except Exception as error:
&gt;           raise rewrite_error(error, f"{parsed_st['apiName']}: {error}") from None
E           playwright._impl._errors.Error: Page.goto: net::ERR_CONNECTION_REFUSED at http://localhost:8501/
E           Call log:
E             - navigating to "http://localhost:8501/", waiting until "load"

/home/matthew/anaconda3/lib/python3.12/site-packages/playwright/_impl/_connection.py:528: Error</error></testcase><testcase classname="tests.test_dashboard_playwright.TestCalibrationPlot" name="test_calibration_plot_all_sports" time="0.493"><error message="failed on setup with &quot;playwright._impl._errors.Error: Page.goto: net::ERR_CONNECTION_REFUSED at http://localhost:8501/&#10;Call log:&#10;  - navigating to &quot;http://localhost:8501/&quot;, waiting until &quot;load&quot;&quot;">dashboard_url = 'http://localhost:8501'
playwright = &lt;playwright._impl._playwright.Playwright object at 0x7fcaf8ccea50&gt;

    @pytest.fixture(scope="function")
    def page(dashboard_url, playwright):
        """Create a new page for each test."""
        browser = playwright.chromium.launch(headless=True)
        context = browser.new_context()
        page = context.new_page()
&gt;       page.goto(dashboard_url)

tests/test_dashboard_playwright.py:34:
_ _ _ _ _ _ _ _ _ _ _ _ _ _ _ _ _ _ _ _ _ _ _ _ _ _ _ _ _ _ _ _ _ _ _ _ _ _ _ _
/home/matthew/anaconda3/lib/python3.12/site-packages/playwright/sync_api/_generated.py:9006: in goto
    self._sync(
/home/matthew/anaconda3/lib/python3.12/site-packages/playwright/_impl/_page.py:551: in goto
    return await self._main_frame.goto(**locals_to_params(locals()))
           ^^^^^^^^^^^^^^^^^^^^^^^^^^^^^^^^^^^^^^^^^^^^^^^^^^^^^^^^^
/home/matthew/anaconda3/lib/python3.12/site-packages/playwright/_impl/_frame.py:145: in goto
    await self._channel.send("goto", locals_to_params(locals()))
/home/matthew/anaconda3/lib/python3.12/site-packages/playwright/_impl/_connection.py:61: in send
    return await self._connection.wrap_api_call(
_ _ _ _ _ _ _ _ _ _ _ _ _ _ _ _ _ _ _ _ _ _ _ _ _ _ _ _ _ _ _ _ _ _ _ _ _ _ _ _

self = &lt;playwright._impl._connection.Connection object at 0x7fcb033996a0&gt;
cb = &lt;function Channel.send.&lt;locals&gt;.&lt;lambda&gt; at 0x7fcaf8c68b80&gt;
is_internal = False

    async def wrap_api_call(
        self, cb: Callable[[], Any], is_internal: bool = False
    ) -&gt; Any:
        if self._api_zone.get():
            return await cb()
        task = asyncio.current_task(self._loop)
        st: List[inspect.FrameInfo] = getattr(task, "__pw_stack__", inspect.stack())
        parsed_st = _extract_stack_trace_information_from_stack(st, is_internal)
        self._api_zone.set(parsed_st)
        try:
            return await cb()
        except Exception as error:
&gt;           raise rewrite_error(error, f"{parsed_st['apiName']}: {error}") from None
E           playwright._impl._errors.Error: Page.goto: net::ERR_CONNECTION_REFUSED at http://localhost:8501/
E           Call log:
E             - navigating to "http://localhost:8501/", waiting until "load"

/home/matthew/anaconda3/lib/python3.12/site-packages/playwright/_impl/_connection.py:528: Error</error></testcase><testcase classname="tests.test_dashboard_playwright.TestROIAnalysis" name="test_roi_chart_exists" time="0.420"><error message="failed on setup with &quot;playwright._impl._errors.Error: Page.goto: net::ERR_CONNECTION_REFUSED at http://localhost:8501/&#10;Call log:&#10;  - navigating to &quot;http://localhost:8501/&quot;, waiting until &quot;load&quot;&quot;">dashboard_url = 'http://localhost:8501'
playwright = &lt;playwright._impl._playwright.Playwright object at 0x7fcaf8ccea50&gt;

    @pytest.fixture(scope="function")
    def page(dashboard_url, playwright):
        """Create a new page for each test."""
        browser = playwright.chromium.launch(headless=True)
        context = browser.new_context()
        page = context.new_page()
&gt;       page.goto(dashboard_url)

tests/test_dashboard_playwright.py:34:
_ _ _ _ _ _ _ _ _ _ _ _ _ _ _ _ _ _ _ _ _ _ _ _ _ _ _ _ _ _ _ _ _ _ _ _ _ _ _ _
/home/matthew/anaconda3/lib/python3.12/site-packages/playwright/sync_api/_generated.py:9006: in goto
    self._sync(
/home/matthew/anaconda3/lib/python3.12/site-packages/playwright/_impl/_page.py:551: in goto
    return await self._main_frame.goto(**locals_to_params(locals()))
           ^^^^^^^^^^^^^^^^^^^^^^^^^^^^^^^^^^^^^^^^^^^^^^^^^^^^^^^^^
/home/matthew/anaconda3/lib/python3.12/site-packages/playwright/_impl/_frame.py:145: in goto
    await self._channel.send("goto", locals_to_params(locals()))
/home/matthew/anaconda3/lib/python3.12/site-packages/playwright/_impl/_connection.py:61: in send
    return await self._connection.wrap_api_call(
_ _ _ _ _ _ _ _ _ _ _ _ _ _ _ _ _ _ _ _ _ _ _ _ _ _ _ _ _ _ _ _ _ _ _ _ _ _ _ _

self = &lt;playwright._impl._connection.Connection object at 0x7fcb033996a0&gt;
cb = &lt;function Channel.send.&lt;locals&gt;.&lt;lambda&gt; at 0x7fcaf8ec1bc0&gt;
is_internal = False

    async def wrap_api_call(
        self, cb: Callable[[], Any], is_internal: bool = False
    ) -&gt; Any:
        if self._api_zone.get():
            return await cb()
        task = asyncio.current_task(self._loop)
        st: List[inspect.FrameInfo] = getattr(task, "__pw_stack__", inspect.stack())
        parsed_st = _extract_stack_trace_information_from_stack(st, is_internal)
        self._api_zone.set(parsed_st)
        try:
            return await cb()
        except Exception as error:
&gt;           raise rewrite_error(error, f"{parsed_st['apiName']}: {error}") from None
E           playwright._impl._errors.Error: Page.goto: net::ERR_CONNECTION_REFUSED at http://localhost:8501/
E           Call log:
E             - navigating to "http://localhost:8501/", waiting until "load"

/home/matthew/anaconda3/lib/python3.12/site-packages/playwright/_impl/_connection.py:528: Error</error></testcase><testcase classname="tests.test_dashboard_playwright.TestCumulativeGain" name="test_cumulative_gain_chart_exists" time="0.486"><error message="failed on setup with &quot;playwright._impl._errors.Error: Page.goto: net::ERR_CONNECTION_REFUSED at http://localhost:8501/&#10;Call log:&#10;  - navigating to &quot;http://localhost:8501/&quot;, waiting until &quot;load&quot;&quot;">dashboard_url = 'http://localhost:8501'
playwright = &lt;playwright._impl._playwright.Playwright object at 0x7fcaf8ccea50&gt;

    @pytest.fixture(scope="function")
    def page(dashboard_url, playwright):
        """Create a new page for each test."""
        browser = playwright.chromium.launch(headless=True)
        context = browser.new_context()
        page = context.new_page()
&gt;       page.goto(dashboard_url)

tests/test_dashboard_playwright.py:34:
_ _ _ _ _ _ _ _ _ _ _ _ _ _ _ _ _ _ _ _ _ _ _ _ _ _ _ _ _ _ _ _ _ _ _ _ _ _ _ _
/home/matthew/anaconda3/lib/python3.12/site-packages/playwright/sync_api/_generated.py:9006: in goto
    self._sync(
/home/matthew/anaconda3/lib/python3.12/site-packages/playwright/_impl/_page.py:551: in goto
    return await self._main_frame.goto(**locals_to_params(locals()))
           ^^^^^^^^^^^^^^^^^^^^^^^^^^^^^^^^^^^^^^^^^^^^^^^^^^^^^^^^^
/home/matthew/anaconda3/lib/python3.12/site-packages/playwright/_impl/_frame.py:145: in goto
    await self._channel.send("goto", locals_to_params(locals()))
/home/matthew/anaconda3/lib/python3.12/site-packages/playwright/_impl/_connection.py:61: in send
    return await self._connection.wrap_api_call(
_ _ _ _ _ _ _ _ _ _ _ _ _ _ _ _ _ _ _ _ _ _ _ _ _ _ _ _ _ _ _ _ _ _ _ _ _ _ _ _

self = &lt;playwright._impl._connection.Connection object at 0x7fcb033996a0&gt;
cb = &lt;function Channel.send.&lt;locals&gt;.&lt;lambda&gt; at 0x7fcaf82a67a0&gt;
is_internal = False

    async def wrap_api_call(
        self, cb: Callable[[], Any], is_internal: bool = False
    ) -&gt; Any:
        if self._api_zone.get():
            return await cb()
        task = asyncio.current_task(self._loop)
        st: List[inspect.FrameInfo] = getattr(task, "__pw_stack__", inspect.stack())
        parsed_st = _extract_stack_trace_information_from_stack(st, is_internal)
        self._api_zone.set(parsed_st)
        try:
            return await cb()
        except Exception as error:
&gt;           raise rewrite_error(error, f"{parsed_st['apiName']}: {error}") from None
E           playwright._impl._errors.Error: Page.goto: net::ERR_CONNECTION_REFUSED at http://localhost:8501/
E           Call log:
E             - navigating to "http://localhost:8501/", waiting until "load"

/home/matthew/anaconda3/lib/python3.12/site-packages/playwright/_impl/_connection.py:528: Error</error></testcase><testcase classname="tests.test_dashboard_playwright.TestEloVsGlicko" name="test_comparison_metrics_exist" time="0.422"><error message="failed on setup with &quot;playwright._impl._errors.Error: Page.goto: net::ERR_CONNECTION_REFUSED at http://localhost:8501/&#10;Call log:&#10;  - navigating to &quot;http://localhost:8501/&quot;, waiting until &quot;load&quot;&quot;">dashboard_url = 'http://localhost:8501'
playwright = &lt;playwright._impl._playwright.Playwright object at 0x7fcaf8ccea50&gt;

    @pytest.fixture(scope="function")
    def page(dashboard_url, playwright):
        """Create a new page for each test."""
        browser = playwright.chromium.launch(headless=True)
        context = browser.new_context()
        page = context.new_page()
&gt;       page.goto(dashboard_url)

tests/test_dashboard_playwright.py:34:
_ _ _ _ _ _ _ _ _ _ _ _ _ _ _ _ _ _ _ _ _ _ _ _ _ _ _ _ _ _ _ _ _ _ _ _ _ _ _ _
/home/matthew/anaconda3/lib/python3.12/site-packages/playwright/sync_api/_generated.py:9006: in goto
    self._sync(
/home/matthew/anaconda3/lib/python3.12/site-packages/playwright/_impl/_page.py:551: in goto
    return await self._main_frame.goto(**locals_to_params(locals()))
           ^^^^^^^^^^^^^^^^^^^^^^^^^^^^^^^^^^^^^^^^^^^^^^^^^^^^^^^^^
/home/matthew/anaconda3/lib/python3.12/site-packages/playwright/_impl/_frame.py:145: in goto
    await self._channel.send("goto", locals_to_params(locals()))
/home/matthew/anaconda3/lib/python3.12/site-packages/playwright/_impl/_connection.py:61: in send
    return await self._connection.wrap_api_call(
_ _ _ _ _ _ _ _ _ _ _ _ _ _ _ _ _ _ _ _ _ _ _ _ _ _ _ _ _ _ _ _ _ _ _ _ _ _ _ _

self = &lt;playwright._impl._connection.Connection object at 0x7fcb033996a0&gt;
cb = &lt;function Channel.send.&lt;locals&gt;.&lt;lambda&gt; at 0x7fcaf8232840&gt;
is_internal = False

    async def wrap_api_call(
        self, cb: Callable[[], Any], is_internal: bool = False
    ) -&gt; Any:
        if self._api_zone.get():
            return await cb()
        task = asyncio.current_task(self._loop)
        st: List[inspect.FrameInfo] = getattr(task, "__pw_stack__", inspect.stack())
        parsed_st = _extract_stack_trace_information_from_stack(st, is_internal)
        self._api_zone.set(parsed_st)
        try:
            return await cb()
        except Exception as error:
&gt;           raise rewrite_error(error, f"{parsed_st['apiName']}: {error}") from None
E           playwright._impl._errors.Error: Page.goto: net::ERR_CONNECTION_REFUSED at http://localhost:8501/
E           Call log:
E             - navigating to "http://localhost:8501/", waiting until "load"

/home/matthew/anaconda3/lib/python3.12/site-packages/playwright/_impl/_connection.py:528: Error</error></testcase><testcase classname="tests.test_dashboard_playwright.TestEloVsGlicko" name="test_comparison_has_charts" time="0.435"><error message="failed on setup with &quot;playwright._impl._errors.Error: Page.goto: net::ERR_CONNECTION_REFUSED at http://localhost:8501/&#10;Call log:&#10;  - navigating to &quot;http://localhost:8501/&quot;, waiting until &quot;load&quot;&quot;">dashboard_url = 'http://localhost:8501'
playwright = &lt;playwright._impl._playwright.Playwright object at 0x7fcaf8ccea50&gt;

    @pytest.fixture(scope="function")
    def page(dashboard_url, playwright):
        """Create a new page for each test."""
        browser = playwright.chromium.launch(headless=True)
        context = browser.new_context()
        page = context.new_page()
&gt;       page.goto(dashboard_url)

tests/test_dashboard_playwright.py:34:
_ _ _ _ _ _ _ _ _ _ _ _ _ _ _ _ _ _ _ _ _ _ _ _ _ _ _ _ _ _ _ _ _ _ _ _ _ _ _ _
/home/matthew/anaconda3/lib/python3.12/site-packages/playwright/sync_api/_generated.py:9006: in goto
    self._sync(
/home/matthew/anaconda3/lib/python3.12/site-packages/playwright/_impl/_page.py:551: in goto
    return await self._main_frame.goto(**locals_to_params(locals()))
           ^^^^^^^^^^^^^^^^^^^^^^^^^^^^^^^^^^^^^^^^^^^^^^^^^^^^^^^^^
/home/matthew/anaconda3/lib/python3.12/site-packages/playwright/_impl/_frame.py:145: in goto
    await self._channel.send("goto", locals_to_params(locals()))
/home/matthew/anaconda3/lib/python3.12/site-packages/playwright/_impl/_connection.py:61: in send
    return await self._connection.wrap_api_call(
_ _ _ _ _ _ _ _ _ _ _ _ _ _ _ _ _ _ _ _ _ _ _ _ _ _ _ _ _ _ _ _ _ _ _ _ _ _ _ _

self = &lt;playwright._impl._connection.Connection object at 0x7fcb033996a0&gt;
cb = &lt;function Channel.send.&lt;locals&gt;.&lt;lambda&gt; at 0x7fcaf834ab60&gt;
is_internal = False

    async def wrap_api_call(
        self, cb: Callable[[], Any], is_internal: bool = False
    ) -&gt; Any:
        if self._api_zone.get():
            return await cb()
        task = asyncio.current_task(self._loop)
        st: List[inspect.FrameInfo] = getattr(task, "__pw_stack__", inspect.stack())
        parsed_st = _extract_stack_trace_information_from_stack(st, is_internal)
        self._api_zone.set(parsed_st)
        try:
            return await cb()
        except Exception as error:
&gt;           raise rewrite_error(error, f"{parsed_st['apiName']}: {error}") from None
E           playwright._impl._errors.Error: Page.goto: net::ERR_CONNECTION_REFUSED at http://localhost:8501/
E           Call log:
E             - navigating to "http://localhost:8501/", waiting until "load"

/home/matthew/anaconda3/lib/python3.12/site-packages/playwright/_impl/_connection.py:528: Error</error></testcase><testcase classname="tests.test_dashboard_playwright.TestDetailsTab" name="test_details_table_exists" time="0.450"><error message="failed on setup with &quot;playwright._impl._errors.Error: Page.goto: net::ERR_CONNECTION_REFUSED at http://localhost:8501/&#10;Call log:&#10;  - navigating to &quot;http://localhost:8501/&quot;, waiting until &quot;load&quot;&quot;">dashboard_url = 'http://localhost:8501'
playwright = &lt;playwright._impl._playwright.Playwright object at 0x7fcaf8ccea50&gt;

    @pytest.fixture(scope="function")
    def page(dashboard_url, playwright):
        """Create a new page for each test."""
        browser = playwright.chromium.launch(headless=True)
        context = browser.new_context()
        page = context.new_page()
&gt;       page.goto(dashboard_url)

tests/test_dashboard_playwright.py:34:
_ _ _ _ _ _ _ _ _ _ _ _ _ _ _ _ _ _ _ _ _ _ _ _ _ _ _ _ _ _ _ _ _ _ _ _ _ _ _ _
/home/matthew/anaconda3/lib/python3.12/site-packages/playwright/sync_api/_generated.py:9006: in goto
    self._sync(
/home/matthew/anaconda3/lib/python3.12/site-packages/playwright/_impl/_page.py:551: in goto
    return await self._main_frame.goto(**locals_to_params(locals()))
           ^^^^^^^^^^^^^^^^^^^^^^^^^^^^^^^^^^^^^^^^^^^^^^^^^^^^^^^^^
/home/matthew/anaconda3/lib/python3.12/site-packages/playwright/_impl/_frame.py:145: in goto
    await self._channel.send("goto", locals_to_params(locals()))
/home/matthew/anaconda3/lib/python3.12/site-packages/playwright/_impl/_connection.py:61: in send
    return await self._connection.wrap_api_call(
_ _ _ _ _ _ _ _ _ _ _ _ _ _ _ _ _ _ _ _ _ _ _ _ _ _ _ _ _ _ _ _ _ _ _ _ _ _ _ _

self = &lt;playwright._impl._connection.Connection object at 0x7fcb033996a0&gt;
cb = &lt;function Channel.send.&lt;locals&gt;.&lt;lambda&gt; at 0x7fcaf8ec2520&gt;
is_internal = False

    async def wrap_api_call(
        self, cb: Callable[[], Any], is_internal: bool = False
    ) -&gt; Any:
        if self._api_zone.get():
            return await cb()
        task = asyncio.current_task(self._loop)
        st: List[inspect.FrameInfo] = getattr(task, "__pw_stack__", inspect.stack())
        parsed_st = _extract_stack_trace_information_from_stack(st, is_internal)
        self._api_zone.set(parsed_st)
        try:
            return await cb()
        except Exception as error:
&gt;           raise rewrite_error(error, f"{parsed_st['apiName']}: {error}") from None
E           playwright._impl._errors.Error: Page.goto: net::ERR_CONNECTION_REFUSED at http://localhost:8501/
E           Call log:
E             - navigating to "http://localhost:8501/", waiting until "load"

/home/matthew/anaconda3/lib/python3.12/site-packages/playwright/_impl/_connection.py:528: Error</error></testcase><testcase classname="tests.test_dashboard_playwright.TestDetailsTab" name="test_details_has_data_rows" time="0.440"><error message="failed on setup with &quot;playwright._impl._errors.Error: Page.goto: net::ERR_CONNECTION_REFUSED at http://localhost:8501/&#10;Call log:&#10;  - navigating to &quot;http://localhost:8501/&quot;, waiting until &quot;load&quot;&quot;">dashboard_url = 'http://localhost:8501'
playwright = &lt;playwright._impl._playwright.Playwright object at 0x7fcaf8ccea50&gt;

    @pytest.fixture(scope="function")
    def page(dashboard_url, playwright):
        """Create a new page for each test."""
        browser = playwright.chromium.launch(headless=True)
        context = browser.new_context()
        page = context.new_page()
&gt;       page.goto(dashboard_url)

tests/test_dashboard_playwright.py:34:
_ _ _ _ _ _ _ _ _ _ _ _ _ _ _ _ _ _ _ _ _ _ _ _ _ _ _ _ _ _ _ _ _ _ _ _ _ _ _ _
/home/matthew/anaconda3/lib/python3.12/site-packages/playwright/sync_api/_generated.py:9006: in goto
    self._sync(
/home/matthew/anaconda3/lib/python3.12/site-packages/playwright/_impl/_page.py:551: in goto
    return await self._main_frame.goto(**locals_to_params(locals()))
           ^^^^^^^^^^^^^^^^^^^^^^^^^^^^^^^^^^^^^^^^^^^^^^^^^^^^^^^^^
/home/matthew/anaconda3/lib/python3.12/site-packages/playwright/_impl/_frame.py:145: in goto
    await self._channel.send("goto", locals_to_params(locals()))
/home/matthew/anaconda3/lib/python3.12/site-packages/playwright/_impl/_connection.py:61: in send
    return await self._connection.wrap_api_call(
_ _ _ _ _ _ _ _ _ _ _ _ _ _ _ _ _ _ _ _ _ _ _ _ _ _ _ _ _ _ _ _ _ _ _ _ _ _ _ _

self = &lt;playwright._impl._connection.Connection object at 0x7fcb033996a0&gt;
cb = &lt;function Channel.send.&lt;locals&gt;.&lt;lambda&gt; at 0x7fcaf82e2c00&gt;
is_internal = False

    async def wrap_api_call(
        self, cb: Callable[[], Any], is_internal: bool = False
    ) -&gt; Any:
        if self._api_zone.get():
            return await cb()
        task = asyncio.current_task(self._loop)
        st: List[inspect.FrameInfo] = getattr(task, "__pw_stack__", inspect.stack())
        parsed_st = _extract_stack_trace_information_from_stack(st, is_internal)
        self._api_zone.set(parsed_st)
        try:
            return await cb()
        except Exception as error:
&gt;           raise rewrite_error(error, f"{parsed_st['apiName']}: {error}") from None
E           playwright._impl._errors.Error: Page.goto: net::ERR_CONNECTION_REFUSED at http://localhost:8501/
E           Call log:
E             - navigating to "http://localhost:8501/", waiting until "load"

/home/matthew/anaconda3/lib/python3.12/site-packages/playwright/_impl/_connection.py:528: Error</error></testcase><testcase classname="tests.test_dashboard_playwright.TestSeasonTiming" name="test_season_timing_chart_exists" time="0.449"><error message="failed on setup with &quot;playwright._impl._errors.Error: Page.goto: net::ERR_CONNECTION_REFUSED at http://localhost:8501/&#10;Call log:&#10;  - navigating to &quot;http://localhost:8501/&quot;, waiting until &quot;load&quot;&quot;">dashboard_url = 'http://localhost:8501'
playwright = &lt;playwright._impl._playwright.Playwright object at 0x7fcaf8ccea50&gt;

    @pytest.fixture(scope="function")
    def page(dashboard_url, playwright):
        """Create a new page for each test."""
        browser = playwright.chromium.launch(headless=True)
        context = browser.new_context()
        page = context.new_page()
&gt;       page.goto(dashboard_url)

tests/test_dashboard_playwright.py:34:
_ _ _ _ _ _ _ _ _ _ _ _ _ _ _ _ _ _ _ _ _ _ _ _ _ _ _ _ _ _ _ _ _ _ _ _ _ _ _ _
/home/matthew/anaconda3/lib/python3.12/site-packages/playwright/sync_api/_generated.py:9006: in goto
    self._sync(
/home/matthew/anaconda3/lib/python3.12/site-packages/playwright/_impl/_page.py:551: in goto
    return await self._main_frame.goto(**locals_to_params(locals()))
           ^^^^^^^^^^^^^^^^^^^^^^^^^^^^^^^^^^^^^^^^^^^^^^^^^^^^^^^^^
/home/matthew/anaconda3/lib/python3.12/site-packages/playwright/_impl/_frame.py:145: in goto
    await self._channel.send("goto", locals_to_params(locals()))
/home/matthew/anaconda3/lib/python3.12/site-packages/playwright/_impl/_connection.py:61: in send
    return await self._connection.wrap_api_call(
_ _ _ _ _ _ _ _ _ _ _ _ _ _ _ _ _ _ _ _ _ _ _ _ _ _ _ _ _ _ _ _ _ _ _ _ _ _ _ _

self = &lt;playwright._impl._connection.Connection object at 0x7fcb033996a0&gt;
cb = &lt;function Channel.send.&lt;locals&gt;.&lt;lambda&gt; at 0x7fcaf8397ec0&gt;
is_internal = False

    async def wrap_api_call(
        self, cb: Callable[[], Any], is_internal: bool = False
    ) -&gt; Any:
        if self._api_zone.get():
            return await cb()
        task = asyncio.current_task(self._loop)
        st: List[inspect.FrameInfo] = getattr(task, "__pw_stack__", inspect.stack())
        parsed_st = _extract_stack_trace_information_from_stack(st, is_internal)
        self._api_zone.set(parsed_st)
        try:
            return await cb()
        except Exception as error:
&gt;           raise rewrite_error(error, f"{parsed_st['apiName']}: {error}") from None
E           playwright._impl._errors.Error: Page.goto: net::ERR_CONNECTION_REFUSED at http://localhost:8501/
E           Call log:
E             - navigating to "http://localhost:8501/", waiting until "load"

/home/matthew/anaconda3/lib/python3.12/site-packages/playwright/_impl/_connection.py:528: Error</error></testcase><testcase classname="tests.test_dashboard_playwright.TestSidebarControls" name="test_season_selector_exists" time="0.436"><error message="failed on setup with &quot;playwright._impl._errors.Error: Page.goto: net::ERR_CONNECTION_REFUSED at http://localhost:8501/&#10;Call log:&#10;  - navigating to &quot;http://localhost:8501/&quot;, waiting until &quot;load&quot;&quot;">dashboard_url = 'http://localhost:8501'
playwright = &lt;playwright._impl._playwright.Playwright object at 0x7fcaf8ccea50&gt;

    @pytest.fixture(scope="function")
    def page(dashboard_url, playwright):
        """Create a new page for each test."""
        browser = playwright.chromium.launch(headless=True)
        context = browser.new_context()
        page = context.new_page()
&gt;       page.goto(dashboard_url)

tests/test_dashboard_playwright.py:34:
_ _ _ _ _ _ _ _ _ _ _ _ _ _ _ _ _ _ _ _ _ _ _ _ _ _ _ _ _ _ _ _ _ _ _ _ _ _ _ _
/home/matthew/anaconda3/lib/python3.12/site-packages/playwright/sync_api/_generated.py:9006: in goto
    self._sync(
/home/matthew/anaconda3/lib/python3.12/site-packages/playwright/_impl/_page.py:551: in goto
    return await self._main_frame.goto(**locals_to_params(locals()))
           ^^^^^^^^^^^^^^^^^^^^^^^^^^^^^^^^^^^^^^^^^^^^^^^^^^^^^^^^^
/home/matthew/anaconda3/lib/python3.12/site-packages/playwright/_impl/_frame.py:145: in goto
    await self._channel.send("goto", locals_to_params(locals()))
/home/matthew/anaconda3/lib/python3.12/site-packages/playwright/_impl/_connection.py:61: in send
    return await self._connection.wrap_api_call(
_ _ _ _ _ _ _ _ _ _ _ _ _ _ _ _ _ _ _ _ _ _ _ _ _ _ _ _ _ _ _ _ _ _ _ _ _ _ _ _

self = &lt;playwright._impl._connection.Connection object at 0x7fcb033996a0&gt;
cb = &lt;function Channel.send.&lt;locals&gt;.&lt;lambda&gt; at 0x7fcaf8270ea0&gt;
is_internal = False

    async def wrap_api_call(
        self, cb: Callable[[], Any], is_internal: bool = False
    ) -&gt; Any:
        if self._api_zone.get():
            return await cb()
        task = asyncio.current_task(self._loop)
        st: List[inspect.FrameInfo] = getattr(task, "__pw_stack__", inspect.stack())
        parsed_st = _extract_stack_trace_information_from_stack(st, is_internal)
        self._api_zone.set(parsed_st)
        try:
            return await cb()
        except Exception as error:
&gt;           raise rewrite_error(error, f"{parsed_st['apiName']}: {error}") from None
E           playwright._impl._errors.Error: Page.goto: net::ERR_CONNECTION_REFUSED at http://localhost:8501/
E           Call log:
E             - navigating to "http://localhost:8501/", waiting until "load"

/home/matthew/anaconda3/lib/python3.12/site-packages/playwright/_impl/_connection.py:528: Error</error></testcase><testcase classname="tests.test_dashboard_playwright.TestSidebarControls" name="test_date_picker_exists" time="0.464"><error message="failed on setup with &quot;playwright._impl._errors.Error: Page.goto: net::ERR_CONNECTION_REFUSED at http://localhost:8501/&#10;Call log:&#10;  - navigating to &quot;http://localhost:8501/&quot;, waiting until &quot;load&quot;&quot;">dashboard_url = 'http://localhost:8501'
playwright = &lt;playwright._impl._playwright.Playwright object at 0x7fcaf8ccea50&gt;

    @pytest.fixture(scope="function")
    def page(dashboard_url, playwright):
        """Create a new page for each test."""
        browser = playwright.chromium.launch(headless=True)
        context = browser.new_context()
        page = context.new_page()
&gt;       page.goto(dashboard_url)

tests/test_dashboard_playwright.py:34:
_ _ _ _ _ _ _ _ _ _ _ _ _ _ _ _ _ _ _ _ _ _ _ _ _ _ _ _ _ _ _ _ _ _ _ _ _ _ _ _
/home/matthew/anaconda3/lib/python3.12/site-packages/playwright/sync_api/_generated.py:9006: in goto
    self._sync(
/home/matthew/anaconda3/lib/python3.12/site-packages/playwright/_impl/_page.py:551: in goto
    return await self._main_frame.goto(**locals_to_params(locals()))
           ^^^^^^^^^^^^^^^^^^^^^^^^^^^^^^^^^^^^^^^^^^^^^^^^^^^^^^^^^
/home/matthew/anaconda3/lib/python3.12/site-packages/playwright/_impl/_frame.py:145: in goto
    await self._channel.send("goto", locals_to_params(locals()))
/home/matthew/anaconda3/lib/python3.12/site-packages/playwright/_impl/_connection.py:61: in send
    return await self._connection.wrap_api_call(
_ _ _ _ _ _ _ _ _ _ _ _ _ _ _ _ _ _ _ _ _ _ _ _ _ _ _ _ _ _ _ _ _ _ _ _ _ _ _ _

self = &lt;playwright._impl._connection.Connection object at 0x7fcb033996a0&gt;
cb = &lt;function Channel.send.&lt;locals&gt;.&lt;lambda&gt; at 0x7fcae6d8f740&gt;
is_internal = False

    async def wrap_api_call(
        self, cb: Callable[[], Any], is_internal: bool = False
    ) -&gt; Any:
        if self._api_zone.get():
            return await cb()
        task = asyncio.current_task(self._loop)
        st: List[inspect.FrameInfo] = getattr(task, "__pw_stack__", inspect.stack())
        parsed_st = _extract_stack_trace_information_from_stack(st, is_internal)
        self._api_zone.set(parsed_st)
        try:
            return await cb()
        except Exception as error:
&gt;           raise rewrite_error(error, f"{parsed_st['apiName']}: {error}") from None
E           playwright._impl._errors.Error: Page.goto: net::ERR_CONNECTION_REFUSED at http://localhost:8501/
E           Call log:
E             - navigating to "http://localhost:8501/", waiting until "load"

/home/matthew/anaconda3/lib/python3.12/site-packages/playwright/_impl/_connection.py:528: Error</error></testcase><testcase classname="tests.test_dashboard_playwright.TestSidebarControls" name="test_elo_parameters_expander" time="0.435"><error message="failed on setup with &quot;playwright._impl._errors.Error: Page.goto: net::ERR_CONNECTION_REFUSED at http://localhost:8501/&#10;Call log:&#10;  - navigating to &quot;http://localhost:8501/&quot;, waiting until &quot;load&quot;&quot;">dashboard_url = 'http://localhost:8501'
playwright = &lt;playwright._impl._playwright.Playwright object at 0x7fcaf8ccea50&gt;

    @pytest.fixture(scope="function")
    def page(dashboard_url, playwright):
        """Create a new page for each test."""
        browser = playwright.chromium.launch(headless=True)
        context = browser.new_context()
        page = context.new_page()
&gt;       page.goto(dashboard_url)

tests/test_dashboard_playwright.py:34:
_ _ _ _ _ _ _ _ _ _ _ _ _ _ _ _ _ _ _ _ _ _ _ _ _ _ _ _ _ _ _ _ _ _ _ _ _ _ _ _
/home/matthew/anaconda3/lib/python3.12/site-packages/playwright/sync_api/_generated.py:9006: in goto
    self._sync(
/home/matthew/anaconda3/lib/python3.12/site-packages/playwright/_impl/_page.py:551: in goto
    return await self._main_frame.goto(**locals_to_params(locals()))
           ^^^^^^^^^^^^^^^^^^^^^^^^^^^^^^^^^^^^^^^^^^^^^^^^^^^^^^^^^
/home/matthew/anaconda3/lib/python3.12/site-packages/playwright/_impl/_frame.py:145: in goto
    await self._channel.send("goto", locals_to_params(locals()))
/home/matthew/anaconda3/lib/python3.12/site-packages/playwright/_impl/_connection.py:61: in send
    return await self._connection.wrap_api_call(
_ _ _ _ _ _ _ _ _ _ _ _ _ _ _ _ _ _ _ _ _ _ _ _ _ _ _ _ _ _ _ _ _ _ _ _ _ _ _ _

self = &lt;playwright._impl._connection.Connection object at 0x7fcb033996a0&gt;
cb = &lt;function Channel.send.&lt;locals&gt;.&lt;lambda&gt; at 0x7fcae6d8f920&gt;
is_internal = False

    async def wrap_api_call(
        self, cb: Callable[[], Any], is_internal: bool = False
    ) -&gt; Any:
        if self._api_zone.get():
            return await cb()
        task = asyncio.current_task(self._loop)
        st: List[inspect.FrameInfo] = getattr(task, "__pw_stack__", inspect.stack())
        parsed_st = _extract_stack_trace_information_from_stack(st, is_internal)
        self._api_zone.set(parsed_st)
        try:
            return await cb()
        except Exception as error:
&gt;           raise rewrite_error(error, f"{parsed_st['apiName']}: {error}") from None
E           playwright._impl._errors.Error: Page.goto: net::ERR_CONNECTION_REFUSED at http://localhost:8501/
E           Call log:
E             - navigating to "http://localhost:8501/", waiting until "load"

/home/matthew/anaconda3/lib/python3.12/site-packages/playwright/_impl/_connection.py:528: Error</error></testcase><testcase classname="tests.test_dashboard_playwright.TestSidebarControls" name="test_glicko2_parameters_expander" time="0.497"><error message="failed on setup with &quot;playwright._impl._errors.Error: Page.goto: net::ERR_CONNECTION_REFUSED at http://localhost:8501/&#10;Call log:&#10;  - navigating to &quot;http://localhost:8501/&quot;, waiting until &quot;load&quot;&quot;">dashboard_url = 'http://localhost:8501'
playwright = &lt;playwright._impl._playwright.Playwright object at 0x7fcaf8ccea50&gt;

    @pytest.fixture(scope="function")
    def page(dashboard_url, playwright):
        """Create a new page for each test."""
        browser = playwright.chromium.launch(headless=True)
        context = browser.new_context()
        page = context.new_page()
&gt;       page.goto(dashboard_url)

tests/test_dashboard_playwright.py:34:
_ _ _ _ _ _ _ _ _ _ _ _ _ _ _ _ _ _ _ _ _ _ _ _ _ _ _ _ _ _ _ _ _ _ _ _ _ _ _ _
/home/matthew/anaconda3/lib/python3.12/site-packages/playwright/sync_api/_generated.py:9006: in goto
    self._sync(
/home/matthew/anaconda3/lib/python3.12/site-packages/playwright/_impl/_page.py:551: in goto
    return await self._main_frame.goto(**locals_to_params(locals()))
           ^^^^^^^^^^^^^^^^^^^^^^^^^^^^^^^^^^^^^^^^^^^^^^^^^^^^^^^^^
/home/matthew/anaconda3/lib/python3.12/site-packages/playwright/_impl/_frame.py:145: in goto
    await self._channel.send("goto", locals_to_params(locals()))
/home/matthew/anaconda3/lib/python3.12/site-packages/playwright/_impl/_connection.py:61: in send
    return await self._connection.wrap_api_call(
_ _ _ _ _ _ _ _ _ _ _ _ _ _ _ _ _ _ _ _ _ _ _ _ _ _ _ _ _ _ _ _ _ _ _ _ _ _ _ _

self = &lt;playwright._impl._connection.Connection object at 0x7fcb033996a0&gt;
cb = &lt;function Channel.send.&lt;locals&gt;.&lt;lambda&gt; at 0x7fcae6def600&gt;
is_internal = False

    async def wrap_api_call(
        self, cb: Callable[[], Any], is_internal: bool = False
    ) -&gt; Any:
        if self._api_zone.get():
            return await cb()
        task = asyncio.current_task(self._loop)
        st: List[inspect.FrameInfo] = getattr(task, "__pw_stack__", inspect.stack())
        parsed_st = _extract_stack_trace_information_from_stack(st, is_internal)
        self._api_zone.set(parsed_st)
        try:
            return await cb()
        except Exception as error:
&gt;           raise rewrite_error(error, f"{parsed_st['apiName']}: {error}") from None
E           playwright._impl._errors.Error: Page.goto: net::ERR_CONNECTION_REFUSED at http://localhost:8501/
E           Call log:
E             - navigating to "http://localhost:8501/", waiting until "load"

/home/matthew/anaconda3/lib/python3.12/site-packages/playwright/_impl/_connection.py:528: Error</error></testcase><testcase classname="tests.test_dashboard_playwright.TestBettingPerformancePage" name="test_betting_page_loads" time="0.479"><error message="failed on setup with &quot;playwright._impl._errors.Error: Page.goto: net::ERR_CONNECTION_REFUSED at http://localhost:8501/&#10;Call log:&#10;  - navigating to &quot;http://localhost:8501/&quot;, waiting until &quot;load&quot;&quot;">dashboard_url = 'http://localhost:8501'
playwright = &lt;playwright._impl._playwright.Playwright object at 0x7fcaf8ccea50&gt;

    @pytest.fixture(scope="function")
    def page(dashboard_url, playwright):
        """Create a new page for each test."""
        browser = playwright.chromium.launch(headless=True)
        context = browser.new_context()
        page = context.new_page()
&gt;       page.goto(dashboard_url)

tests/test_dashboard_playwright.py:34:
_ _ _ _ _ _ _ _ _ _ _ _ _ _ _ _ _ _ _ _ _ _ _ _ _ _ _ _ _ _ _ _ _ _ _ _ _ _ _ _
/home/matthew/anaconda3/lib/python3.12/site-packages/playwright/sync_api/_generated.py:9006: in goto
    self._sync(
/home/matthew/anaconda3/lib/python3.12/site-packages/playwright/_impl/_page.py:551: in goto
    return await self._main_frame.goto(**locals_to_params(locals()))
           ^^^^^^^^^^^^^^^^^^^^^^^^^^^^^^^^^^^^^^^^^^^^^^^^^^^^^^^^^
/home/matthew/anaconda3/lib/python3.12/site-packages/playwright/_impl/_frame.py:145: in goto
    await self._channel.send("goto", locals_to_params(locals()))
/home/matthew/anaconda3/lib/python3.12/site-packages/playwright/_impl/_connection.py:61: in send
    return await self._connection.wrap_api_call(
_ _ _ _ _ _ _ _ _ _ _ _ _ _ _ _ _ _ _ _ _ _ _ _ _ _ _ _ _ _ _ _ _ _ _ _ _ _ _ _

self = &lt;playwright._impl._connection.Connection object at 0x7fcb033996a0&gt;
cb = &lt;function Channel.send.&lt;locals&gt;.&lt;lambda&gt; at 0x7fcae6d8c540&gt;
is_internal = False

    async def wrap_api_call(
        self, cb: Callable[[], Any], is_internal: bool = False
    ) -&gt; Any:
        if self._api_zone.get():
            return await cb()
        task = asyncio.current_task(self._loop)
        st: List[inspect.FrameInfo] = getattr(task, "__pw_stack__", inspect.stack())
        parsed_st = _extract_stack_trace_information_from_stack(st, is_internal)
        self._api_zone.set(parsed_st)
        try:
            return await cb()
        except Exception as error:
&gt;           raise rewrite_error(error, f"{parsed_st['apiName']}: {error}") from None
E           playwright._impl._errors.Error: Page.goto: net::ERR_CONNECTION_REFUSED at http://localhost:8501/
E           Call log:
E             - navigating to "http://localhost:8501/", waiting until "load"

/home/matthew/anaconda3/lib/python3.12/site-packages/playwright/_impl/_connection.py:528: Error</error></testcase><testcase classname="tests.test_dashboard_playwright.TestBettingPerformancePage" name="test_betting_page_has_metrics" time="0.432"><error message="failed on setup with &quot;playwright._impl._errors.Error: Page.goto: net::ERR_CONNECTION_REFUSED at http://localhost:8501/&#10;Call log:&#10;  - navigating to &quot;http://localhost:8501/&quot;, waiting until &quot;load&quot;&quot;">dashboard_url = 'http://localhost:8501'
playwright = &lt;playwright._impl._playwright.Playwright object at 0x7fcaf8ccea50&gt;

    @pytest.fixture(scope="function")
    def page(dashboard_url, playwright):
        """Create a new page for each test."""
        browser = playwright.chromium.launch(headless=True)
        context = browser.new_context()
        page = context.new_page()
&gt;       page.goto(dashboard_url)

tests/test_dashboard_playwright.py:34:
_ _ _ _ _ _ _ _ _ _ _ _ _ _ _ _ _ _ _ _ _ _ _ _ _ _ _ _ _ _ _ _ _ _ _ _ _ _ _ _
/home/matthew/anaconda3/lib/python3.12/site-packages/playwright/sync_api/_generated.py:9006: in goto
    self._sync(
/home/matthew/anaconda3/lib/python3.12/site-packages/playwright/_impl/_page.py:551: in goto
    return await self._main_frame.goto(**locals_to_params(locals()))
           ^^^^^^^^^^^^^^^^^^^^^^^^^^^^^^^^^^^^^^^^^^^^^^^^^^^^^^^^^
/home/matthew/anaconda3/lib/python3.12/site-packages/playwright/_impl/_frame.py:145: in goto
    await self._channel.send("goto", locals_to_params(locals()))
/home/matthew/anaconda3/lib/python3.12/site-packages/playwright/_impl/_connection.py:61: in send
    return await self._connection.wrap_api_call(
_ _ _ _ _ _ _ _ _ _ _ _ _ _ _ _ _ _ _ _ _ _ _ _ _ _ _ _ _ _ _ _ _ _ _ _ _ _ _ _

self = &lt;playwright._impl._connection.Connection object at 0x7fcb033996a0&gt;
cb = &lt;function Channel.send.&lt;locals&gt;.&lt;lambda&gt; at 0x7fcae6da2fc0&gt;
is_internal = False

    async def wrap_api_call(
        self, cb: Callable[[], Any], is_internal: bool = False
    ) -&gt; Any:
        if self._api_zone.get():
            return await cb()
        task = asyncio.current_task(self._loop)
        st: List[inspect.FrameInfo] = getattr(task, "__pw_stack__", inspect.stack())
        parsed_st = _extract_stack_trace_information_from_stack(st, is_internal)
        self._api_zone.set(parsed_st)
        try:
            return await cb()
        except Exception as error:
&gt;           raise rewrite_error(error, f"{parsed_st['apiName']}: {error}") from None
E           playwright._impl._errors.Error: Page.goto: net::ERR_CONNECTION_REFUSED at http://localhost:8501/
E           Call log:
E             - navigating to "http://localhost:8501/", waiting until "load"

/home/matthew/anaconda3/lib/python3.12/site-packages/playwright/_impl/_connection.py:528: Error</error></testcase><testcase classname="tests.test_dashboard_playwright.TestBettingPerformancePage" name="test_betting_page_tabs_exist" time="0.483"><error message="failed on setup with &quot;playwright._impl._errors.Error: Page.goto: net::ERR_CONNECTION_REFUSED at http://localhost:8501/&#10;Call log:&#10;  - navigating to &quot;http://localhost:8501/&quot;, waiting until &quot;load&quot;&quot;">dashboard_url = 'http://localhost:8501'
playwright = &lt;playwright._impl._playwright.Playwright object at 0x7fcaf8ccea50&gt;

    @pytest.fixture(scope="function")
    def page(dashboard_url, playwright):
        """Create a new page for each test."""
        browser = playwright.chromium.launch(headless=True)
        context = browser.new_context()
        page = context.new_page()
&gt;       page.goto(dashboard_url)

tests/test_dashboard_playwright.py:34:
_ _ _ _ _ _ _ _ _ _ _ _ _ _ _ _ _ _ _ _ _ _ _ _ _ _ _ _ _ _ _ _ _ _ _ _ _ _ _ _
/home/matthew/anaconda3/lib/python3.12/site-packages/playwright/sync_api/_generated.py:9006: in goto
    self._sync(
/home/matthew/anaconda3/lib/python3.12/site-packages/playwright/_impl/_page.py:551: in goto
    return await self._main_frame.goto(**locals_to_params(locals()))
           ^^^^^^^^^^^^^^^^^^^^^^^^^^^^^^^^^^^^^^^^^^^^^^^^^^^^^^^^^
/home/matthew/anaconda3/lib/python3.12/site-packages/playwright/_impl/_frame.py:145: in goto
    await self._channel.send("goto", locals_to_params(locals()))
/home/matthew/anaconda3/lib/python3.12/site-packages/playwright/_impl/_connection.py:61: in send
    return await self._connection.wrap_api_call(
_ _ _ _ _ _ _ _ _ _ _ _ _ _ _ _ _ _ _ _ _ _ _ _ _ _ _ _ _ _ _ _ _ _ _ _ _ _ _ _

self = &lt;playwright._impl._connection.Connection object at 0x7fcb033996a0&gt;
cb = &lt;function Channel.send.&lt;locals&gt;.&lt;lambda&gt; at 0x7fcae6d3bf60&gt;
is_internal = False

    async def wrap_api_call(
        self, cb: Callable[[], Any], is_internal: bool = False
    ) -&gt; Any:
        if self._api_zone.get():
            return await cb()
        task = asyncio.current_task(self._loop)
        st: List[inspect.FrameInfo] = getattr(task, "__pw_stack__", inspect.stack())
        parsed_st = _extract_stack_trace_information_from_stack(st, is_internal)
        self._api_zone.set(parsed_st)
        try:
            return await cb()
        except Exception as error:
&gt;           raise rewrite_error(error, f"{parsed_st['apiName']}: {error}") from None
E           playwright._impl._errors.Error: Page.goto: net::ERR_CONNECTION_REFUSED at http://localhost:8501/
E           Call log:
E             - navigating to "http://localhost:8501/", waiting until "load"

/home/matthew/anaconda3/lib/python3.12/site-packages/playwright/_impl/_connection.py:528: Error</error></testcase><testcase classname="tests.test_dashboard_playwright.TestBettingPerformancePage" name="test_betting_overview_tab" time="0.472"><error message="failed on setup with &quot;playwright._impl._errors.Error: Page.goto: net::ERR_CONNECTION_REFUSED at http://localhost:8501/&#10;Call log:&#10;  - navigating to &quot;http://localhost:8501/&quot;, waiting until &quot;load&quot;&quot;">dashboard_url = 'http://localhost:8501'
playwright = &lt;playwright._impl._playwright.Playwright object at 0x7fcaf8ccea50&gt;

    @pytest.fixture(scope="function")
    def page(dashboard_url, playwright):
        """Create a new page for each test."""
        browser = playwright.chromium.launch(headless=True)
        context = browser.new_context()
        page = context.new_page()
&gt;       page.goto(dashboard_url)

tests/test_dashboard_playwright.py:34:
_ _ _ _ _ _ _ _ _ _ _ _ _ _ _ _ _ _ _ _ _ _ _ _ _ _ _ _ _ _ _ _ _ _ _ _ _ _ _ _
/home/matthew/anaconda3/lib/python3.12/site-packages/playwright/sync_api/_generated.py:9006: in goto
    self._sync(
/home/matthew/anaconda3/lib/python3.12/site-packages/playwright/_impl/_page.py:551: in goto
    return await self._main_frame.goto(**locals_to_params(locals()))
           ^^^^^^^^^^^^^^^^^^^^^^^^^^^^^^^^^^^^^^^^^^^^^^^^^^^^^^^^^
/home/matthew/anaconda3/lib/python3.12/site-packages/playwright/_impl/_frame.py:145: in goto
    await self._channel.send("goto", locals_to_params(locals()))
/home/matthew/anaconda3/lib/python3.12/site-packages/playwright/_impl/_connection.py:61: in send
    return await self._connection.wrap_api_call(
_ _ _ _ _ _ _ _ _ _ _ _ _ _ _ _ _ _ _ _ _ _ _ _ _ _ _ _ _ _ _ _ _ _ _ _ _ _ _ _

self = &lt;playwright._impl._connection.Connection object at 0x7fcb033996a0&gt;
cb = &lt;function Channel.send.&lt;locals&gt;.&lt;lambda&gt; at 0x7fcae6d8c540&gt;
is_internal = False

    async def wrap_api_call(
        self, cb: Callable[[], Any], is_internal: bool = False
    ) -&gt; Any:
        if self._api_zone.get():
            return await cb()
        task = asyncio.current_task(self._loop)
        st: List[inspect.FrameInfo] = getattr(task, "__pw_stack__", inspect.stack())
        parsed_st = _extract_stack_trace_information_from_stack(st, is_internal)
        self._api_zone.set(parsed_st)
        try:
            return await cb()
        except Exception as error:
&gt;           raise rewrite_error(error, f"{parsed_st['apiName']}: {error}") from None
E           playwright._impl._errors.Error: Page.goto: net::ERR_CONNECTION_REFUSED at http://localhost:8501/
E           Call log:
E             - navigating to "http://localhost:8501/", waiting until "load"

/home/matthew/anaconda3/lib/python3.12/site-packages/playwright/_impl/_connection.py:528: Error</error></testcase><testcase classname="tests.test_dashboard_playwright.TestBettingPerformancePage" name="test_betting_daily_tab" time="0.458"><error message="failed on setup with &quot;playwright._impl._errors.Error: Page.goto: net::ERR_CONNECTION_REFUSED at http://localhost:8501/&#10;Call log:&#10;  - navigating to &quot;http://localhost:8501/&quot;, waiting until &quot;load&quot;&quot;">dashboard_url = 'http://localhost:8501'
playwright = &lt;playwright._impl._playwright.Playwright object at 0x7fcaf8ccea50&gt;

    @pytest.fixture(scope="function")
    def page(dashboard_url, playwright):
        """Create a new page for each test."""
        browser = playwright.chromium.launch(headless=True)
        context = browser.new_context()
        page = context.new_page()
&gt;       page.goto(dashboard_url)

tests/test_dashboard_playwright.py:34:
_ _ _ _ _ _ _ _ _ _ _ _ _ _ _ _ _ _ _ _ _ _ _ _ _ _ _ _ _ _ _ _ _ _ _ _ _ _ _ _
/home/matthew/anaconda3/lib/python3.12/site-packages/playwright/sync_api/_generated.py:9006: in goto
    self._sync(
/home/matthew/anaconda3/lib/python3.12/site-packages/playwright/_impl/_page.py:551: in goto
    return await self._main_frame.goto(**locals_to_params(locals()))
           ^^^^^^^^^^^^^^^^^^^^^^^^^^^^^^^^^^^^^^^^^^^^^^^^^^^^^^^^^
/home/matthew/anaconda3/lib/python3.12/site-packages/playwright/_impl/_frame.py:145: in goto
    await self._channel.send("goto", locals_to_params(locals()))
/home/matthew/anaconda3/lib/python3.12/site-packages/playwright/_impl/_connection.py:61: in send
    return await self._connection.wrap_api_call(
_ _ _ _ _ _ _ _ _ _ _ _ _ _ _ _ _ _ _ _ _ _ _ _ _ _ _ _ _ _ _ _ _ _ _ _ _ _ _ _

self = &lt;playwright._impl._connection.Connection object at 0x7fcb033996a0&gt;
cb = &lt;function Channel.send.&lt;locals&gt;.&lt;lambda&gt; at 0x7fcaf8296480&gt;
is_internal = False

    async def wrap_api_call(
        self, cb: Callable[[], Any], is_internal: bool = False
    ) -&gt; Any:
        if self._api_zone.get():
            return await cb()
        task = asyncio.current_task(self._loop)
        st: List[inspect.FrameInfo] = getattr(task, "__pw_stack__", inspect.stack())
        parsed_st = _extract_stack_trace_information_from_stack(st, is_internal)
        self._api_zone.set(parsed_st)
        try:
            return await cb()
        except Exception as error:
&gt;           raise rewrite_error(error, f"{parsed_st['apiName']}: {error}") from None
E           playwright._impl._errors.Error: Page.goto: net::ERR_CONNECTION_REFUSED at http://localhost:8501/
E           Call log:
E             - navigating to "http://localhost:8501/", waiting until "load"

/home/matthew/anaconda3/lib/python3.12/site-packages/playwright/_impl/_connection.py:528: Error</error></testcase><testcase classname="tests.test_dashboard_playwright.TestBettingPerformancePage" name="test_betting_by_sport_tab" time="0.419"><error message="failed on setup with &quot;playwright._impl._errors.Error: Page.goto: net::ERR_CONNECTION_REFUSED at http://localhost:8501/&#10;Call log:&#10;  - navigating to &quot;http://localhost:8501/&quot;, waiting until &quot;load&quot;&quot;">dashboard_url = 'http://localhost:8501'
playwright = &lt;playwright._impl._playwright.Playwright object at 0x7fcaf8ccea50&gt;

    @pytest.fixture(scope="function")
    def page(dashboard_url, playwright):
        """Create a new page for each test."""
        browser = playwright.chromium.launch(headless=True)
        context = browser.new_context()
        page = context.new_page()
&gt;       page.goto(dashboard_url)

tests/test_dashboard_playwright.py:34:
_ _ _ _ _ _ _ _ _ _ _ _ _ _ _ _ _ _ _ _ _ _ _ _ _ _ _ _ _ _ _ _ _ _ _ _ _ _ _ _
/home/matthew/anaconda3/lib/python3.12/site-packages/playwright/sync_api/_generated.py:9006: in goto
    self._sync(
/home/matthew/anaconda3/lib/python3.12/site-packages/playwright/_impl/_page.py:551: in goto
    return await self._main_frame.goto(**locals_to_params(locals()))
           ^^^^^^^^^^^^^^^^^^^^^^^^^^^^^^^^^^^^^^^^^^^^^^^^^^^^^^^^^
/home/matthew/anaconda3/lib/python3.12/site-packages/playwright/_impl/_frame.py:145: in goto
    await self._channel.send("goto", locals_to_params(locals()))
/home/matthew/anaconda3/lib/python3.12/site-packages/playwright/_impl/_connection.py:61: in send
    return await self._connection.wrap_api_call(
_ _ _ _ _ _ _ _ _ _ _ _ _ _ _ _ _ _ _ _ _ _ _ _ _ _ _ _ _ _ _ _ _ _ _ _ _ _ _ _

self = &lt;playwright._impl._connection.Connection object at 0x7fcb033996a0&gt;
cb = &lt;function Channel.send.&lt;locals&gt;.&lt;lambda&gt; at 0x7fcaf82e20c0&gt;
is_internal = False

    async def wrap_api_call(
        self, cb: Callable[[], Any], is_internal: bool = False
    ) -&gt; Any:
        if self._api_zone.get():
            return await cb()
        task = asyncio.current_task(self._loop)
        st: List[inspect.FrameInfo] = getattr(task, "__pw_stack__", inspect.stack())
        parsed_st = _extract_stack_trace_information_from_stack(st, is_internal)
        self._api_zone.set(parsed_st)
        try:
            return await cb()
        except Exception as error:
&gt;           raise rewrite_error(error, f"{parsed_st['apiName']}: {error}") from None
E           playwright._impl._errors.Error: Page.goto: net::ERR_CONNECTION_REFUSED at http://localhost:8501/
E           Call log:
E             - navigating to "http://localhost:8501/", waiting until "load"

/home/matthew/anaconda3/lib/python3.12/site-packages/playwright/_impl/_connection.py:528: Error</error></testcase><testcase classname="tests.test_dashboard_playwright.TestBettingPerformancePage" name="test_betting_all_bets_tab" time="0.524"><error message="failed on setup with &quot;playwright._impl._errors.Error: Page.goto: net::ERR_CONNECTION_REFUSED at http://localhost:8501/&#10;Call log:&#10;  - navigating to &quot;http://localhost:8501/&quot;, waiting until &quot;load&quot;&quot;">dashboard_url = 'http://localhost:8501'
playwright = &lt;playwright._impl._playwright.Playwright object at 0x7fcaf8ccea50&gt;

    @pytest.fixture(scope="function")
    def page(dashboard_url, playwright):
        """Create a new page for each test."""
        browser = playwright.chromium.launch(headless=True)
        context = browser.new_context()
        page = context.new_page()
&gt;       page.goto(dashboard_url)

tests/test_dashboard_playwright.py:34:
_ _ _ _ _ _ _ _ _ _ _ _ _ _ _ _ _ _ _ _ _ _ _ _ _ _ _ _ _ _ _ _ _ _ _ _ _ _ _ _
/home/matthew/anaconda3/lib/python3.12/site-packages/playwright/sync_api/_generated.py:9006: in goto
    self._sync(
/home/matthew/anaconda3/lib/python3.12/site-packages/playwright/_impl/_page.py:551: in goto
    return await self._main_frame.goto(**locals_to_params(locals()))
           ^^^^^^^^^^^^^^^^^^^^^^^^^^^^^^^^^^^^^^^^^^^^^^^^^^^^^^^^^
/home/matthew/anaconda3/lib/python3.12/site-packages/playwright/_impl/_frame.py:145: in goto
    await self._channel.send("goto", locals_to_params(locals()))
/home/matthew/anaconda3/lib/python3.12/site-packages/playwright/_impl/_connection.py:61: in send
    return await self._connection.wrap_api_call(
_ _ _ _ _ _ _ _ _ _ _ _ _ _ _ _ _ _ _ _ _ _ _ _ _ _ _ _ _ _ _ _ _ _ _ _ _ _ _ _

self = &lt;playwright._impl._connection.Connection object at 0x7fcb033996a0&gt;
cb = &lt;function Channel.send.&lt;locals&gt;.&lt;lambda&gt; at 0x7fcae6d1bc40&gt;
is_internal = False

    async def wrap_api_call(
        self, cb: Callable[[], Any], is_internal: bool = False
    ) -&gt; Any:
        if self._api_zone.get():
            return await cb()
        task = asyncio.current_task(self._loop)
        st: List[inspect.FrameInfo] = getattr(task, "__pw_stack__", inspect.stack())
        parsed_st = _extract_stack_trace_information_from_stack(st, is_internal)
        self._api_zone.set(parsed_st)
        try:
            return await cb()
        except Exception as error:
&gt;           raise rewrite_error(error, f"{parsed_st['apiName']}: {error}") from None
E           playwright._impl._errors.Error: Page.goto: net::ERR_CONNECTION_REFUSED at http://localhost:8501/
E           Call log:
E             - navigating to "http://localhost:8501/", waiting until "load"

/home/matthew/anaconda3/lib/python3.12/site-packages/playwright/_impl/_connection.py:528: Error</error></testcase><testcase classname="tests.test_dashboard_playwright.TestDataValidation" name="test_nhl_has_actual_data" time="0.434"><error message="failed on setup with &quot;playwright._impl._errors.Error: Page.goto: net::ERR_CONNECTION_REFUSED at http://localhost:8501/&#10;Call log:&#10;  - navigating to &quot;http://localhost:8501/&quot;, waiting until &quot;load&quot;&quot;">dashboard_url = 'http://localhost:8501'
playwright = &lt;playwright._impl._playwright.Playwright object at 0x7fcaf8ccea50&gt;

    @pytest.fixture(scope="function")
    def page(dashboard_url, playwright):
        """Create a new page for each test."""
        browser = playwright.chromium.launch(headless=True)
        context = browser.new_context()
        page = context.new_page()
&gt;       page.goto(dashboard_url)

tests/test_dashboard_playwright.py:34:
_ _ _ _ _ _ _ _ _ _ _ _ _ _ _ _ _ _ _ _ _ _ _ _ _ _ _ _ _ _ _ _ _ _ _ _ _ _ _ _
/home/matthew/anaconda3/lib/python3.12/site-packages/playwright/sync_api/_generated.py:9006: in goto
    self._sync(
/home/matthew/anaconda3/lib/python3.12/site-packages/playwright/_impl/_page.py:551: in goto
    return await self._main_frame.goto(**locals_to_params(locals()))
           ^^^^^^^^^^^^^^^^^^^^^^^^^^^^^^^^^^^^^^^^^^^^^^^^^^^^^^^^^
/home/matthew/anaconda3/lib/python3.12/site-packages/playwright/_impl/_frame.py:145: in goto
    await self._channel.send("goto", locals_to_params(locals()))
/home/matthew/anaconda3/lib/python3.12/site-packages/playwright/_impl/_connection.py:61: in send
    return await self._connection.wrap_api_call(
_ _ _ _ _ _ _ _ _ _ _ _ _ _ _ _ _ _ _ _ _ _ _ _ _ _ _ _ _ _ _ _ _ _ _ _ _ _ _ _

self = &lt;playwright._impl._connection.Connection object at 0x7fcb033996a0&gt;
cb = &lt;function Channel.send.&lt;locals&gt;.&lt;lambda&gt; at 0x7fcaf828e2a0&gt;
is_internal = False

    async def wrap_api_call(
        self, cb: Callable[[], Any], is_internal: bool = False
    ) -&gt; Any:
        if self._api_zone.get():
            return await cb()
        task = asyncio.current_task(self._loop)
        st: List[inspect.FrameInfo] = getattr(task, "__pw_stack__", inspect.stack())
        parsed_st = _extract_stack_trace_information_from_stack(st, is_internal)
        self._api_zone.set(parsed_st)
        try:
            return await cb()
        except Exception as error:
&gt;           raise rewrite_error(error, f"{parsed_st['apiName']}: {error}") from None
E           playwright._impl._errors.Error: Page.goto: net::ERR_CONNECTION_REFUSED at http://localhost:8501/
E           Call log:
E             - navigating to "http://localhost:8501/", waiting until "load"

/home/matthew/anaconda3/lib/python3.12/site-packages/playwright/_impl/_connection.py:528: Error</error></testcase><testcase classname="tests.test_dashboard_playwright.TestDataValidation" name="test_nba_has_actual_data" time="0.475"><error message="failed on setup with &quot;playwright._impl._errors.Error: Page.goto: net::ERR_CONNECTION_REFUSED at http://localhost:8501/&#10;Call log:&#10;  - navigating to &quot;http://localhost:8501/&quot;, waiting until &quot;load&quot;&quot;">dashboard_url = 'http://localhost:8501'
playwright = &lt;playwright._impl._playwright.Playwright object at 0x7fcaf8ccea50&gt;

    @pytest.fixture(scope="function")
    def page(dashboard_url, playwright):
        """Create a new page for each test."""
        browser = playwright.chromium.launch(headless=True)
        context = browser.new_context()
        page = context.new_page()
&gt;       page.goto(dashboard_url)

tests/test_dashboard_playwright.py:34:
_ _ _ _ _ _ _ _ _ _ _ _ _ _ _ _ _ _ _ _ _ _ _ _ _ _ _ _ _ _ _ _ _ _ _ _ _ _ _ _
/home/matthew/anaconda3/lib/python3.12/site-packages/playwright/sync_api/_generated.py:9006: in goto
    self._sync(
/home/matthew/anaconda3/lib/python3.12/site-packages/playwright/_impl/_page.py:551: in goto
    return await self._main_frame.goto(**locals_to_params(locals()))
           ^^^^^^^^^^^^^^^^^^^^^^^^^^^^^^^^^^^^^^^^^^^^^^^^^^^^^^^^^
/home/matthew/anaconda3/lib/python3.12/site-packages/playwright/_impl/_frame.py:145: in goto
    await self._channel.send("goto", locals_to_params(locals()))
/home/matthew/anaconda3/lib/python3.12/site-packages/playwright/_impl/_connection.py:61: in send
    return await self._connection.wrap_api_call(
_ _ _ _ _ _ _ _ _ _ _ _ _ _ _ _ _ _ _ _ _ _ _ _ _ _ _ _ _ _ _ _ _ _ _ _ _ _ _ _

self = &lt;playwright._impl._connection.Connection object at 0x7fcb033996a0&gt;
cb = &lt;function Channel.send.&lt;locals&gt;.&lt;lambda&gt; at 0x7fcaf82ff4c0&gt;
is_internal = False

    async def wrap_api_call(
        self, cb: Callable[[], Any], is_internal: bool = False
    ) -&gt; Any:
        if self._api_zone.get():
            return await cb()
        task = asyncio.current_task(self._loop)
        st: List[inspect.FrameInfo] = getattr(task, "__pw_stack__", inspect.stack())
        parsed_st = _extract_stack_trace_information_from_stack(st, is_internal)
        self._api_zone.set(parsed_st)
        try:
            return await cb()
        except Exception as error:
&gt;           raise rewrite_error(error, f"{parsed_st['apiName']}: {error}") from None
E           playwright._impl._errors.Error: Page.goto: net::ERR_CONNECTION_REFUSED at http://localhost:8501/
E           Call log:
E             - navigating to "http://localhost:8501/", waiting until "load"

/home/matthew/anaconda3/lib/python3.12/site-packages/playwright/_impl/_connection.py:528: Error</error></testcase><testcase classname="tests.test_dashboard_playwright.TestDataValidation" name="test_wncaab_data_presence" time="0.456"><error message="failed on setup with &quot;playwright._impl._errors.Error: Page.goto: net::ERR_CONNECTION_REFUSED at http://localhost:8501/&#10;Call log:&#10;  - navigating to &quot;http://localhost:8501/&quot;, waiting until &quot;load&quot;&quot;">dashboard_url = 'http://localhost:8501'
playwright = &lt;playwright._impl._playwright.Playwright object at 0x7fcaf8ccea50&gt;

    @pytest.fixture(scope="function")
    def page(dashboard_url, playwright):
        """Create a new page for each test."""
        browser = playwright.chromium.launch(headless=True)
        context = browser.new_context()
        page = context.new_page()
&gt;       page.goto(dashboard_url)

tests/test_dashboard_playwright.py:34:
_ _ _ _ _ _ _ _ _ _ _ _ _ _ _ _ _ _ _ _ _ _ _ _ _ _ _ _ _ _ _ _ _ _ _ _ _ _ _ _
/home/matthew/anaconda3/lib/python3.12/site-packages/playwright/sync_api/_generated.py:9006: in goto
    self._sync(
/home/matthew/anaconda3/lib/python3.12/site-packages/playwright/_impl/_page.py:551: in goto
    return await self._main_frame.goto(**locals_to_params(locals()))
           ^^^^^^^^^^^^^^^^^^^^^^^^^^^^^^^^^^^^^^^^^^^^^^^^^^^^^^^^^
/home/matthew/anaconda3/lib/python3.12/site-packages/playwright/_impl/_frame.py:145: in goto
    await self._channel.send("goto", locals_to_params(locals()))
/home/matthew/anaconda3/lib/python3.12/site-packages/playwright/_impl/_connection.py:61: in send
    return await self._connection.wrap_api_call(
_ _ _ _ _ _ _ _ _ _ _ _ _ _ _ _ _ _ _ _ _ _ _ _ _ _ _ _ _ _ _ _ _ _ _ _ _ _ _ _

self = &lt;playwright._impl._connection.Connection object at 0x7fcb033996a0&gt;
cb = &lt;function Channel.send.&lt;locals&gt;.&lt;lambda&gt; at 0x7fcaf82c7560&gt;
is_internal = False

    async def wrap_api_call(
        self, cb: Callable[[], Any], is_internal: bool = False
    ) -&gt; Any:
        if self._api_zone.get():
            return await cb()
        task = asyncio.current_task(self._loop)
        st: List[inspect.FrameInfo] = getattr(task, "__pw_stack__", inspect.stack())
        parsed_st = _extract_stack_trace_information_from_stack(st, is_internal)
        self._api_zone.set(parsed_st)
        try:
            return await cb()
        except Exception as error:
&gt;           raise rewrite_error(error, f"{parsed_st['apiName']}: {error}") from None
E           playwright._impl._errors.Error: Page.goto: net::ERR_CONNECTION_REFUSED at http://localhost:8501/
E           Call log:
E             - navigating to "http://localhost:8501/", waiting until "load"

/home/matthew/anaconda3/lib/python3.12/site-packages/playwright/_impl/_connection.py:528: Error</error></testcase><testcase classname="tests.test_dashboard_playwright.TestChartInteractivity" name="test_chart_hover_functionality" time="0.457"><error message="failed on setup with &quot;playwright._impl._errors.Error: Page.goto: net::ERR_CONNECTION_REFUSED at http://localhost:8501/&#10;Call log:&#10;  - navigating to &quot;http://localhost:8501/&quot;, waiting until &quot;load&quot;&quot;">dashboard_url = 'http://localhost:8501'
playwright = &lt;playwright._impl._playwright.Playwright object at 0x7fcaf8ccea50&gt;

    @pytest.fixture(scope="function")
    def page(dashboard_url, playwright):
        """Create a new page for each test."""
        browser = playwright.chromium.launch(headless=True)
        context = browser.new_context()
        page = context.new_page()
&gt;       page.goto(dashboard_url)

tests/test_dashboard_playwright.py:34:
_ _ _ _ _ _ _ _ _ _ _ _ _ _ _ _ _ _ _ _ _ _ _ _ _ _ _ _ _ _ _ _ _ _ _ _ _ _ _ _
/home/matthew/anaconda3/lib/python3.12/site-packages/playwright/sync_api/_generated.py:9006: in goto
    self._sync(
/home/matthew/anaconda3/lib/python3.12/site-packages/playwright/_impl/_page.py:551: in goto
    return await self._main_frame.goto(**locals_to_params(locals()))
           ^^^^^^^^^^^^^^^^^^^^^^^^^^^^^^^^^^^^^^^^^^^^^^^^^^^^^^^^^
/home/matthew/anaconda3/lib/python3.12/site-packages/playwright/_impl/_frame.py:145: in goto
    await self._channel.send("goto", locals_to_params(locals()))
/home/matthew/anaconda3/lib/python3.12/site-packages/playwright/_impl/_connection.py:61: in send
    return await self._connection.wrap_api_call(
_ _ _ _ _ _ _ _ _ _ _ _ _ _ _ _ _ _ _ _ _ _ _ _ _ _ _ _ _ _ _ _ _ _ _ _ _ _ _ _

self = &lt;playwright._impl._connection.Connection object at 0x7fcb033996a0&gt;
cb = &lt;function Channel.send.&lt;locals&gt;.&lt;lambda&gt; at 0x7fcaf82c6f20&gt;
is_internal = False

    async def wrap_api_call(
        self, cb: Callable[[], Any], is_internal: bool = False
    ) -&gt; Any:
        if self._api_zone.get():
            return await cb()
        task = asyncio.current_task(self._loop)
        st: List[inspect.FrameInfo] = getattr(task, "__pw_stack__", inspect.stack())
        parsed_st = _extract_stack_trace_information_from_stack(st, is_internal)
        self._api_zone.set(parsed_st)
        try:
            return await cb()
        except Exception as error:
&gt;           raise rewrite_error(error, f"{parsed_st['apiName']}: {error}") from None
E           playwright._impl._errors.Error: Page.goto: net::ERR_CONNECTION_REFUSED at http://localhost:8501/
E           Call log:
E             - navigating to "http://localhost:8501/", waiting until "load"

/home/matthew/anaconda3/lib/python3.12/site-packages/playwright/_impl/_connection.py:528: Error</error></testcase><testcase classname="tests.test_dashboard_playwright.TestChartInteractivity" name="test_chart_zoom_controls" time="0.486"><error message="failed on setup with &quot;playwright._impl._errors.Error: Page.goto: net::ERR_CONNECTION_REFUSED at http://localhost:8501/&#10;Call log:&#10;  - navigating to &quot;http://localhost:8501/&quot;, waiting until &quot;load&quot;&quot;">dashboard_url = 'http://localhost:8501'
playwright = &lt;playwright._impl._playwright.Playwright object at 0x7fcaf8ccea50&gt;

    @pytest.fixture(scope="function")
    def page(dashboard_url, playwright):
        """Create a new page for each test."""
        browser = playwright.chromium.launch(headless=True)
        context = browser.new_context()
        page = context.new_page()
&gt;       page.goto(dashboard_url)

tests/test_dashboard_playwright.py:34:
_ _ _ _ _ _ _ _ _ _ _ _ _ _ _ _ _ _ _ _ _ _ _ _ _ _ _ _ _ _ _ _ _ _ _ _ _ _ _ _
/home/matthew/anaconda3/lib/python3.12/site-packages/playwright/sync_api/_generated.py:9006: in goto
    self._sync(
/home/matthew/anaconda3/lib/python3.12/site-packages/playwright/_impl/_page.py:551: in goto
    return await self._main_frame.goto(**locals_to_params(locals()))
           ^^^^^^^^^^^^^^^^^^^^^^^^^^^^^^^^^^^^^^^^^^^^^^^^^^^^^^^^^
/home/matthew/anaconda3/lib/python3.12/site-packages/playwright/_impl/_frame.py:145: in goto
    await self._channel.send("goto", locals_to_params(locals()))
/home/matthew/anaconda3/lib/python3.12/site-packages/playwright/_impl/_connection.py:61: in send
    return await self._connection.wrap_api_call(
_ _ _ _ _ _ _ _ _ _ _ _ _ _ _ _ _ _ _ _ _ _ _ _ _ _ _ _ _ _ _ _ _ _ _ _ _ _ _ _

self = &lt;playwright._impl._connection.Connection object at 0x7fcb033996a0&gt;
cb = &lt;function Channel.send.&lt;locals&gt;.&lt;lambda&gt; at 0x7fcaf82ff240&gt;
is_internal = False

    async def wrap_api_call(
        self, cb: Callable[[], Any], is_internal: bool = False
    ) -&gt; Any:
        if self._api_zone.get():
            return await cb()
        task = asyncio.current_task(self._loop)
        st: List[inspect.FrameInfo] = getattr(task, "__pw_stack__", inspect.stack())
        parsed_st = _extract_stack_trace_information_from_stack(st, is_internal)
        self._api_zone.set(parsed_st)
        try:
            return await cb()
        except Exception as error:
&gt;           raise rewrite_error(error, f"{parsed_st['apiName']}: {error}") from None
E           playwright._impl._errors.Error: Page.goto: net::ERR_CONNECTION_REFUSED at http://localhost:8501/
E           Call log:
E             - navigating to "http://localhost:8501/", waiting until "load"

/home/matthew/anaconda3/lib/python3.12/site-packages/playwright/_impl/_connection.py:528: Error</error></testcase><testcase classname="tests.test_dashboard_playwright.TestResponsiveness" name="test_mobile_viewport" time="0.430"><failure message="playwright._impl._errors.Error: Page.goto: net::ERR_CONNECTION_REFUSED at http://localhost:8501/&#10;Call log:&#10;  - navigating to &quot;http://localhost:8501/&quot;, waiting until &quot;load&quot;">self = &lt;tests.test_dashboard_playwright.TestResponsiveness object at 0x7fcafa582de0&gt;
dashboard_url = 'http://localhost:8501'
playwright = &lt;playwright._impl._playwright.Playwright object at 0x7fcaf8ccea50&gt;

    def test_mobile_viewport(self, dashboard_url, playwright):
        """Test dashboard in mobile viewport."""
        browser = playwright.chromium.launch(headless=True)
        context = browser.new_context(viewport={"width": 375, "height": 667})
        page = context.new_page()
&gt;       page.goto(dashboard_url)

tests/test_dashboard_playwright.py:656:
_ _ _ _ _ _ _ _ _ _ _ _ _ _ _ _ _ _ _ _ _ _ _ _ _ _ _ _ _ _ _ _ _ _ _ _ _ _ _ _
/home/matthew/anaconda3/lib/python3.12/site-packages/playwright/sync_api/_generated.py:9006: in goto
    self._sync(
/home/matthew/anaconda3/lib/python3.12/site-packages/playwright/_impl/_page.py:551: in goto
    return await self._main_frame.goto(**locals_to_params(locals()))
           ^^^^^^^^^^^^^^^^^^^^^^^^^^^^^^^^^^^^^^^^^^^^^^^^^^^^^^^^^
/home/matthew/anaconda3/lib/python3.12/site-packages/playwright/_impl/_frame.py:145: in goto
    await self._channel.send("goto", locals_to_params(locals()))
/home/matthew/anaconda3/lib/python3.12/site-packages/playwright/_impl/_connection.py:61: in send
    return await self._connection.wrap_api_call(
_ _ _ _ _ _ _ _ _ _ _ _ _ _ _ _ _ _ _ _ _ _ _ _ _ _ _ _ _ _ _ _ _ _ _ _ _ _ _ _

self = &lt;playwright._impl._connection.Connection object at 0x7fcb033996a0&gt;
cb = &lt;function Channel.send.&lt;locals&gt;.&lt;lambda&gt; at 0x7fcaf82ff7e0&gt;
is_internal = False

    async def wrap_api_call(
        self, cb: Callable[[], Any], is_internal: bool = False
    ) -&gt; Any:
        if self._api_zone.get():
            return await cb()
        task = asyncio.current_task(self._loop)
        st: List[inspect.FrameInfo] = getattr(task, "__pw_stack__", inspect.stack())
        parsed_st = _extract_stack_trace_information_from_stack(st, is_internal)
        self._api_zone.set(parsed_st)
        try:
            return await cb()
        except Exception as error:
&gt;           raise rewrite_error(error, f"{parsed_st['apiName']}: {error}") from None
E           playwright._impl._errors.Error: Page.goto: net::ERR_CONNECTION_REFUSED at http://localhost:8501/
E           Call log:
E             - navigating to "http://localhost:8501/", waiting until "load"

/home/matthew/anaconda3/lib/python3.12/site-packages/playwright/_impl/_connection.py:528: Error</failure></testcase><testcase classname="tests.test_dashboard_playwright.TestResponsiveness" name="test_tablet_viewport" time="0.504"><failure message="playwright._impl._errors.Error: Page.goto: net::ERR_CONNECTION_REFUSED at http://localhost:8501/&#10;Call log:&#10;  - navigating to &quot;http://localhost:8501/&quot;, waiting until &quot;load&quot;">self = &lt;tests.test_dashboard_playwright.TestResponsiveness object at 0x7fcafa5832c0&gt;
dashboard_url = 'http://localhost:8501'
playwright = &lt;playwright._impl._playwright.Playwright object at 0x7fcaf8ccea50&gt;

    def test_tablet_viewport(self, dashboard_url, playwright):
        """Test dashboard in tablet viewport."""
        browser = playwright.chromium.launch(headless=True)
        context = browser.new_context(viewport={"width": 768, "height": 1024})
        page = context.new_page()
&gt;       page.goto(dashboard_url)

tests/test_dashboard_playwright.py:672:
_ _ _ _ _ _ _ _ _ _ _ _ _ _ _ _ _ _ _ _ _ _ _ _ _ _ _ _ _ _ _ _ _ _ _ _ _ _ _ _
/home/matthew/anaconda3/lib/python3.12/site-packages/playwright/sync_api/_generated.py:9006: in goto
    self._sync(
/home/matthew/anaconda3/lib/python3.12/site-packages/playwright/_impl/_page.py:551: in goto
    return await self._main_frame.goto(**locals_to_params(locals()))
           ^^^^^^^^^^^^^^^^^^^^^^^^^^^^^^^^^^^^^^^^^^^^^^^^^^^^^^^^^
/home/matthew/anaconda3/lib/python3.12/site-packages/playwright/_impl/_frame.py:145: in goto
    await self._channel.send("goto", locals_to_params(locals()))
/home/matthew/anaconda3/lib/python3.12/site-packages/playwright/_impl/_connection.py:61: in send
    return await self._connection.wrap_api_call(
_ _ _ _ _ _ _ _ _ _ _ _ _ _ _ _ _ _ _ _ _ _ _ _ _ _ _ _ _ _ _ _ _ _ _ _ _ _ _ _

self = &lt;playwright._impl._connection.Connection object at 0x7fcb033996a0&gt;
cb = &lt;function Channel.send.&lt;locals&gt;.&lt;lambda&gt; at 0x7fcaf82fc5e0&gt;
is_internal = False

    async def wrap_api_call(
        self, cb: Callable[[], Any], is_internal: bool = False
    ) -&gt; Any:
        if self._api_zone.get():
            return await cb()
        task = asyncio.current_task(self._loop)
        st: List[inspect.FrameInfo] = getattr(task, "__pw_stack__", inspect.stack())
        parsed_st = _extract_stack_trace_information_from_stack(st, is_internal)
        self._api_zone.set(parsed_st)
        try:
            return await cb()
        except Exception as error:
&gt;           raise rewrite_error(error, f"{parsed_st['apiName']}: {error}") from None
E           playwright._impl._errors.Error: Page.goto: net::ERR_CONNECTION_REFUSED at http://localhost:8501/
E           Call log:
E             - navigating to "http://localhost:8501/", waiting until "load"

/home/matthew/anaconda3/lib/python3.12/site-packages/playwright/_impl/_connection.py:528: Error</failure></testcase><testcase classname="tests.test_dashboard_playwright.TestErrorHandling" name="test_missing_data_shows_message" time="0.459"><error message="failed on setup with &quot;playwright._impl._errors.Error: Page.goto: net::ERR_CONNECTION_REFUSED at http://localhost:8501/&#10;Call log:&#10;  - navigating to &quot;http://localhost:8501/&quot;, waiting until &quot;load&quot;&quot;">dashboard_url = 'http://localhost:8501'
playwright = &lt;playwright._impl._playwright.Playwright object at 0x7fcaf8ccea50&gt;

    @pytest.fixture(scope="function")
    def page(dashboard_url, playwright):
        """Create a new page for each test."""
        browser = playwright.chromium.launch(headless=True)
        context = browser.new_context()
        page = context.new_page()
&gt;       page.goto(dashboard_url)

tests/test_dashboard_playwright.py:34:
_ _ _ _ _ _ _ _ _ _ _ _ _ _ _ _ _ _ _ _ _ _ _ _ _ _ _ _ _ _ _ _ _ _ _ _ _ _ _ _
/home/matthew/anaconda3/lib/python3.12/site-packages/playwright/sync_api/_generated.py:9006: in goto
    self._sync(
/home/matthew/anaconda3/lib/python3.12/site-packages/playwright/_impl/_page.py:551: in goto
    return await self._main_frame.goto(**locals_to_params(locals()))
           ^^^^^^^^^^^^^^^^^^^^^^^^^^^^^^^^^^^^^^^^^^^^^^^^^^^^^^^^^
/home/matthew/anaconda3/lib/python3.12/site-packages/playwright/_impl/_frame.py:145: in goto
    await self._channel.send("goto", locals_to_params(locals()))
/home/matthew/anaconda3/lib/python3.12/site-packages/playwright/_impl/_connection.py:61: in send
    return await self._connection.wrap_api_call(
_ _ _ _ _ _ _ _ _ _ _ _ _ _ _ _ _ _ _ _ _ _ _ _ _ _ _ _ _ _ _ _ _ _ _ _ _ _ _ _

self = &lt;playwright._impl._connection.Connection object at 0x7fcb033996a0&gt;
cb = &lt;function Channel.send.&lt;locals&gt;.&lt;lambda&gt; at 0x7fcae6d359e0&gt;
is_internal = False

    async def wrap_api_call(
        self, cb: Callable[[], Any], is_internal: bool = False
    ) -&gt; Any:
        if self._api_zone.get():
            return await cb()
        task = asyncio.current_task(self._loop)
        st: List[inspect.FrameInfo] = getattr(task, "__pw_stack__", inspect.stack())
        parsed_st = _extract_stack_trace_information_from_stack(st, is_internal)
        self._api_zone.set(parsed_st)
        try:
            return await cb()
        except Exception as error:
&gt;           raise rewrite_error(error, f"{parsed_st['apiName']}: {error}") from None
E           playwright._impl._errors.Error: Page.goto: net::ERR_CONNECTION_REFUSED at http://localhost:8501/
E           Call log:
E             - navigating to "http://localhost:8501/", waiting until "load"

/home/matthew/anaconda3/lib/python3.12/site-packages/playwright/_impl/_connection.py:528: Error</error></testcase><testcase classname="tests.test_dashboard_playwright.TestPerformance" name="test_initial_load_time" time="0.498"><failure message="playwright._impl._errors.Error: Page.goto: net::ERR_CONNECTION_REFUSED at http://localhost:8501/&#10;Call log:&#10;  - navigating to &quot;http://localhost:8501/&quot;, waiting until &quot;load&quot;">self = &lt;tests.test_dashboard_playwright.TestPerformance object at 0x7fcafa583d40&gt;
dashboard_url = 'http://localhost:8501'
playwright = &lt;playwright._impl._playwright.Playwright object at 0x7fcaf8ccea50&gt;

    def test_initial_load_time(self, dashboard_url, playwright):
        """Test dashboard loads within reasonable time."""
        browser = playwright.chromium.launch(headless=True)
        context = browser.new_context()
        page = context.new_page()

        start = time.time()
&gt;       page.goto(dashboard_url)

tests/test_dashboard_playwright.py:725:
_ _ _ _ _ _ _ _ _ _ _ _ _ _ _ _ _ _ _ _ _ _ _ _ _ _ _ _ _ _ _ _ _ _ _ _ _ _ _ _
/home/matthew/anaconda3/lib/python3.12/site-packages/playwright/sync_api/_generated.py:9006: in goto
    self._sync(
/home/matthew/anaconda3/lib/python3.12/site-packages/playwright/_impl/_page.py:551: in goto
    return await self._main_frame.goto(**locals_to_params(locals()))
           ^^^^^^^^^^^^^^^^^^^^^^^^^^^^^^^^^^^^^^^^^^^^^^^^^^^^^^^^^
/home/matthew/anaconda3/lib/python3.12/site-packages/playwright/_impl/_frame.py:145: in goto
    await self._channel.send("goto", locals_to_params(locals()))
/home/matthew/anaconda3/lib/python3.12/site-packages/playwright/_impl/_connection.py:61: in send
    return await self._connection.wrap_api_call(
_ _ _ _ _ _ _ _ _ _ _ _ _ _ _ _ _ _ _ _ _ _ _ _ _ _ _ _ _ _ _ _ _ _ _ _ _ _ _ _

self = &lt;playwright._impl._connection.Connection object at 0x7fcb033996a0&gt;
cb = &lt;function Channel.send.&lt;locals&gt;.&lt;lambda&gt; at 0x7fcae6d35760&gt;
is_internal = False

    async def wrap_api_call(
        self, cb: Callable[[], Any], is_internal: bool = False
    ) -&gt; Any:
        if self._api_zone.get():
            return await cb()
        task = asyncio.current_task(self._loop)
        st: List[inspect.FrameInfo] = getattr(task, "__pw_stack__", inspect.stack())
        parsed_st = _extract_stack_trace_information_from_stack(st, is_internal)
        self._api_zone.set(parsed_st)
        try:
            return await cb()
        except Exception as error:
&gt;           raise rewrite_error(error, f"{parsed_st['apiName']}: {error}") from None
E           playwright._impl._errors.Error: Page.goto: net::ERR_CONNECTION_REFUSED at http://localhost:8501/
E           Call log:
E             - navigating to "http://localhost:8501/", waiting until "load"

/home/matthew/anaconda3/lib/python3.12/site-packages/playwright/_impl/_connection.py:528: Error</failure></testcase><testcase classname="tests.test_dashboard_playwright.TestPerformance" name="test_sport_switch_performance" time="0.468"><error message="failed on setup with &quot;playwright._impl._errors.Error: Page.goto: net::ERR_CONNECTION_REFUSED at http://localhost:8501/&#10;Call log:&#10;  - navigating to &quot;http://localhost:8501/&quot;, waiting until &quot;load&quot;&quot;">dashboard_url = 'http://localhost:8501'
playwright = &lt;playwright._impl._playwright.Playwright object at 0x7fcaf8ccea50&gt;

    @pytest.fixture(scope="function")
    def page(dashboard_url, playwright):
        """Create a new page for each test."""
        browser = playwright.chromium.launch(headless=True)
        context = browser.new_context()
        page = context.new_page()
&gt;       page.goto(dashboard_url)

tests/test_dashboard_playwright.py:34:
_ _ _ _ _ _ _ _ _ _ _ _ _ _ _ _ _ _ _ _ _ _ _ _ _ _ _ _ _ _ _ _ _ _ _ _ _ _ _ _
/home/matthew/anaconda3/lib/python3.12/site-packages/playwright/sync_api/_generated.py:9006: in goto
    self._sync(
/home/matthew/anaconda3/lib/python3.12/site-packages/playwright/_impl/_page.py:551: in goto
    return await self._main_frame.goto(**locals_to_params(locals()))
           ^^^^^^^^^^^^^^^^^^^^^^^^^^^^^^^^^^^^^^^^^^^^^^^^^^^^^^^^^
/home/matthew/anaconda3/lib/python3.12/site-packages/playwright/_impl/_frame.py:145: in goto
    await self._channel.send("goto", locals_to_params(locals()))
/home/matthew/anaconda3/lib/python3.12/site-packages/playwright/_impl/_connection.py:61: in send
    return await self._connection.wrap_api_call(
_ _ _ _ _ _ _ _ _ _ _ _ _ _ _ _ _ _ _ _ _ _ _ _ _ _ _ _ _ _ _ _ _ _ _ _ _ _ _ _

self = &lt;playwright._impl._connection.Connection object at 0x7fcb033996a0&gt;
cb = &lt;function Channel.send.&lt;locals&gt;.&lt;lambda&gt; at 0x7fcae6d084a0&gt;
is_internal = False

    async def wrap_api_call(
        self, cb: Callable[[], Any], is_internal: bool = False
    ) -&gt; Any:
        if self._api_zone.get():
            return await cb()
        task = asyncio.current_task(self._loop)
        st: List[inspect.FrameInfo] = getattr(task, "__pw_stack__", inspect.stack())
        parsed_st = _extract_stack_trace_information_from_stack(st, is_internal)
        self._api_zone.set(parsed_st)
        try:
            return await cb()
        except Exception as error:
&gt;           raise rewrite_error(error, f"{parsed_st['apiName']}: {error}") from None
E           playwright._impl._errors.Error: Page.goto: net::ERR_CONNECTION_REFUSED at http://localhost:8501/
E           Call log:
E             - navigating to "http://localhost:8501/", waiting until "load"

/home/matthew/anaconda3/lib/python3.12/site-packages/playwright/_impl/_connection.py:528: Error</error></testcase><testcase classname="tests.test_dashboard_shows_today" name="test_dashboard_shows_todays_date" time="0.001"><skipped type="pytest.skip" message="Integration test requires production PostgreSQL database">/mnt/data2/nhlstats/tests/test_dashboard_shows_today.py:32: Integration test requires production PostgreSQL database</skipped></testcase><testcase classname="tests.test_data_ingestion_integration.TestDataIngestionToDatabaseIntegration" name="test_nba_data_ingestion_pipeline" time="3.011"><failure message="AttributeError: 'DatabaseSchemaManager' object has no attribute 'create_unified_tables'">self = &lt;tests.test_data_ingestion_integration.TestDataIngestionToDatabaseIntegration object at 0x7fcafa5963c0&gt;

    def test_nba_data_ingestion_pipeline(self):
        """
        Test complete NBA data ingestion pipeline:
        1. Mock NBA API responses
        2. Download game data
        3. Load into database
        4. Verify data integrity
        """
        print("\n" + "=" * 80)
        print("Integration Test: NBA Data Ingestion → Database Pipeline")
        print("=" * 80)

        # Create temporary directory for test data
        with tempfile.TemporaryDirectory() as tmpdir:
            tmp_path = Path(tmpdir)

            # Step 1: Mock NBA API responses
            print("\nStep 1: Setting up mock NBA API responses...")

            # Create mock scoreboard response
            mock_scoreboard = {
                "resultSets": [
                    {
                        "name": "GameHeader",
                        "headers": [
                            "GAME_ID",
                            "GAME_DATE_EST",
                            "HOME_TEAM_ID",
                            "VISITOR_TEAM_ID",
                            "SEASON",
                            "GAME_STATUS_TEXT",
                            "GAMECODE",
                        ],
                        "rowSet": [
                            [
                                "0022301234",
                                "2026-01-24T00:00:00",
                                1610612747,
                                1610612748,
                                "2025",
                                "Final",
                                "2026/LALDAL",
                            ],
                            [
                                "0022301235",
                                "2026-01-24T00:00:00",
                                1610612738,
                                1610612751,
                                "2025",
                                "Final",
                                "2026/BOSNYK",
                            ],
                        ],
                    },
                    {
                        "name": "LineScore",
                        "headers": ["GAME_ID", "TEAM_ID", "TEAM_ABBREVIATION", "PTS"],
                        "rowSet": [
                            ["0022301234", 1610612747, "LAL", 112],
                            ["0022301234", 1610612748, "DAL", 108],
                            ["0022301235", 1610612738, "BOS", 105],
                            ["0022301235", 1610612751, "NYK", 98],
                        ],
                    },
                ]
            }

            # Create mock boxscore response
            mock_boxscore = {
                "resultSets": [
                    {
                        "name": "GameSummary",
                        "headers": ["GAME_ID", "GAME_DATE_EST"],
                        "rowSet": [["0022301234", "2026-01-24T00:00:00"]],
                    }
                ]
            }

            # Step 2: Mock the NBA API calls
            print("Step 2: Mocking NBA API calls...")

            with patch("plugins.nba_games.requests.get") as mock_get:
                # Configure mock responses
                mock_response_scoreboard = Mock()
                mock_response_scoreboard.status_code = 200
                mock_response_scoreboard.json.return_value = mock_scoreboard

                mock_response_boxscore = Mock()
                mock_response_boxscore.status_code = 200
                mock_response_boxscore.json.return_value = mock_boxscore

                # Mock play-by-play response (can be empty for test)
                mock_response_pbp = Mock()
                mock_response_pbp.status_code = 200
                mock_response_pbp.json.return_value = {"game": {"actions": []}}

                # Set up side effects for different URLs
                def side_effect(url, **kwargs):
                    if "scoreboardv2" in url:
                        return mock_response_scoreboard
                    elif "boxscoretraditionalv2" in url:
                        return mock_response_boxscore
                    elif "cdn.nba.com" in url:
                        return mock_response_pbp
                    return Mock(status_code=404)

                mock_get.side_effect = side_effect

                # Step 3: Download NBA games
                print("Step 3: Downloading NBA game data...")

                nba_fetcher = NBAGames(output_dir=str(tmp_path / "nba" / "2026-01-24"))
                games_downloaded = nba_fetcher.download_games_for_date("2026-01-24")

                assert games_downloaded == 2, (
                    f"Expected 2 games, got {games_downloaded}"
                )
                print(f"✓ Downloaded {games_downloaded} NBA games")

                # Verify files were created
                scoreboard_file = (
                    tmp_path / "nba" / "2026-01-24" / "scoreboard_2026-01-24.json"
                )
                assert scoreboard_file.exists(), "Scoreboard file not created"

                boxscore_file = (
                    tmp_path / "nba" / "2026-01-24" / "boxscore_0022301234.json"
                )
                assert boxscore_file.exists(), "Boxscore file not created"

                print("✓ Game data files created successfully")

            # Step 4: Load data into database
            print("\nStep 4: Loading data into database...")

            # Initialize database schema
            schema_manager = DatabaseSchemaManager()
&gt;           schema_manager.create_unified_tables()
            ^^^^^^^^^^^^^^^^^^^^^^^^^^^^^^^^^^^^
E           AttributeError: 'DatabaseSchemaManager' object has no attribute 'create_unified_tables'

tests/test_data_ingestion_integration.py:162: AttributeError</failure></testcase><testcase classname="tests.test_data_ingestion_integration.TestDataIngestionToDatabaseIntegration" name="test_multi_sport_data_integration" time="0.004"><failure message="AttributeError: 'DatabaseSchemaManager' object has no attribute 'create_unified_tables'">self = &lt;tests.test_data_ingestion_integration.TestDataIngestionToDatabaseIntegration object at 0x7fcafa596870&gt;

    def test_multi_sport_data_integration(self):
        """
        Test integration across multiple sports to ensure consistency.
        """
        print("\n" + "=" * 80)
        print("Integration Test: Multi-Sport Data Consistency")
        print("=" * 80)

        # Initialize database
        schema_manager = DatabaseSchemaManager()
&gt;       schema_manager.create_unified_tables()
        ^^^^^^^^^^^^^^^^^^^^^^^^^^^^^^^^^^^^
E       AttributeError: 'DatabaseSchemaManager' object has no attribute 'create_unified_tables'

tests/test_data_ingestion_integration.py:275: AttributeError</failure></testcase><testcase classname="tests.test_data_ingestion_integration.TestDataIngestionToDatabaseIntegration" name="test_data_validation_integration" time="0.005" /><testcase classname="tests.test_data_validation.TestExpectedTeams" name="test_nba_has_30_teams" time="0.005" /><testcase classname="tests.test_data_validation.TestExpectedTeams" name="test_nhl_has_32_plus_teams" time="0.003" /><testcase classname="tests.test_data_validation.TestExpectedTeams" name="test_mlb_has_30_teams" time="0.004" /><testcase classname="tests.test_data_validation.TestExpectedTeams" name="test_nfl_has_32_teams" time="0.003" /><testcase classname="tests.test_data_validation.TestExpectedTeams" name="test_nba_teams_are_unique" time="0.003" /><testcase classname="tests.test_data_validation.TestExpectedTeams" name="test_nhl_teams_are_unique" time="0.002" /><testcase classname="tests.test_data_validation.TestExpectedTeams" name="test_mlb_teams_are_unique" time="0.003" /><testcase classname="tests.test_data_validation.TestExpectedTeams" name="test_nfl_teams_are_unique" time="0.004" /><testcase classname="tests.test_data_validation.TestSeasonInfo" name="test_nba_season_info" time="0.004" /><testcase classname="tests.test_data_validation.TestSeasonInfo" name="test_nhl_season_info" time="0.002" /><testcase classname="tests.test_data_validation.TestSeasonInfo" name="test_mlb_season_info" time="0.005" /><testcase classname="tests.test_data_validation.TestSeasonInfo" name="test_nfl_season_info" time="0.004" /><testcase classname="tests.test_data_validation.TestTeamNameNormalization" name="test_normalize_team_name_lowercase" time="0.004" /><testcase classname="tests.test_data_validation.TestTeamNameNormalization" name="test_normalize_team_name_strip_spaces" time="0.004" /><testcase classname="tests.test_data_validation.TestTeamNameNormalization" name="test_normalize_team_name_abbreviation" time="0.002" /><testcase classname="tests.test_data_validation.TestGameCountValidation" name="test_nba_season_has_correct_games" time="0.003" /><testcase classname="tests.test_data_validation.TestGameCountValidation" name="test_nhl_season_has_correct_games" time="0.002" /><testcase classname="tests.test_data_validation.TestGameCountValidation" name="test_mlb_season_has_correct_games" time="0.004" /><testcase classname="tests.test_data_validation.TestGameCountValidation" name="test_nfl_season_has_correct_games" time="0.003" /><testcase classname="tests.test_data_validation.TestDateValidation" name="test_date_in_season_nba" time="0.004" /><testcase classname="tests.test_data_validation.TestDateValidation" name="test_date_in_season_mlb" time="0.003" /><testcase classname="tests.test_data_validation.TestDataQualityChecks" name="test_null_check" time="0.004" /><testcase classname="tests.test_data_validation.TestDataQualityChecks" name="test_score_validity" time="0.004" /><testcase classname="tests.test_data_validation.TestDataQualityChecks" name="test_date_range_check" time="0.004" /><testcase classname="tests.test_data_validation.TestMissingDataDetection" name="test_find_missing_dates" time="0.003" /><testcase classname="tests.test_data_validation.TestMissingDataDetection" name="test_find_missing_teams" time="0.003" /><testcase classname="tests.test_data_validation.TestValidationReport" name="test_report_structure" time="0.003" /><testcase classname="tests.test_data_validation.TestValidationReport" name="test_report_with_issues" time="0.004" /><testcase classname="tests.test_data_validation_actual.TestDataValidationReport" name="test_create_report" time="0.003" /><testcase classname="tests.test_data_validation_actual.TestDataValidationReport" name="test_report_has_issues" time="0.004" /><testcase classname="tests.test_data_validation_actual.TestExpectedTeams" name="test_nba_teams" time="0.002" /><testcase classname="tests.test_data_validation_actual.TestExpectedTeams" name="test_nhl_teams" time="0.005" /><testcase classname="tests.test_data_validation_actual.TestExpectedTeams" name="test_mlb_teams" time="0.004" /><testcase classname="tests.test_data_validation_actual.TestExpectedTeams" name="test_nfl_teams" time="0.002" /><testcase classname="tests.test_data_validation_actual.TestSeasonInfo" name="test_nba_season" time="0.004" /><testcase classname="tests.test_data_validation_actual.TestSeasonInfo" name="test_nhl_season" time="0.003" /><testcase classname="tests.test_data_validation_actual.TestSeasonInfo" name="test_mlb_season" time="0.002" /><testcase classname="tests.test_data_validation_actual.TestValidateFunctions" name="test_validate_nba_data_no_data" time="0.005" /><testcase classname="tests.test_data_validation_actual.TestValidateFunctions" name="test_validate_nhl_data_no_database" time="0.005" /><testcase classname="tests.test_data_validation_actual.TestValidateFunctions" name="test_validate_mlb_data_no_database" time="0.003" /><testcase classname="tests.test_data_validation_actual.TestValidateFunctions" name="test_validate_nfl_data_no_database" time="0.005" /><testcase classname="tests.test_data_validation_actual.TestValidateEloRatings" name="test_validate_elo_ratings_exists" time="0.002" /><testcase classname="tests.test_data_validation_actual.TestGenerateSummary" name="test_generate_summary_exists" time="0.003" /><testcase classname="tests.test_data_validation_actual.TestMain" name="test_main_exists" time="0.002" /><testcase classname="tests.test_data_validation_actual.TestModuleImports" name="test_import" time="0.003" /><testcase classname="tests.test_data_validation_comprehensive.TestDataValidationReport" name="test_init" time="0.003" /><testcase classname="tests.test_data_validation_comprehensive.TestDataValidationReport" name="test_add_stat" time="0.004" /><testcase classname="tests.test_data_validation_comprehensive.TestDataValidationReport" name="test_add_check_passed" time="0.002" /><testcase classname="tests.test_data_validation_comprehensive.TestDataValidationReport" name="test_add_check_failed" time="0.004" /><testcase classname="tests.test_data_validation_comprehensive.TestDataValidationReport" name="test_print_report" time="0.003" /><testcase classname="tests.test_data_validation_comprehensive.TestDataValidationReport" name="test_is_valid_all_passed" time="0.004" /><testcase classname="tests.test_data_validation_comprehensive.TestDataValidationReport" name="test_is_valid_with_failure" time="0.003" /><testcase classname="tests.test_data_validation_comprehensive.TestValidateNHLData" name="test_function_exists" time="0.004" /><testcase classname="tests.test_data_validation_comprehensive.TestValidateNHLData" name="test_missing_database" time="0.007" /><testcase classname="tests.test_data_validation_comprehensive.TestValidateNBAData" name="test_function_exists" time="0.004" /><testcase classname="tests.test_data_validation_comprehensive.TestValidateMLBData" name="test_function_exists" time="0.003" /><testcase classname="tests.test_data_validation_comprehensive.TestValidateNFLData" name="test_function_exists" time="0.003" /><testcase classname="tests.test_data_validation_comprehensive.TestValidateEPLData" name="test_function_may_exist" time="0.003" /><testcase classname="tests.test_data_validation_comprehensive.TestConstants" name="test_expected_teams" time="0.004" /><testcase classname="tests.test_data_validation_comprehensive.TestConstants" name="test_season_info" time="0.004" /><testcase classname="tests.test_data_validation_comprehensive.TestModuleImports" name="test_import_module" time="0.003" /><testcase classname="tests.test_data_validation_comprehensive.TestMain" name="test_function_exists" time="0.004" /><testcase classname="tests.test_data_validation_comprehensive.TestReportMethods" name="test_get_summary" time="0.004" /><testcase classname="tests.test_data_validation_comprehensive.TestReportMethods" name="test_to_dict" time="0.003" /><testcase classname="tests.test_data_validation_comprehensive.TestValidationChecks" name="test_team_coverage_check" time="0.004" /><testcase classname="tests.test_data_validation_comprehensive.TestValidationChecks" name="test_date_range_check" time="0.004" /><testcase classname="tests.test_data_validation_comprehensive.TestDatabaseQueries" name="test_with_temp_database" time="0.016" /><testcase classname="tests.test_data_validation_comprehensive.TestMultipleSports" name="test_all_validation_functions_exist" time="0.012" /><testcase classname="tests.test_data_validation_comprehensive.TestErrorHandling" name="test_handles_missing_file" time="1.453" /><testcase classname="tests.test_data_validation_comprehensive.TestSeasonCalculations" name="test_season_completeness" time="0.004" /><testcase classname="tests.test_data_validation_full.TestExpectedTeams" name="test_expected_teams_nba_count" time="0.003" /><testcase classname="tests.test_data_validation_full.TestExpectedTeams" name="test_expected_teams_nhl_count" time="0.002" /><testcase classname="tests.test_data_validation_full.TestExpectedTeams" name="test_expected_teams_mlb_count" time="0.002" /><testcase classname="tests.test_data_validation_full.TestExpectedTeams" name="test_expected_teams_nfl_count" time="0.004" /><testcase classname="tests.test_data_validation_full.TestExpectedTeams" name="test_nba_teams_valid" time="0.003" /><testcase classname="tests.test_data_validation_full.TestExpectedTeams" name="test_nhl_teams_valid" time="0.002" /><testcase classname="tests.test_data_validation_full.TestExpectedTeams" name="test_mlb_teams_valid" time="0.002" /><testcase classname="tests.test_data_validation_full.TestExpectedTeams" name="test_nfl_teams_valid" time="0.004" /><testcase classname="tests.test_data_validation_full.TestSeasonInfo" name="test_nba_season_info" time="0.003" /><testcase classname="tests.test_data_validation_full.TestSeasonInfo" name="test_nhl_season_info" time="0.002" /><testcase classname="tests.test_data_validation_full.TestSeasonInfo" name="test_mlb_season_info" time="0.002" /><testcase classname="tests.test_data_validation_full.TestSeasonInfo" name="test_nfl_season_info" time="0.002" /><testcase classname="tests.test_data_validation_full.TestValidationReport" name="test_validation_report_init" time="0.003" /><testcase classname="tests.test_data_validation_full.TestValidationReport" name="test_add_error" time="0.003" /><testcase classname="tests.test_data_validation_full.TestValidationReport" name="test_add_warning" time="0.002" /><testcase classname="tests.test_data_validation_full.TestValidationReport" name="test_add_stat" time="0.002" /><testcase classname="tests.test_data_validation_full.TestValidationReport" name="test_has_errors" time="0.003" /><testcase classname="tests.test_data_validation_full.TestDataValidators" name="test_validate_date_range" time="0.003" /><testcase classname="tests.test_data_validation_full.TestDataValidators" name="test_validate_score_positive" time="0.003" /><testcase classname="tests.test_data_validation_full.TestDataValidators" name="test_validate_score_negative_invalid" time="0.002" /><testcase classname="tests.test_data_validation_full.TestDataValidators" name="test_validate_team_name_not_empty" time="0.002" /><testcase classname="tests.test_data_validation_full.TestDataValidators" name="test_validate_game_id_format" time="0.004" /><testcase classname="tests.test_data_validation_full.TestNullValidation" name="test_find_null_values" time="0.004" /><testcase classname="tests.test_data_validation_full.TestNullValidation" name="test_null_percentage" time="0.002" /><testcase classname="tests.test_data_validation_full.TestTeamCoverage" name="test_missing_teams" time="0.002" /><testcase classname="tests.test_data_validation_full.TestTeamCoverage" name="test_all_teams_present" time="0.004" /><testcase classname="tests.test_data_validation_full.TestDateCoverage" name="test_find_missing_dates" time="0.002" /><testcase classname="tests.test_data_validation_full.TestDateCoverage" name="test_date_range_span" time="0.003" /><testcase classname="tests.test_data_validation_full.TestGameCountValidation" name="test_games_per_team_nba" time="0.002" /><testcase classname="tests.test_data_validation_full.TestGameCountValidation" name="test_total_season_games_mlb" time="0.002" /><testcase classname="tests.test_data_validation_full.TestDataQuality" name="test_score_range_valid" time="0.003" /><testcase classname="tests.test_data_validation_full.TestDataQuality" name="test_invalid_score_detection" time="0.003" /><testcase classname="tests.test_data_validation_full.TestDataQuality" name="test_duplicate_detection" time="0.004" /><testcase classname="tests.test_data_validation_full.TestCrossValidation" name="test_matching_team_names" time="0.003" /><testcase classname="tests.test_data_validation_full.TestCrossValidation" name="test_score_consistency" time="0.003" /><testcase classname="tests.test_data_validation_full.TestSeasonValidation" name="test_regular_season_dates_nba" time="0.002" /><testcase classname="tests.test_data_validation_full.TestSeasonValidation" name="test_playoff_dates_nba" time="0.003" /><testcase classname="tests.test_data_validation_full.TestSeasonValidation" name="test_offseason_detection" time="0.002" /><testcase classname="tests.test_data_validation_targeted.TestDataValidationReportClass" name="test_create_empty_report" time="0.003" /><testcase classname="tests.test_data_validation_targeted.TestDataValidationReportClass" name="test_report_for_all_sports" time="0.002" /><testcase classname="tests.test_data_validation_targeted.TestExpectedTeamsComprehensive" name="test_nba_teams_have_correct_count" time="0.002" /><testcase classname="tests.test_data_validation_targeted.TestExpectedTeamsComprehensive" name="test_nhl_teams_have_correct_count" time="0.003" /><testcase classname="tests.test_data_validation_targeted.TestExpectedTeamsComprehensive" name="test_mlb_teams_have_correct_count" time="0.002" /><testcase classname="tests.test_data_validation_targeted.TestExpectedTeamsComprehensive" name="test_nfl_teams_have_correct_count" time="0.003" /><testcase classname="tests.test_data_validation_targeted.TestSeasonInfoComprehensive" name="test_nba_season_info" time="0.002" /><testcase classname="tests.test_data_validation_targeted.TestSeasonInfoComprehensive" name="test_nhl_season_info" time="0.002" /><testcase classname="tests.test_data_validation_targeted.TestSeasonInfoComprehensive" name="test_mlb_season_info" time="0.002" /><testcase classname="tests.test_data_validation_targeted.TestValidateNBAData" name="test_no_data_directory" time="0.003" /><testcase classname="tests.test_data_validation_targeted.TestValidateNHLData" name="test_no_database" time="0.005" /><testcase classname="tests.test_data_validation_targeted.TestValidateMLBData" name="test_no_database" time="0.004" /><testcase classname="tests.test_data_validation_targeted.TestValidateNFLData" name="test_no_database" time="0.151" /><testcase classname="tests.test_data_validation_targeted.TestValidateEloRatings" name="test_validate_elo_ratings" time="0.012" /><testcase classname="tests.test_data_validation_targeted.TestValidateKalshiIntegration" name="test_validate_kalshi" time="0.003" /><testcase classname="tests.test_data_validation_targeted.TestGenerateSummary" name="test_generate_summary" time="0.002" /><testcase classname="tests.test_data_validation_targeted.TestMainFunction" name="test_main" time="0.013" /><testcase classname="tests.test_db_loader.TestNHLDatabaseLoader" name="test_init" time="0.005" /><testcase classname="tests.test_db_loader.TestNHLDatabaseLoader" name="test_context_manager" time="0.115" /><testcase classname="tests.test_db_loader.TestNHLDatabaseLoader" name="test_connect_creates_tables" time="0.165" /><testcase classname="tests.test_db_loader.TestNHLDatabaseLoader" name="test_connect_retry_on_lock" time="0.147" /><testcase classname="tests.test_db_loader.TestNHLDatabaseLoader" name="test_close" time="0.163" /><testcase classname="tests.test_db_loader.TestDatabaseSchema" name="test_games_table_schema" time="0.145" /><testcase classname="tests.test_db_loader.TestDatabaseSchema" name="test_teams_table_schema" time="0.157" /><testcase classname="tests.test_db_loader.TestDatabaseSchema" name="test_mlb_games_table_schema" time="0.119" /><testcase classname="tests.test_db_loader.TestDatabaseSchema" name="test_nfl_games_table_schema" time="0.109" /><testcase classname="tests.test_db_loader.TestDataInsertion" name="test_insert_game" time="0.123" /><testcase classname="tests.test_db_loader.TestDataInsertion" name="test_insert_duplicate_game_fails" time="0.053"><skipped type="pytest.skip" message="Test requires production PostgreSQL - conftest translates INSERT to ON CONFLICT DO NOTHING">/mnt/data2/nhlstats/tests/test_db_loader.py:216: Test requires production PostgreSQL - conftest translates INSERT to ON CONFLICT DO NOTHING</skipped></testcase><testcase classname="tests.test_db_loader.TestDataInsertion" name="test_insert_team" time="0.079" /><testcase classname="tests.test_db_loader.TestDataQuerying" name="test_query_all_games" time="0.133" /><testcase classname="tests.test_db_loader.TestDataQuerying" name="test_query_games_by_date" time="0.117" /><testcase classname="tests.test_db_loader.TestDataQuerying" name="test_query_games_by_team" time="0.125" /><testcase classname="tests.test_db_loader.TestDataQuerying" name="test_query_home_wins" time="0.134" /><testcase classname="tests.test_db_loader.TestDatabasePathHandling" name="test_create_parent_directory" time="0.131" /><testcase classname="tests.test_db_loader.TestDatabasePathHandling" name="test_relative_path" time="0.117" /><testcase classname="tests.test_db_loader_actual.TestNHLDatabaseLoaderInit" name="test_init_default" time="0.068" /><testcase classname="tests.test_db_loader_actual.TestNHLDatabaseLoaderInit" name="test_init_custom_path" time="0.009" /><testcase classname="tests.test_db_loader_actual.TestNHLDatabaseLoaderConnect" name="test_connect_creates_tables" time="0.069" /><testcase classname="tests.test_db_loader_actual.TestNHLDatabaseLoaderContextManager" name="test_context_manager" time="0.125" /><testcase classname="tests.test_db_loader_actual.TestNHLDatabaseLoaderClose" name="test_close" time="0.110" /><testcase classname="tests.test_db_loader_actual.TestLoadDate" name="test_load_date_exists" time="0.076" /><testcase classname="tests.test_db_loader_actual.TestLoadHistoryMethods" name="test_load_epl_history_exists" time="0.006" /><testcase classname="tests.test_db_loader_actual.TestLoadHistoryMethods" name="test_load_ncaab_history_exists" time="0.005" /><testcase classname="tests.test_db_loader_actual.TestLoadHistoryMethods" name="test_load_tennis_history_exists" time="0.005" /><testcase classname="tests.test_db_loader_actual.TestModuleImports" name="test_import" time="0.005" /><testcase classname="tests.test_db_loader_targeted.TestNHLDatabaseLoaderBasics" name="test_init_default" time="0.004" /><testcase classname="tests.test_db_loader_targeted.TestNHLDatabaseLoaderBasics" name="test_init_custom_path" time="0.005" /><testcase classname="tests.test_db_loader_targeted.TestNHLDatabaseLoaderBasics" name="test_context_manager" time="0.078" /><testcase classname="tests.test_db_loader_targeted.TestNHLDatabaseLoaderConnect" name="test_connect_creates_tables" time="0.189" /><testcase classname="tests.test_db_loader_targeted.TestNHLDatabaseLoaderClose" name="test_close_with_connection" time="0.192" /><testcase classname="tests.test_db_loader_targeted.TestNHLDatabaseLoaderClose" name="test_close_without_connection" time="0.077" /><testcase classname="tests.test_db_loader_targeted.TestLoadDate" name="test_load_date_no_data" time="13.153" /><testcase classname="tests.test_db_loader_targeted.TestLoadEPLHistory" name="test_method_exists" time="0.057" /><testcase classname="tests.test_db_loader_targeted.TestLoadNCAABHistory" name="test_method_exists" time="0.011" /><testcase classname="tests.test_db_loader_targeted.TestLoadTennisHistory" name="test_method_exists" time="0.006" /><testcase classname="tests.test_db_loader_targeted.TestDatabaseQueries" name="test_execute_query" time="0.078" /><testcase classname="tests.test_db_loader_targeted.TestDatabaseQueries" name="test_insert_and_select" time="0.156" /><testcase classname="tests.test_db_loader_targeted.TestConnectionRetry" name="test_retry_on_lock" time="0.139" /><testcase classname="tests.test_db_loader_targeted.TestModuleImports" name="test_import" time="0.066" /><testcase classname="tests.test_db_loader_targeted.TestModuleImports" name="test_class_methods" time="0.004" /><testcase classname="tests.test_db_manager_connection.TestDBManagerConnection" name="test_postgres_host_defaults_to_postgres_service_name" time="0.001"><skipped type="pytest.skip" message="DBManager connection tests require unmocked PostgreSQL environment">/mnt/data2/nhlstats/tests/test_db_manager_connection.py:24: DBManager connection tests require unmocked PostgreSQL environment</skipped></testcase><testcase classname="tests.test_db_manager_connection.TestDBManagerConnection" name="test_postgres_host_respects_environment_variable" time="0.001"><skipped type="pytest.skip" message="DBManager connection tests require unmocked PostgreSQL environment">/mnt/data2/nhlstats/tests/test_db_manager_connection.py:36: DBManager connection tests require unmocked PostgreSQL environment</skipped></testcase><testcase classname="tests.test_db_manager_connection.TestDBManagerConnection" name="test_localhost_only_used_when_explicitly_set" time="0.001"><skipped type="pytest.skip" message="DBManager connection tests require unmocked PostgreSQL environment">/mnt/data2/nhlstats/tests/test_db_manager_connection.py:46: DBManager connection tests require unmocked PostgreSQL environment</skipped></testcase><testcase classname="tests.test_db_manager_connection.TestDBManagerConnection" name="test_connection_string_includes_all_components" time="0.001"><skipped type="pytest.skip" message="DBManager connection tests require unmocked PostgreSQL environment">/mnt/data2/nhlstats/tests/test_db_manager_connection.py:56: DBManager connection tests require unmocked PostgreSQL environment</skipped></testcase><testcase classname="tests.test_db_manager_connection.TestDBManagerConnection" name="test_custom_connection_string_overrides_env_vars" time="0.001"><skipped type="pytest.skip" message="DBManager connection tests require unmocked PostgreSQL environment">/mnt/data2/nhlstats/tests/test_db_manager_connection.py:77: DBManager connection tests require unmocked PostgreSQL environment</skipped></testcase><testcase classname="tests.test_deposit_tracking.TestDepositTracking" name="test_cash_deposits_table_exists" time="0.063" /><testcase classname="tests.test_deposit_tracking.TestDepositTracking" name="test_initial_deposit_exists" time="0.071" /><testcase classname="tests.test_deposit_tracking.TestDepositTracking" name="test_calculate_total_deposits" time="0.073" /><testcase classname="tests.test_deposit_tracking.TestDepositTracking" name="test_detect_new_deposit_from_balance_increase" time="0.068" /><testcase classname="tests.test_deposit_tracking.TestDepositTracking" name="test_upsert_deposit_record" time="0.087" /><testcase classname="tests.test_deposit_tracking.TestDepositTracking" name="test_portfolio_snapshots_include_deposit_info" time="0.072" /><testcase classname="tests.test_deposit_tracking.TestDepositTracking" name="test_calculate_net_profit_with_deposits" time="0.069" /><testcase classname="tests.test_elo_actual.TestNBAEloRating" name="test_init" time="0.019" /><testcase classname="tests.test_elo_actual.TestNBAEloRating" name="test_predict" time="0.005" /><testcase classname="tests.test_elo_actual.TestNBAEloRating" name="test_update" time="0.005" /><testcase classname="tests.test_elo_actual.TestNHLEloRating" name="test_init" time="0.003" /><testcase classname="tests.test_elo_actual.TestNHLEloRating" name="test_predict" time="0.005" /><testcase classname="tests.test_elo_actual.TestMLBEloRating" name="test_init" time="0.004" /><testcase classname="tests.test_elo_actual.TestMLBEloRating" name="test_predict" time="0.003" /><testcase classname="tests.test_elo_actual.TestMLBEloRating" name="test_update" time="0.005" /><testcase classname="tests.test_elo_actual.TestNFLEloRating" name="test_init" time="0.004" /><testcase classname="tests.test_elo_actual.TestNFLEloRating" name="test_predict" time="0.003" /><testcase classname="tests.test_elo_actual.TestNFLEloRating" name="test_update" time="0.004" /><testcase classname="tests.test_elo_actual.TestNCAABEloRating" name="test_init" time="0.003" /><testcase classname="tests.test_elo_actual.TestNCAABEloRating" name="test_predict" time="0.002" /><testcase classname="tests.test_elo_actual.TestTennisEloRating" name="test_init" time="0.002" /><testcase classname="tests.test_elo_actual.TestTennisEloRating" name="test_predict" time="0.004" /><testcase classname="tests.test_elo_actual.TestTennisEloRating" name="test_update" time="0.003" /><testcase classname="tests.test_elo_actual.TestEPLEloRating" name="test_init" time="0.003" /><testcase classname="tests.test_elo_actual.TestEPLEloRating" name="test_predict" time="0.002" /><testcase classname="tests.test_elo_actual.TestLigue1EloRating" name="test_init" time="0.003" /><testcase classname="tests.test_elo_actual.TestLigue1EloRating" name="test_predict" time="0.003" /><testcase classname="tests.test_elo_actual.TestGlicko2Rating" name="test_init" time="0.003" /><testcase classname="tests.test_elo_actual.TestModuleImports" name="test_all_modules" time="0.002" /><testcase classname="tests.test_elo_ratings_comprehensive.TestMLBEloRating" name="test_init_default" time="0.003" /><testcase classname="tests.test_elo_ratings_comprehensive.TestMLBEloRating" name="test_init_custom" time="0.002" /><testcase classname="tests.test_elo_ratings_comprehensive.TestMLBEloRating" name="test_get_rating_new_team" time="0.002" /><testcase classname="tests.test_elo_ratings_comprehensive.TestMLBEloRating" name="test_predict_equal_teams" time="0.002" /><testcase classname="tests.test_elo_ratings_comprehensive.TestMLBEloRating" name="test_update" time="0.002" /><testcase classname="tests.test_elo_ratings_comprehensive.TestMLBEloRating" name="test_update_away_win" time="0.003" /><testcase classname="tests.test_elo_ratings_comprehensive.TestNFLEloRating" name="test_init_default" time="0.003" /><testcase classname="tests.test_elo_ratings_comprehensive.TestNFLEloRating" name="test_init_custom" time="0.002" /><testcase classname="tests.test_elo_ratings_comprehensive.TestNFLEloRating" name="test_get_rating_new_team" time="0.002" /><testcase classname="tests.test_elo_ratings_comprehensive.TestNFLEloRating" name="test_predict_equal_teams" time="0.002" /><testcase classname="tests.test_elo_ratings_comprehensive.TestNFLEloRating" name="test_update" time="0.004" /><testcase classname="tests.test_elo_ratings_comprehensive.TestNFLEloRating" name="test_update_away_win" time="0.004" /><testcase classname="tests.test_elo_ratings_comprehensive.TestNCAABEloRating" name="test_init_default" time="0.003" /><testcase classname="tests.test_elo_ratings_comprehensive.TestNCAABEloRating" name="test_get_rating_new_team" time="0.002" /><testcase classname="tests.test_elo_ratings_comprehensive.TestNCAABEloRating" name="test_predict" time="0.004" /><testcase classname="tests.test_elo_ratings_comprehensive.TestNCAABEloRating" name="test_update" time="0.003" /><testcase classname="tests.test_elo_ratings_comprehensive.TestEloFormula" name="test_expected_score_equal" time="0.002" /><testcase classname="tests.test_elo_ratings_comprehensive.TestEloFormula" name="test_expected_score_higher_rating" time="0.003" /><testcase classname="tests.test_elo_ratings_comprehensive.TestEloFormula" name="test_expected_score_lower_rating" time="0.004" /><testcase classname="tests.test_elo_ratings_comprehensive.TestKFactorImpact" name="test_high_k_factor_bigger_changes" time="0.003" /><testcase classname="tests.test_elo_ratings_comprehensive.TestHomeAdvantageImpact" name="test_no_home_advantage" time="0.003" /><testcase classname="tests.test_elo_ratings_comprehensive.TestHomeAdvantageImpact" name="test_large_home_advantage" time="0.004" /><testcase classname="tests.test_elo_ratings_comprehensive.TestMultipleGames" name="test_ratings_converge_mlb" time="0.003" /><testcase classname="tests.test_elo_ratings_comprehensive.TestMultipleGames" name="test_ratings_converge_nfl" time="0.003" /><testcase classname="tests.test_elo_ratings_comprehensive.TestModuleImports" name="test_mlb_elo_import" time="0.002" /><testcase classname="tests.test_elo_ratings_comprehensive.TestModuleImports" name="test_nfl_elo_import" time="0.003" /><testcase classname="tests.test_elo_ratings_comprehensive.TestModuleImports" name="test_ncaab_elo_import" time="0.002" /><testcase classname="tests.test_elo_ratings_comprehensive.TestClassInterface" name="test_mlb_elo_interface" time="0.002" /><testcase classname="tests.test_elo_ratings_comprehensive.TestClassInterface" name="test_nfl_elo_interface" time="0.003" /><testcase classname="tests.test_elo_ratings_comprehensive.TestClassInterface" name="test_ncaab_elo_interface" time="0.003" /><testcase classname="tests.test_elo_ratings_comprehensive.TestEdgeCases" name="test_tied_game_mlb" time="0.003" /><testcase classname="tests.test_elo_ratings_comprehensive.TestEdgeCases" name="test_very_high_score" time="0.003" /><testcase classname="tests.test_elo_ratings_comprehensive.TestEdgeCases" name="test_negative_rating_prevention" time="0.003" /><testcase classname="tests.test_elo_ratings_deep.TestNBAEloRatingDeep" name="test_init_defaults" time="0.002" /><testcase classname="tests.test_elo_ratings_deep.TestNBAEloRatingDeep" name="test_init_custom_params" time="0.004" /><testcase classname="tests.test_elo_ratings_deep.TestNBAEloRatingDeep" name="test_get_rating_new_team" time="0.004" /><testcase classname="tests.test_elo_ratings_deep.TestNBAEloRatingDeep" name="test_get_rating_existing_team" time="0.003" /><testcase classname="tests.test_elo_ratings_deep.TestNBAEloRatingDeep" name="test_predict_equal_teams" time="0.003" /><testcase classname="tests.test_elo_ratings_deep.TestNBAEloRatingDeep" name="test_predict_strong_home_team" time="0.004" /><testcase classname="tests.test_elo_ratings_deep.TestNBAEloRatingDeep" name="test_predict_weak_home_team" time="0.003" /><testcase classname="tests.test_elo_ratings_deep.TestNBAEloRatingDeep" name="test_update_home_win" time="0.003" /><testcase classname="tests.test_elo_ratings_deep.TestNBAEloRatingDeep" name="test_update_away_win" time="0.004" /><testcase classname="tests.test_elo_ratings_deep.TestNBAEloRatingDeep" name="test_expected_score" time="0.003" /><testcase classname="tests.test_elo_ratings_deep.TestNBAEloRatingDeep" name="test_multiple_updates" time="0.003" /><testcase classname="tests.test_elo_ratings_deep.TestNBAEloRatingDeep" name="test_ratings_dict" time="0.002" /><testcase classname="tests.test_elo_ratings_deep.TestMLBEloRatingDeep" name="test_init_defaults" time="0.004" /><testcase classname="tests.test_elo_ratings_deep.TestMLBEloRatingDeep" name="test_init_custom_params" time="0.002" /><testcase classname="tests.test_elo_ratings_deep.TestMLBEloRatingDeep" name="test_predict" time="0.003" /><testcase classname="tests.test_elo_ratings_deep.TestMLBEloRatingDeep" name="test_update_home_win" time="0.002" /><testcase classname="tests.test_elo_ratings_deep.TestMLBEloRatingDeep" name="test_update_away_win" time="0.004" /><testcase classname="tests.test_elo_ratings_deep.TestMLBEloRatingDeep" name="test_blowout_update" time="0.002" /><testcase classname="tests.test_elo_ratings_deep.TestNFLEloRatingDeep" name="test_init_defaults" time="0.002" /><testcase classname="tests.test_elo_ratings_deep.TestNFLEloRatingDeep" name="test_predict" time="0.002" /><testcase classname="tests.test_elo_ratings_deep.TestNFLEloRatingDeep" name="test_update_home_win" time="0.002" /><testcase classname="tests.test_elo_ratings_deep.TestNFLEloRatingDeep" name="test_update_away_win" time="0.003" /><testcase classname="tests.test_elo_ratings_deep.TestNFLEloRatingDeep" name="test_blowout_update" time="0.003" /><testcase classname="tests.test_elo_ratings_deep.TestNHLEloRatingDeep" name="test_init_defaults" time="0.003" /><testcase classname="tests.test_elo_ratings_deep.TestNHLEloRatingDeep" name="test_predict" time="0.002" /><testcase classname="tests.test_elo_ratings_deep.TestNHLEloRatingDeep" name="test_update_home_win" time="0.004" /><testcase classname="tests.test_elo_ratings_deep.TestNHLEloRatingDeep" name="test_update_away_win" time="0.003" /><testcase classname="tests.test_elo_ratings_deep.TestNCAABEloRatingDeep" name="test_init" time="0.004" /><testcase classname="tests.test_elo_ratings_deep.TestNCAABEloRatingDeep" name="test_predict" time="0.003" /><testcase classname="tests.test_elo_ratings_deep.TestNCAABEloRatingDeep" name="test_update_home_win" time="0.003" /><testcase classname="tests.test_elo_ratings_deep.TestTennisEloRatingDeep" name="test_init" time="0.003" /><testcase classname="tests.test_elo_ratings_deep.TestTennisEloRatingDeep" name="test_predict" time="0.003" /><testcase classname="tests.test_elo_ratings_deep.TestTennisEloRatingDeep" name="test_update" time="0.004" /><testcase classname="tests.test_elo_ratings_deep.TestEPLEloRatingDeep" name="test_init" time="0.003" /><testcase classname="tests.test_elo_ratings_deep.TestEPLEloRatingDeep" name="test_predict_probs" time="0.003" /><testcase classname="tests.test_elo_ratings_deep.TestEPLEloRatingDeep" name="test_predict_3way" time="0.002" /><testcase classname="tests.test_elo_ratings_deep.TestEPLEloRatingDeep" name="test_get_rating" time="0.004" /><testcase classname="tests.test_elo_ratings_deep.TestLigue1EloRatingDeep" name="test_init" time="0.004" /><testcase classname="tests.test_elo_ratings_deep.TestLigue1EloRatingDeep" name="test_predict_probs" time="0.003" /><testcase classname="tests.test_elo_ratings_deep.TestLigue1EloRatingDeep" name="test_get_rating" time="0.004" /><testcase classname="tests.test_elo_ratings_deep.TestGlicko2RatingDeep" name="test_init" time="0.003" /><testcase classname="tests.test_elo_ratings_deep.TestGlicko2RatingDeep" name="test_get_rating_new_player" time="0.004" /><testcase classname="tests.test_elo_ratings_deep.TestGlicko2RatingDeep" name="test_predict" time="0.003" /><testcase classname="tests.test_elo_ratings_deep.TestGlicko2RatingDeep" name="test_update" time="0.004" /><testcase classname="tests.test_elo_ratings_deep.TestEloRatingFileSaving" name="test_nba_save_load" time="0.003" /><testcase classname="tests.test_elo_ratings_deep.TestEloRatingFileSaving" name="test_nhl_save_load" time="0.003" /><testcase classname="tests.test_elo_ratings_deep.TestEloEdgeCases" name="test_extreme_rating_difference" time="0.002" /><testcase classname="tests.test_elo_ratings_deep.TestEloEdgeCases" name="test_zero_k_factor" time="0.004" /><testcase classname="tests.test_elo_ratings_deep.TestEloEdgeCases" name="test_negative_home_advantage" time="0.002" /><testcase classname="tests.test_elo_ratings_deep.TestEloEdgeCases" name="test_special_characters_in_team_names" time="0.003" /><testcase classname="tests.test_elo_ratings_deep.TestEloRatingMethods" name="test_nba_all_teams" time="0.002" /><testcase classname="tests.test_elo_ratings_deep.TestEloRatingMethods" name="test_rating_history" time="0.004" /><testcase classname="tests.test_elo_ratings_deep.TestEloRatingMethods" name="test_reset_ratings" time="0.003" /><testcase classname="tests.test_elo_targeted.TestNBAEloRatingAdvanced" name="test_expected_score_formula" time="0.004" /><testcase classname="tests.test_elo_targeted.TestNBAEloRatingAdvanced" name="test_predict_with_home_advantage" time="0.004" /><testcase classname="tests.test_elo_targeted.TestNBAEloRatingAdvanced" name="test_update_k_factor_effect" time="0.003" /><testcase classname="tests.test_elo_targeted.TestNBAEloRatingAdvanced" name="test_ratings_zero_sum" time="0.003" /><testcase classname="tests.test_elo_targeted.TestNBAEloRatingAdvanced" name="test_multiple_teams" time="0.003" /><testcase classname="tests.test_elo_targeted.TestNBAEloRatingAdvanced" name="test_season_regression" time="0.004" /><testcase classname="tests.test_elo_targeted.TestNBAEloRatingEdgeCases" name="test_predict_same_team" time="0.003" /><testcase classname="tests.test_elo_targeted.TestNBAEloRatingEdgeCases" name="test_very_high_rating" time="0.003" /><testcase classname="tests.test_elo_targeted.TestNBAEloRatingEdgeCases" name="test_consecutive_losses" time="0.002" /><testcase classname="tests.test_elo_targeted.TestNBAEloRatingMethods" name="test_get_all_ratings" time="0.003" /><testcase classname="tests.test_elo_targeted.TestNBAEloRatingMethods" name="test_save_and_load" time="0.002" /><testcase classname="tests.test_elo_targeted.TestNHLEloRatingAdvanced" name="test_home_advantage_smaller" time="0.003" /><testcase classname="tests.test_elo_targeted.TestNHLEloRatingAdvanced" name="test_update_various_scores" time="0.003" /><testcase classname="tests.test_elo_targeted.TestMLBEloRatingAdvanced" name="test_small_home_advantage" time="0.004" /><testcase classname="tests.test_elo_targeted.TestMLBEloRatingAdvanced" name="test_score_based_update" time="0.004" /><testcase classname="tests.test_elo_targeted.TestNFLEloRatingAdvanced" name="test_home_field_advantage" time="0.004" /><testcase classname="tests.test_elo_targeted.TestNFLEloRatingAdvanced" name="test_blowout_vs_close_game" time="0.004" /><testcase classname="tests.test_elo_targeted.TestNCAABEloRating" name="test_large_home_advantage" time="0.004" /><testcase classname="tests.test_elo_targeted.TestNCAABEloRating" name="test_update_format" time="0.003" /><testcase classname="tests.test_elo_targeted.TestTennisEloRating" name="test_no_home_advantage" time="0.003" /><testcase classname="tests.test_elo_targeted.TestTennisEloRating" name="test_winner_loser_update" time="0.003" /><testcase classname="tests.test_elo_targeted.TestTennisEloRating" name="test_ranking_simulation" time="0.003" /><testcase classname="tests.test_elo_targeted.TestEloModuleImports" name="test_all_have_predict" time="0.002" /><testcase classname="tests.test_elo_temporal_integrity.TestEloTemporalIntegrity" name="test_chronological_game_order_required" time="0.004" /><testcase classname="tests.test_elo_temporal_integrity.TestEloTemporalIntegrity" name="test_historical_simulation_no_leakage" time="0.003" /><testcase classname="tests.test_elo_temporal_integrity.TestEloTemporalIntegrity" name="test_lift_gain_analysis_integrity" time="0.003" /><testcase classname="tests.test_elo_temporal_integrity.TestEloTemporalIntegrity" name="test_mlb_predict_before_update" time="0.003" /><testcase classname="tests.test_elo_temporal_integrity.TestEloTemporalIntegrity" name="test_nba_predict_before_update" time="0.004" /><testcase classname="tests.test_elo_temporal_integrity.TestEloTemporalIntegrity" name="test_nfl_predict_before_update" time="0.003" /><testcase classname="tests.test_elo_temporal_integrity.TestEloTemporalIntegrity" name="test_nhl_predict_before_update" time="0.002" /><testcase classname="tests.test_elo_temporal_integrity.TestEloTemporalIntegrity" name="test_no_rating_contamination_across_games" time="0.003" /><testcase classname="tests.test_elo_temporal_integrity.TestEloTemporalIntegrity" name="test_production_dag_simulation" time="0.003" /><testcase classname="tests.test_elo_temporal_integrity.TestEloTemporalIntegrity" name="test_tennis_predict_before_update" time="0.003" /><testcase classname="tests.test_elo_temporal_integrity.TestBacktestTemporalIntegrity" name="test_backtest_pattern" time="0.002" /><testcase classname="tests.test_epl_elo_tdd.TestEPLEloRatingTDD" name="test_epl_elo_inherits_from_base" time="0.002" /><testcase classname="tests.test_epl_elo_tdd.TestEPLEloRatingTDD" name="test_epl_elo_has_required_methods" time="0.005" /><testcase classname="tests.test_epl_elo_tdd.TestEPLEloRatingTDD" name="test_epl_elo_backward_compatibility" time="0.002" /><testcase classname="tests.test_epl_elo_tdd.TestEPLEloRatingTDD" name="test_epl_elo_update_functionality" time="0.002" /><testcase classname="tests.test_epl_elo_tdd.TestEPLEloRatingTDD" name="test_epl_elo_get_all_ratings" time="0.003" /><testcase classname="tests.test_financial_performance_playwright.TestFinancialPerformancePortfolioValue" name="test_financial_performance_page_loads" time="2.466"><error message="failed on setup with &quot;playwright._impl._errors.Error: Page.goto: net::ERR_CONNECTION_REFUSED at http://localhost:8501/&#10;Call log:&#10;  - navigating to &quot;http://localhost:8501/&quot;, waiting until &quot;load&quot;&quot;">dashboard_url = 'http://localhost:8501'
playwright = &lt;playwright._impl._playwright.Playwright object at 0x7fcaf8ccea50&gt;

    @pytest.fixture(scope="function")
    def page(dashboard_url, playwright):
        """Create a new page for each test."""
        browser = playwright.chromium.launch(headless=True)
        context = browser.new_context()
        page = context.new_page()
&gt;       page.goto(dashboard_url)

tests/test_financial_performance_playwright.py:29:
_ _ _ _ _ _ _ _ _ _ _ _ _ _ _ _ _ _ _ _ _ _ _ _ _ _ _ _ _ _ _ _ _ _ _ _ _ _ _ _
/home/matthew/anaconda3/lib/python3.12/site-packages/playwright/sync_api/_generated.py:9006: in goto
    self._sync(
/home/matthew/anaconda3/lib/python3.12/site-packages/playwright/_impl/_page.py:551: in goto
    return await self._main_frame.goto(**locals_to_params(locals()))
           ^^^^^^^^^^^^^^^^^^^^^^^^^^^^^^^^^^^^^^^^^^^^^^^^^^^^^^^^^
/home/matthew/anaconda3/lib/python3.12/site-packages/playwright/_impl/_frame.py:145: in goto
    await self._channel.send("goto", locals_to_params(locals()))
/home/matthew/anaconda3/lib/python3.12/site-packages/playwright/_impl/_connection.py:61: in send
    return await self._connection.wrap_api_call(
_ _ _ _ _ _ _ _ _ _ _ _ _ _ _ _ _ _ _ _ _ _ _ _ _ _ _ _ _ _ _ _ _ _ _ _ _ _ _ _

self = &lt;playwright._impl._connection.Connection object at 0x7fcb033996a0&gt;
cb = &lt;function Channel.send.&lt;locals&gt;.&lt;lambda&gt; at 0x7fcae6b7cb80&gt;
is_internal = False

    async def wrap_api_call(
        self, cb: Callable[[], Any], is_internal: bool = False
    ) -&gt; Any:
        if self._api_zone.get():
            return await cb()
        task = asyncio.current_task(self._loop)
        st: List[inspect.FrameInfo] = getattr(task, "__pw_stack__", inspect.stack())
        parsed_st = _extract_stack_trace_information_from_stack(st, is_internal)
        self._api_zone.set(parsed_st)
        try:
            return await cb()
        except Exception as error:
&gt;           raise rewrite_error(error, f"{parsed_st['apiName']}: {error}") from None
E           playwright._impl._errors.Error: Page.goto: net::ERR_CONNECTION_REFUSED at http://localhost:8501/
E           Call log:
E             - navigating to "http://localhost:8501/", waiting until "load"

/home/matthew/anaconda3/lib/python3.12/site-packages/playwright/_impl/_connection.py:528: Error</error></testcase><testcase classname="tests.test_financial_performance_playwright.TestFinancialPerformancePortfolioValue" name="test_portfolio_value_metric_visible" time="0.503"><error message="failed on setup with &quot;playwright._impl._errors.Error: Page.goto: net::ERR_CONNECTION_REFUSED at http://localhost:8501/&#10;Call log:&#10;  - navigating to &quot;http://localhost:8501/&quot;, waiting until &quot;load&quot;&quot;">dashboard_url = 'http://localhost:8501'
playwright = &lt;playwright._impl._playwright.Playwright object at 0x7fcaf8ccea50&gt;

    @pytest.fixture(scope="function")
    def page(dashboard_url, playwright):
        """Create a new page for each test."""
        browser = playwright.chromium.launch(headless=True)
        context = browser.new_context()
        page = context.new_page()
&gt;       page.goto(dashboard_url)

tests/test_financial_performance_playwright.py:29:
_ _ _ _ _ _ _ _ _ _ _ _ _ _ _ _ _ _ _ _ _ _ _ _ _ _ _ _ _ _ _ _ _ _ _ _ _ _ _ _
/home/matthew/anaconda3/lib/python3.12/site-packages/playwright/sync_api/_generated.py:9006: in goto
    self._sync(
/home/matthew/anaconda3/lib/python3.12/site-packages/playwright/_impl/_page.py:551: in goto
    return await self._main_frame.goto(**locals_to_params(locals()))
           ^^^^^^^^^^^^^^^^^^^^^^^^^^^^^^^^^^^^^^^^^^^^^^^^^^^^^^^^^
/home/matthew/anaconda3/lib/python3.12/site-packages/playwright/_impl/_frame.py:145: in goto
    await self._channel.send("goto", locals_to_params(locals()))
/home/matthew/anaconda3/lib/python3.12/site-packages/playwright/_impl/_connection.py:61: in send
    return await self._connection.wrap_api_call(
_ _ _ _ _ _ _ _ _ _ _ _ _ _ _ _ _ _ _ _ _ _ _ _ _ _ _ _ _ _ _ _ _ _ _ _ _ _ _ _

self = &lt;playwright._impl._connection.Connection object at 0x7fcb033996a0&gt;
cb = &lt;function Channel.send.&lt;locals&gt;.&lt;lambda&gt; at 0x7fcaf82ad580&gt;
is_internal = False

    async def wrap_api_call(
        self, cb: Callable[[], Any], is_internal: bool = False
    ) -&gt; Any:
        if self._api_zone.get():
            return await cb()
        task = asyncio.current_task(self._loop)
        st: List[inspect.FrameInfo] = getattr(task, "__pw_stack__", inspect.stack())
        parsed_st = _extract_stack_trace_information_from_stack(st, is_internal)
        self._api_zone.set(parsed_st)
        try:
            return await cb()
        except Exception as error:
&gt;           raise rewrite_error(error, f"{parsed_st['apiName']}: {error}") from None
E           playwright._impl._errors.Error: Page.goto: net::ERR_CONNECTION_REFUSED at http://localhost:8501/
E           Call log:
E             - navigating to "http://localhost:8501/", waiting until "load"

/home/matthew/anaconda3/lib/python3.12/site-packages/playwright/_impl/_connection.py:528: Error</error></testcase><testcase classname="tests.test_financial_performance_playwright.TestFinancialPerformancePortfolioValue" name="test_portfolio_value_equals_cash_plus_bets" time="0.424"><error message="failed on setup with &quot;playwright._impl._errors.Error: Page.goto: net::ERR_CONNECTION_REFUSED at http://localhost:8501/&#10;Call log:&#10;  - navigating to &quot;http://localhost:8501/&quot;, waiting until &quot;load&quot;&quot;">dashboard_url = 'http://localhost:8501'
playwright = &lt;playwright._impl._playwright.Playwright object at 0x7fcaf8ccea50&gt;

    @pytest.fixture(scope="function")
    def page(dashboard_url, playwright):
        """Create a new page for each test."""
        browser = playwright.chromium.launch(headless=True)
        context = browser.new_context()
        page = context.new_page()
&gt;       page.goto(dashboard_url)

tests/test_financial_performance_playwright.py:29:
_ _ _ _ _ _ _ _ _ _ _ _ _ _ _ _ _ _ _ _ _ _ _ _ _ _ _ _ _ _ _ _ _ _ _ _ _ _ _ _
/home/matthew/anaconda3/lib/python3.12/site-packages/playwright/sync_api/_generated.py:9006: in goto
    self._sync(
/home/matthew/anaconda3/lib/python3.12/site-packages/playwright/_impl/_page.py:551: in goto
    return await self._main_frame.goto(**locals_to_params(locals()))
           ^^^^^^^^^^^^^^^^^^^^^^^^^^^^^^^^^^^^^^^^^^^^^^^^^^^^^^^^^
/home/matthew/anaconda3/lib/python3.12/site-packages/playwright/_impl/_frame.py:145: in goto
    await self._channel.send("goto", locals_to_params(locals()))
/home/matthew/anaconda3/lib/python3.12/site-packages/playwright/_impl/_connection.py:61: in send
    return await self._connection.wrap_api_call(
_ _ _ _ _ _ _ _ _ _ _ _ _ _ _ _ _ _ _ _ _ _ _ _ _ _ _ _ _ _ _ _ _ _ _ _ _ _ _ _

self = &lt;playwright._impl._connection.Connection object at 0x7fcb033996a0&gt;
cb = &lt;function Channel.send.&lt;locals&gt;.&lt;lambda&gt; at 0x7fcae6f07600&gt;
is_internal = False

    async def wrap_api_call(
        self, cb: Callable[[], Any], is_internal: bool = False
    ) -&gt; Any:
        if self._api_zone.get():
            return await cb()
        task = asyncio.current_task(self._loop)
        st: List[inspect.FrameInfo] = getattr(task, "__pw_stack__", inspect.stack())
        parsed_st = _extract_stack_trace_information_from_stack(st, is_internal)
        self._api_zone.set(parsed_st)
        try:
            return await cb()
        except Exception as error:
&gt;           raise rewrite_error(error, f"{parsed_st['apiName']}: {error}") from None
E           playwright._impl._errors.Error: Page.goto: net::ERR_CONNECTION_REFUSED at http://localhost:8501/
E           Call log:
E             - navigating to "http://localhost:8501/", waiting until "load"

/home/matthew/anaconda3/lib/python3.12/site-packages/playwright/_impl/_connection.py:528: Error</error></testcase><testcase classname="tests.test_game_events_full.TestNHLGameEventsInit" name="test_init_creates_directory" time="0.005" /><testcase classname="tests.test_game_events_full.TestNHLGameEventsInit" name="test_init_with_date_folder" time="0.004" /><testcase classname="tests.test_game_events_full.TestNHLGameEventsInit" name="test_base_url" time="0.002" /><testcase classname="tests.test_game_events_full.TestNHLGameEventsInit" name="test_legacy_url" time="0.002" /><testcase classname="tests.test_game_events_full.TestNHLMakeRequest" name="test_make_request_success" time="0.006" /><testcase classname="tests.test_game_events_full.TestNHLMakeRequest" name="test_make_request_rate_limited_then_success" time="0.006" /><testcase classname="tests.test_game_events_full.TestNHLSchedule" name="test_schedule_url_format" time="0.004" /><testcase classname="tests.test_game_events_full.TestNHLSchedule" name="test_season_format" time="0.003" /><testcase classname="tests.test_game_events_full.TestNCAABGamesInit" name="test_init_creates_directory" time="0.004" /><testcase classname="tests.test_game_events_full.TestNCAABGamesInit" name="test_seasons_configured" time="0.003" /><testcase classname="tests.test_game_events_full.TestNCAABGamesInit" name="test_sub_id_configured" time="0.006" /><testcase classname="tests.test_game_events_full.TestNCAABDownload" name="test_teams_url_format" time="0.003" /><testcase classname="tests.test_game_events_full.TestNCAABDownload" name="test_games_url_format" time="0.003" /><testcase classname="tests.test_game_events_full.TestEPLGamesInit" name="test_epl_data_source" time="0.003" /><testcase classname="tests.test_game_events_full.TestEPLGamesInit" name="test_epl_season_format" time="0.005" /><testcase classname="tests.test_game_events_full.TestLigue1GamesInit" name="test_ligue1_data_source" time="0.002" /><testcase classname="tests.test_game_events_full.TestLigue1GamesInit" name="test_ligue1_league_code" time="0.003" /><testcase classname="tests.test_game_events_full.TestMLBGamesInit" name="test_mlb_api_url" time="0.004" /><testcase classname="tests.test_game_events_full.TestMLBGamesInit" name="test_mlb_schedule_endpoint" time="0.004" /><testcase classname="tests.test_game_events_full.TestNFLGamesInit" name="test_nfl_season_weeks" time="0.003" /><testcase classname="tests.test_game_events_full.TestNFLGamesInit" name="test_nfl_preseason_weeks" time="0.004" /><testcase classname="tests.test_game_events_full.TestGameDataParsing" name="test_parse_nhl_game_id" time="0.003" /><testcase classname="tests.test_game_events_full.TestGameDataParsing" name="test_parse_game_time_utc" time="0.002" /><testcase classname="tests.test_game_events_full.TestGameDataParsing" name="test_parse_final_score" time="0.003" /><testcase classname="tests.test_game_events_full.TestEventTypes" name="test_nhl_event_types" time="0.002" /><testcase classname="tests.test_game_events_full.TestEventTypes" name="test_parse_goal_event" time="0.004" /><testcase classname="tests.test_game_events_full.TestEventTypes" name="test_parse_shot_coordinates" time="0.002" /><testcase classname="tests.test_game_events_full.TestDataSaving" name="test_json_save" time="0.004" /><testcase classname="tests.test_game_events_full.TestDataSaving" name="test_csv_save" time="0.004" /><testcase classname="tests.test_game_events_full.TestRetryLogic" name="test_exponential_backoff_values" time="0.003" /><testcase classname="tests.test_game_events_full.TestRetryLogic" name="test_max_retries_default" time="0.002" /><testcase classname="tests.test_game_modules.TestNBAGames" name="test_init_default" time="0.005" /><testcase classname="tests.test_game_modules.TestNBAGames" name="test_init_with_date_folder" time="0.004" /><testcase classname="tests.test_game_modules.TestNBAGames" name="test_headers_contain_required_fields" time="0.003" /><testcase classname="tests.test_game_modules.TestNBAGames" name="test_make_request_success" time="0.007" /><testcase classname="tests.test_game_modules.TestNBAGames" name="test_make_request_rate_limit_retry" time="0.008" /><testcase classname="tests.test_game_modules.TestDateFormatConversion" name="test_date_format_yyyy_mm_dd_to_nba" time="0.004" /><testcase classname="tests.test_game_modules.TestDateFormatConversion" name="test_date_format_nba_to_yyyy_mm_dd" time="0.010" /><testcase classname="tests.test_game_modules.TestDateFormatConversion" name="test_date_format_iso_to_date" time="0.002" /><testcase classname="tests.test_game_modules.TestGameDataParsing" name="test_parse_scoreboard_data" time="0.005" /><testcase classname="tests.test_game_modules.TestGameDataParsing" name="test_parse_boxscore_data" time="0.004" /><testcase classname="tests.test_game_modules.TestNHLGameEvents" name="test_nhl_api_url_format" time="0.002" /><testcase classname="tests.test_game_modules.TestNHLGameEvents" name="test_parse_nhl_schedule_response" time="0.004" /><testcase classname="tests.test_game_modules.TestMLBGames" name="test_mlb_api_url_format" time="0.003" /><testcase classname="tests.test_game_modules.TestMLBGames" name="test_parse_mlb_schedule_response" time="0.004" /><testcase classname="tests.test_game_modules.TestNFLGames" name="test_nfl_api_url_format" time="0.004" /><testcase classname="tests.test_game_modules.TestTennisGames" name="test_tennis_player_name_parsing" time="0.004" /><testcase classname="tests.test_game_modules.TestTennisGames" name="test_tennis_match_identifier" time="0.004" /><testcase classname="tests.test_game_modules.TestOutputDirectoryHandling" name="test_create_output_directory" time="0.006" /><testcase classname="tests.test_game_modules.TestOutputDirectoryHandling" name="test_save_json_data" time="0.006" /><testcase classname="tests.test_game_modules.TestOutputDirectoryHandling" name="test_load_json_data" time="0.007" /><testcase classname="tests.test_game_modules.TestDataValidationInGames" name="test_validate_game_id_format_nba" time="0.004" /><testcase classname="tests.test_game_modules.TestDataValidationInGames" name="test_validate_game_id_format_nhl" time="0.004" /><testcase classname="tests.test_game_modules.TestDataValidationInGames" name="test_validate_score_range" time="0.005" /><testcase classname="tests.test_game_modules.TestDataValidationInGames" name="test_validate_team_names" time="0.004" /><testcase classname="tests.test_game_modules_targeted.TestMLBGamesClass" name="test_init" time="0.006" /><testcase classname="tests.test_game_modules_targeted.TestMLBGamesClass" name="test_init_with_output_dir" time="0.004" /><testcase classname="tests.test_game_modules_targeted.TestNBAGamesClass" name="test_init" time="0.005" /><testcase classname="tests.test_game_modules_targeted.TestNBAGamesClass" name="test_init_with_output_dir" time="0.005" /><testcase classname="tests.test_game_modules_targeted.TestNHLGameEventsClass" name="test_init" time="0.005" /><testcase classname="tests.test_game_modules_targeted.TestNHLGameEventsClass" name="test_init_with_output_dir" time="0.003" /><testcase classname="tests.test_game_modules_targeted.TestNCAABGamesClass" name="test_init" time="0.003" /><testcase classname="tests.test_game_modules_targeted.TestNCAABGamesClass" name="test_init_with_data_dir" time="0.003" /><testcase classname="tests.test_game_modules_targeted.TestNCAABGamesClass" name="test_load_games_no_file" time="13.497" /><testcase classname="tests.test_game_modules_targeted.TestTennisGamesClass" name="test_init" time="0.003" /><testcase classname="tests.test_game_modules_targeted.TestTennisGamesClass" name="test_init_with_data_dir" time="0.003" /><testcase classname="tests.test_game_modules_targeted.TestEPLGamesClass" name="test_init" time="0.002" /><testcase classname="tests.test_game_modules_targeted.TestEPLGamesClass" name="test_init_with_data_dir" time="0.002" /><testcase classname="tests.test_game_modules_targeted.TestLigue1GamesClass" name="test_init" time="0.003" /><testcase classname="tests.test_game_modules_targeted.TestLigue1GamesClass" name="test_init_with_data_dir" time="0.003" /><testcase classname="tests.test_game_modules_targeted.TestAPIRequestMocking" name="test_mlb_api_request" time="0.004" /><testcase classname="tests.test_game_modules_targeted.TestAPIRequestMocking" name="test_nba_api_request" time="0.003" /><testcase classname="tests.test_game_modules_targeted.TestAPIRequestMocking" name="test_nhl_api_request" time="0.004" /><testcase classname="tests.test_games_additional.TestTennisGamesComplete" name="test_init_with_path" time="0.006" /><testcase classname="tests.test_games_additional.TestTennisGamesComplete" name="test_class_methods" time="0.002" /><testcase classname="tests.test_games_additional.TestNHLGameEventsComplete" name="test_base_url" time="0.003" /><testcase classname="tests.test_games_additional.TestNHLGameEventsComplete" name="test_session_headers" time="0.003" /><testcase classname="tests.test_games_additional.TestNBAGamesComplete" name="test_base_url" time="0.004" /><testcase classname="tests.test_games_additional.TestNBAGamesComplete" name="test_headers_set" time="0.002" /><testcase classname="tests.test_games_additional.TestMLBGamesComplete" name="test_base_url" time="0.002" /><testcase classname="tests.test_games_additional.TestNCAABGamesComplete" name="test_init" time="0.003" /><testcase classname="tests.test_games_additional.TestNCAABGamesComplete" name="test_load_games" time="23.496" /><testcase classname="tests.test_games_additional.TestEPLGamesComplete" name="test_init" time="0.003" /><testcase classname="tests.test_games_additional.TestEPLGamesComplete" name="test_load_games" time="4.788" /><testcase classname="tests.test_games_additional.TestLigue1GamesComplete" name="test_init" time="0.003" /><testcase classname="tests.test_games_additional.TestLigue1GamesComplete" name="test_load_games" time="5.533" /><testcase classname="tests.test_games_additional.TestAPIEndpoints" name="test_nhl_endpoints" time="0.004" /><testcase classname="tests.test_games_additional.TestAPIEndpoints" name="test_nba_endpoints" time="0.003" /><testcase classname="tests.test_games_additional.TestDataParsing" name="test_parse_nhl_game_data" time="0.003" /><testcase classname="tests.test_games_additional.TestDataParsing" name="test_parse_nba_scoreboard" time="0.004" /><testcase classname="tests.test_games_additional.TestFileSaving" name="test_save_schedule_json" time="0.005" /><testcase classname="tests.test_games_additional.TestDirectoryCreation" name="test_output_dir_created" time="0.004" /><testcase classname="tests.test_games_additional.TestDirectoryCreation" name="test_date_subdirectory" time="0.004" /><testcase classname="tests.test_games_additional.TestConnectionHandling" name="test_session_exists" time="0.004" /><testcase classname="tests.test_games_additional.TestConnectionHandling" name="test_timeout_handling" time="0.003" /><testcase classname="tests.test_games_additional.TestModuleAttributes" name="test_nba_games_headers" time="0.003" /><testcase classname="tests.test_games_additional.TestModuleAttributes" name="test_nhl_game_events_base_url" time="0.004" /><testcase classname="tests.test_games_comprehensive.TestMLBGames" name="test_init_default" time="0.002" /><testcase classname="tests.test_games_comprehensive.TestMLBGames" name="test_init_creates_directory" time="0.002" /><testcase classname="tests.test_games_comprehensive.TestMLBGames" name="test_download_schedule" time="0.002" /><testcase classname="tests.test_games_comprehensive.TestEPLGames" name="test_init_default" time="0.003" /><testcase classname="tests.test_games_comprehensive.TestEPLGames" name="test_load_games" time="7.467" /><testcase classname="tests.test_games_comprehensive.TestLigue1Games" name="test_init_default" time="0.003" /><testcase classname="tests.test_games_comprehensive.TestLigue1Games" name="test_load_games" time="7.446" /><testcase classname="tests.test_games_comprehensive.TestTennisGames" name="test_init_default" time="0.002" /><testcase classname="tests.test_games_comprehensive.TestTennisGames" name="test_load_games" time="0.003" /><testcase classname="tests.test_games_comprehensive.TestNHLGameEvents" name="test_init_default" time="0.004" /><testcase classname="tests.test_games_comprehensive.TestNHLGameEvents" name="test_init_creates_directory" time="0.004" /><testcase classname="tests.test_games_comprehensive.TestNBAGames" name="test_init_default" time="0.005" /><testcase classname="tests.test_games_comprehensive.TestNBAGames" name="test_init_creates_directory" time="0.004" /><testcase classname="tests.test_games_comprehensive.TestModuleImports" name="test_mlb_games_import" time="0.003" /><testcase classname="tests.test_games_comprehensive.TestModuleImports" name="test_epl_games_import" time="0.003" /><testcase classname="tests.test_games_comprehensive.TestModuleImports" name="test_ligue1_games_import" time="0.004" /><testcase classname="tests.test_games_comprehensive.TestModuleImports" name="test_tennis_games_import" time="0.004" /><testcase classname="tests.test_games_comprehensive.TestModuleImports" name="test_nhl_game_events_import" time="0.003" /><testcase classname="tests.test_games_comprehensive.TestModuleImports" name="test_nba_games_import" time="0.004" /><testcase classname="tests.test_games_comprehensive.TestMLBGamesAPI" name="test_get_schedule" time="0.004" /><testcase classname="tests.test_games_comprehensive.TestEPLGamesAPI" name="test_download_games" time="0.007" /><testcase classname="tests.test_games_comprehensive.TestTennisGamesAPI" name="test_download_matches" time="0.004" /><testcase classname="tests.test_games_comprehensive.TestNHLGameEventsAPI" name="test_get_events" time="0.005" /><testcase classname="tests.test_games_comprehensive.TestErrorHandling" name="test_mlb_connection_error" time="0.004" /><testcase classname="tests.test_games_comprehensive.TestErrorHandling" name="test_nba_connection_error" time="0.005" /><testcase classname="tests.test_games_comprehensive.TestDataParsing" name="test_parse_mlb_schedule" time="0.004" /><testcase classname="tests.test_games_comprehensive.TestDataParsing" name="test_parse_nhl_boxscore" time="0.004" /><testcase classname="tests.test_games_download.TestMLBGamesDownload" name="test_init_with_session" time="0.005" /><testcase classname="tests.test_games_download.TestMLBGamesDownload" name="test_get_schedule_mock" time="0.004" /><testcase classname="tests.test_games_download.TestMLBGamesDownload" name="test_download_date_mock" time="0.005" /><testcase classname="tests.test_games_download.TestNHLGameEventsDownload" name="test_get_schedule_mock" time="0.004" /><testcase classname="tests.test_games_download.TestNHLGameEventsDownload" name="test_download_boxscore_mock" time="0.002" /><testcase classname="tests.test_games_download.TestNBAGamesDownload" name="test_get_scoreboard_mock" time="0.004" /><testcase classname="tests.test_games_download.TestNBAGamesDownload" name="test_download_date_mock" time="0.003" /><testcase classname="tests.test_games_download.TestTennisGamesDownload" name="test_load_matches_empty" time="0.003" /><testcase classname="tests.test_games_download.TestTennisGamesDownload" name="test_download_matches_mock" time="0.002" /><testcase classname="tests.test_games_download.TestEPLGamesLoad" name="test_load_with_csv_file" time="7.426" /><testcase classname="tests.test_games_download.TestLigue1GamesLoad" name="test_load_with_csv_file" time="6.688" /><testcase classname="tests.test_games_download.TestNCAABGamesLoad" name="test_load_games" time="24.629" /><testcase classname="tests.test_games_download.TestBaseURL" name="test_nhl_base_url" time="0.003" /><testcase classname="tests.test_games_download.TestBaseURL" name="test_mlb_base_url" time="0.004" /><testcase classname="tests.test_games_download.TestFileSaving" name="test_save_json_file" time="0.002" /><testcase classname="tests.test_games_download.TestDateParsing" name="test_parse_date_string" time="0.002" /><testcase classname="tests.test_games_download.TestDateParsing" name="test_parse_date_formats" time="0.004" /><testcase classname="tests.test_games_download.TestDirectoryCreation" name="test_create_output_dir" time="0.005" /><testcase classname="tests.test_games_download.TestDirectoryCreation" name="test_create_date_subdir" time="0.002" /><testcase classname="tests.test_games_download.TestModuleConstants" name="test_nba_games_headers" time="0.002" /><testcase classname="tests.test_games_download.TestModuleConstants" name="test_nhl_game_events_attributes" time="0.004" /><testcase classname="tests.test_games_extended.TestNBAGamesExtended" name="test_nba_games_import" time="0.004" /><testcase classname="tests.test_games_extended.TestNBAGamesExtended" name="test_nba_games_init" time="0.005" /><testcase classname="tests.test_games_extended.TestNBAGamesExtended" name="test_nba_games_with_date_folder" time="0.006" /><testcase classname="tests.test_games_extended.TestNBAGamesExtended" name="test_nba_api_url_format" time="0.003" /><testcase classname="tests.test_games_extended.TestNBAGamesExtended" name="test_nba_headers" time="0.002" /><testcase classname="tests.test_games_extended.TestMLBGamesExtended" name="test_mlb_games_import" time="0.004" /><testcase classname="tests.test_games_extended.TestMLBGamesExtended" name="test_mlb_games_init" time="0.006" /><testcase classname="tests.test_games_extended.TestMLBGamesExtended" name="test_mlb_api_url_format" time="0.004" /><testcase classname="tests.test_games_extended.TestEPLGamesExtended" name="test_epl_games_import" time="0.003" /><testcase classname="tests.test_games_extended.TestEPLGamesExtended" name="test_epl_games_init" time="0.005" /><testcase classname="tests.test_games_extended.TestEPLGamesExtended" name="test_epl_data_url_format" time="0.003" /><testcase classname="tests.test_games_extended.TestLigue1GamesExtended" name="test_ligue1_games_import" time="0.002" /><testcase classname="tests.test_games_extended.TestLigue1GamesExtended" name="test_ligue1_games_init" time="0.005" /><testcase classname="tests.test_games_extended.TestLigue1GamesExtended" name="test_ligue1_data_url_format" time="0.004" /><testcase classname="tests.test_games_extended.TestNCAABGamesExtended" name="test_ncaab_games_import" time="0.002" /><testcase classname="tests.test_games_extended.TestNCAABGamesExtended" name="test_ncaab_games_init" time="0.005" /><testcase classname="tests.test_games_extended.TestTennisGamesExtended" name="test_tennis_games_import" time="0.006" /><testcase classname="tests.test_games_extended.TestTennisGamesExtended" name="test_tennis_games_init" time="0.005" /><testcase classname="tests.test_games_extended.TestTennisGamesExtended" name="test_tennis_data_urls" time="0.004" /><testcase classname="tests.test_games_extended.TestNHLGameEventsExtended" name="test_nhl_game_events_import" time="0.005" /><testcase classname="tests.test_games_extended.TestNHLGameEventsExtended" name="test_nhl_game_events_init" time="0.006" /><testcase classname="tests.test_games_extended.TestNHLGameEventsExtended" name="test_nhl_api_url_format" time="0.005" /><testcase classname="tests.test_games_extended.TestNHLGameEventsExtended" name="test_event_type_constants" time="0.004" /><testcase classname="tests.test_games_extended.TestPolymarketAPIExtended" name="test_polymarket_api_import" time="0.008"><failure message="ModuleNotFoundError: No module named 'polymarket_api'">self = &lt;tests.test_games_extended.TestPolymarketAPIExtended object at 0x7fcaf9373aa0&gt;

    def test_polymarket_api_import(self):
        """Test PolymarketAPI can be imported."""
&gt;       from polymarket_api import PolymarketAPI
E       ModuleNotFoundError: No module named 'polymarket_api'

tests/test_games_extended.py:267: ModuleNotFoundError</failure></testcase><testcase classname="tests.test_games_extended.TestPolymarketAPIExtended" name="test_polymarket_clob_url" time="0.004" /><testcase classname="tests.test_games_extended.TestPolymarketAPIExtended" name="test_condition_id_format" time="0.004" /><testcase classname="tests.test_games_extended.TestCloudbetAPIExtended" name="test_cloudbet_api_import" time="0.006"><failure message="ModuleNotFoundError: No module named 'cloudbet_api'">self = &lt;tests.test_games_extended.TestCloudbetAPIExtended object at 0x7fcaf9373cb0&gt;

    def test_cloudbet_api_import(self):
        """Test CloudbetAPI can be imported."""
&gt;       from cloudbet_api import CloudbetAPI
E       ModuleNotFoundError: No module named 'cloudbet_api'

tests/test_games_extended.py:297: ModuleNotFoundError</failure></testcase><testcase classname="tests.test_games_extended.TestCloudbetAPIExtended" name="test_cloudbet_base_url" time="0.005" /><testcase classname="tests.test_games_extended.TestCloudbetAPIExtended" name="test_cloudbet_sports_keys" time="0.006" /><testcase classname="tests.test_games_extended.TestBetLoaderExtended" name="test_bet_loader_import" time="0.004" /><testcase classname="tests.test_games_extended.TestBetLoaderExtended" name="test_bet_loader_init_creates_table" time="0.025" /><testcase classname="tests.test_games_extended.TestMLBEloRatingExtended" name="test_mlb_elo_expected_score" time="0.013" /><testcase classname="tests.test_games_extended.TestMLBEloRatingExtended" name="test_mlb_elo_predict" time="0.005" /><testcase classname="tests.test_games_extended.TestMLBEloRatingExtended" name="test_mlb_elo_rating_after_game" time="0.005" /><testcase classname="tests.test_games_extended.TestMLBEloRatingExtended" name="test_mlb_elo_blowout_effect" time="0.004" /><testcase classname="tests.test_games_extended.TestNFLEloRatingExtended" name="test_nfl_elo_expected_score" time="0.004" /><testcase classname="tests.test_games_extended.TestNFLEloRatingExtended" name="test_nfl_elo_predict" time="0.005" /><testcase classname="tests.test_games_extended.TestNFLEloRatingExtended" name="test_nfl_elo_home_advantage" time="0.003" /><testcase classname="tests.test_games_extended.TestNFLEloRatingExtended" name="test_nfl_elo_after_game" time="0.003" /><testcase classname="tests.test_games_extended.TestNCAABEloRatingExtended" name="test_ncaab_elo_init" time="0.003" /><testcase classname="tests.test_games_extended.TestNCAABEloRatingExtended" name="test_ncaab_elo_neutral_site" time="0.003" /><testcase classname="tests.test_games_extended.TestNCAABEloRatingExtended" name="test_ncaab_elo_home_vs_neutral" time="0.003" /><testcase classname="tests.test_games_extended.TestNCAABEloRatingExtended" name="test_ncaab_elo_update" time="0.003" /><testcase classname="tests.test_games_modules_deep.TestNBAGamesDeep" name="test_init_creates_output_dir" time="0.003" /><testcase classname="tests.test_games_modules_deep.TestNBAGamesDeep" name="test_init_with_date_folder" time="0.003" /><testcase classname="tests.test_games_modules_deep.TestNBAGamesDeep" name="test_class_attributes" time="0.002" /><testcase classname="tests.test_games_modules_deep.TestNBAGamesDeep" name="test_make_request_success" time="0.004" /><testcase classname="tests.test_games_modules_deep.TestNBAGamesDeep" name="test_make_request_rate_limit_retry" time="0.005" /><testcase classname="tests.test_games_modules_deep.TestNBAGamesDeep" name="test_make_request_exception_retry" time="0.004" /><testcase classname="tests.test_games_modules_deep.TestNBAGamesDeep" name="test_make_request_all_retries_fail" time="0.004" /><testcase classname="tests.test_games_modules_deep.TestNBAGamesDeep" name="test_get_games_for_date" time="0.004" /><testcase classname="tests.test_games_modules_deep.TestNBAGamesDeep" name="test_get_game_boxscore" time="0.004" /><testcase classname="tests.test_games_modules_deep.TestNBAGamesDeep" name="test_get_game_playbyplay_success" time="0.003" /><testcase classname="tests.test_games_modules_deep.TestNBAGamesDeep" name="test_get_game_playbyplay_failure" time="0.004" /><testcase classname="tests.test_games_modules_deep.TestNBAGamesDeep" name="test_download_games_for_date" time="0.007" /><testcase classname="tests.test_games_modules_deep.TestNBAGamesDeep" name="test_download_games_no_result_sets" time="0.003" /><testcase classname="tests.test_games_modules_deep.TestNBAGamesDeep" name="test_download_games_boxscore_exists" time="0.165" /><testcase classname="tests.test_games_modules_deep.TestNBAGamesDeep" name="test_download_games_error_handling" time="0.010" /><testcase classname="tests.test_games_modules_deep.TestMLBGamesDeep" name="test_init_creates_output_dir" time="0.003" /><testcase classname="tests.test_games_modules_deep.TestMLBGamesDeep" name="test_init_with_date_folder" time="0.007" /><testcase classname="tests.test_games_modules_deep.TestMLBGamesDeep" name="test_base_url" time="0.005" /><testcase classname="tests.test_games_modules_deep.TestMLBGamesDeep" name="test_make_request_success" time="0.007" /><testcase classname="tests.test_games_modules_deep.TestMLBGamesDeep" name="test_make_request_404" time="0.007" /><testcase classname="tests.test_games_modules_deep.TestMLBGamesDeep" name="test_make_request_rate_limit" time="0.010" /><testcase classname="tests.test_games_modules_deep.TestMLBGamesDeep" name="test_get_schedule_for_date" time="0.007" /><testcase classname="tests.test_games_modules_deep.TestMLBGamesDeep" name="test_get_game_data" time="0.005" /><testcase classname="tests.test_games_modules_deep.TestMLBGamesDeep" name="test_get_game_boxscore" time="0.004" /><testcase classname="tests.test_games_modules_deep.TestMLBGamesDeep" name="test_download_games_for_date" time="0.009" /><testcase classname="tests.test_games_modules_deep.TestMLBGamesDeep" name="test_download_games_empty_schedule" time="0.004" /><testcase classname="tests.test_games_modules_deep.TestMLBGamesDeep" name="test_download_games_error_handling" time="0.004" /><testcase classname="tests.test_games_modules_deep.TestTennisGamesDeep" name="test_init" time="0.003" /><testcase classname="tests.test_games_modules_deep.TestTennisGamesDeep" name="test_init_creates_dir" time="0.003" /><testcase classname="tests.test_games_modules_deep.TestTennisGamesDeep" name="test_download_games_success" time="0.006" /><testcase classname="tests.test_games_modules_deep.TestTennisGamesDeep" name="test_download_games_404" time="0.004" /><testcase classname="tests.test_games_modules_deep.TestTennisGamesDeep" name="test_download_games_network_error" time="0.003" /><testcase classname="tests.test_games_modules_deep.TestTennisGamesDeep" name="test_load_games_empty" time="0.004" /><testcase classname="tests.test_games_modules_deep.TestTennisGamesDeep" name="test_load_games_with_data" time="0.010" /><testcase classname="tests.test_games_modules_deep.TestTennisGamesDeep" name="test_load_games_missing_date_column" time="0.006" /><testcase classname="tests.test_games_modules_deep.TestTennisGamesDeep" name="test_load_games_with_nan_values" time="0.009" /><testcase classname="tests.test_games_modules_deep.TestTennisGamesDeep" name="test_load_games_encoding_fallback" time="0.009" /><testcase classname="tests.test_games_modules_deep.TestTennisGamesDeep" name="test_load_games_exception_handling" time="0.004" /><testcase classname="tests.test_games_modules_deep.TestTennisGamesDeep" name="test_download_games_wta_url" time="0.003" /><testcase classname="tests.test_games_modules_deep.TestTennisGamesDeep" name="test_download_games_skip_existing_csv" time="0.004" /><testcase classname="tests.test_games_modules_deep.TestTennisGamesDeep" name="test_download_games_excel_conversion_error" time="0.004" /><testcase classname="tests.test_games_modules_deep.TestNHLGameEventsDeep" name="test_init" time="0.002" /><testcase classname="tests.test_games_modules_deep.TestNHLGameEventsDeep" name="test_base_url" time="0.002" /><testcase classname="tests.test_games_modules_deep.TestNHLGameEventsDeep" name="test_make_request_success" time="0.004" /><testcase classname="tests.test_games_modules_deep.TestNHLGameEventsDeep" name="test_make_request_rate_limited" time="0.006" /><testcase classname="tests.test_games_modules_deep.TestNHLGameEventsDeep" name="test_get_schedule_by_date" time="0.003" /><testcase classname="tests.test_games_modules_deep.TestNHLGameEventsDeep" name="test_get_game_data" time="0.002" /><testcase classname="tests.test_games_modules_deep.TestNHLGameEventsDeep" name="test_get_game_boxscore" time="0.004" /><testcase classname="tests.test_games_modules_deep.TestEPLGamesDeep" name="test_init" time="0.004" /><testcase classname="tests.test_games_modules_deep.TestEPLGamesDeep" name="test_download_games" time="0.003" /><testcase classname="tests.test_games_modules_deep.TestEPLGamesDeep" name="test_load_games" time="0.009" /><testcase classname="tests.test_games_modules_deep.TestLigue1GamesDeep" name="test_init" time="0.003" /><testcase classname="tests.test_games_modules_deep.TestLigue1GamesDeep" name="test_download_games" time="0.003" /><testcase classname="tests.test_games_modules_deep.TestLigue1GamesDeep" name="test_load_games" time="0.011" /><testcase classname="tests.test_games_modules_deep.TestNCAABGamesDeep" name="test_init" time="0.002" /><testcase classname="tests.test_games_modules_deep.TestNCAABGamesDeep" name="test_download_games" time="2.006" /><testcase classname="tests.test_games_modules_deep.TestGameModulesEdgeCases" name="test_nba_games_import" time="0.005" /><testcase classname="tests.test_games_modules_deep.TestGameModulesEdgeCases" name="test_mlb_games_import" time="0.005" /><testcase classname="tests.test_games_modules_deep.TestGameModulesEdgeCases" name="test_tennis_games_import" time="0.005" /><testcase classname="tests.test_games_modules_deep.TestGameModulesEdgeCases" name="test_nhl_game_events_import" time="0.005" /><testcase classname="tests.test_games_modules_deep.TestGameModulesEdgeCases" name="test_epl_games_import" time="0.006" /><testcase classname="tests.test_games_modules_deep.TestGameModulesEdgeCases" name="test_ligue1_games_import" time="0.004" /><testcase classname="tests.test_games_modules_deep.TestGameModulesEdgeCases" name="test_ncaab_games_import" time="0.004" /><testcase classname="tests.test_glicko2_rating.TestGlicko2RatingInit" name="test_init_default_values" time="0.003" /><testcase classname="tests.test_glicko2_rating.TestGlicko2RatingInit" name="test_init_custom_values" time="0.004" /><testcase classname="tests.test_glicko2_rating.TestGlicko2RatingInit" name="test_tau_constant" time="0.002" /><testcase classname="tests.test_glicko2_rating.TestGlicko2RatingInit" name="test_epsilon_constant" time="0.002" /><testcase classname="tests.test_glicko2_rating.TestGlicko2GetRating" name="test_get_rating_new_team" time="0.002" /><testcase classname="tests.test_glicko2_rating.TestGlicko2GetRating" name="test_get_rating_existing_team" time="0.003" /><testcase classname="tests.test_glicko2_rating.TestGlicko2GetRating" name="test_get_rating_returns_copy" time="0.002" /><testcase classname="tests.test_glicko2_rating.TestGlicko2ScaleConversion" name="test_scale_down_average_rating" time="0.002" /><testcase classname="tests.test_glicko2_rating.TestGlicko2ScaleConversion" name="test_scale_down_high_rating" time="0.002" /><testcase classname="tests.test_glicko2_rating.TestGlicko2ScaleConversion" name="test_scale_down_low_rating" time="0.002" /><testcase classname="tests.test_glicko2_rating.TestGlicko2ScaleConversion" name="test_scale_up_zero_mu" time="0.003" /><testcase classname="tests.test_glicko2_rating.TestGlicko2ScaleConversion" name="test_scale_round_trip" time="0.002" /><testcase classname="tests.test_glicko2_rating.TestGlicko2Functions" name="test_g_function_high_phi" time="0.002" /><testcase classname="tests.test_glicko2_rating.TestGlicko2Functions" name="test_g_function_low_phi" time="0.002" /><testcase classname="tests.test_glicko2_rating.TestGlicko2Functions" name="test_g_function_zero_phi" time="0.003" /><testcase classname="tests.test_glicko2_rating.TestGlicko2Functions" name="test_e_function_equal_ratings" time="0.002" /><testcase classname="tests.test_glicko2_rating.TestGlicko2Functions" name="test_e_function_higher_rating" time="0.002" /><testcase classname="tests.test_glicko2_rating.TestGlicko2Functions" name="test_e_function_lower_rating" time="0.002" /><testcase classname="tests.test_glicko2_rating.TestGlicko2Predict" name="test_predict_equal_teams" time="0.002" /><testcase classname="tests.test_glicko2_rating.TestGlicko2Predict" name="test_predict_stronger_home" time="0.003" /><testcase classname="tests.test_glicko2_rating.TestGlicko2Predict" name="test_predict_stronger_away" time="0.002" /><testcase classname="tests.test_glicko2_rating.TestGlicko2Predict" name="test_predict_returns_probability" time="0.002" /><testcase classname="tests.test_glicko2_rating.TestGlicko2Predict" name="test_predict_high_uncertainty_closer_to_50" time="0.002" /><testcase classname="tests.test_glicko2_rating.TestGlicko2Update" name="test_update_home_win_rating_increases" time="0.003" /><testcase classname="tests.test_glicko2_rating.TestGlicko2Update" name="test_update_home_loss_rating_decreases" time="0.003" /><testcase classname="tests.test_glicko2_rating.TestGlicko2Update" name="test_update_rd_decreases_after_game" time="0.002" /><testcase classname="tests.test_glicko2_rating.TestGlicko2Update" name="test_update_both_teams_affected" time="0.002" /><testcase classname="tests.test_glicko2_rating.TestGlicko2EdgeCases" name="test_zero_home_advantage" time="0.002" /><testcase classname="tests.test_glicko2_rating.TestGlicko2EdgeCases" name="test_very_high_rating_difference" time="0.004" /><testcase classname="tests.test_glicko2_rating.TestGlicko2EdgeCases" name="test_many_games_rd_stabilizes" time="0.005" /><testcase classname="tests.test_glicko2_rating.TestGlicko2EdgeCases" name="test_volatility_changes" time="0.003" /><testcase classname="tests.test_kalshi_balance_alignment" name="test_understand_total_invested" time="0.001"><skipped type="pytest.skip" message="Integration test requires production PostgreSQL database">/mnt/data2/nhlstats/tests/test_kalshi_balance_alignment.py:35: Integration test requires production PostgreSQL database</skipped></testcase><testcase classname="tests.test_kalshi_balance_alignment" name="test_get_actual_kalshi_balance" time="0.001"><skipped type="pytest.skip" message="Integration test requires production PostgreSQL database">/mnt/data2/nhlstats/tests/test_kalshi_balance_alignment.py:83: Integration test requires production PostgreSQL database</skipped></testcase><testcase classname="tests.test_kalshi_balance_alignment" name="test_what_dashboard_should_show" time="0.000"><skipped type="pytest.skip" message="Integration test requires production PostgreSQL database">/mnt/data2/nhlstats/tests/test_kalshi_balance_alignment.py:127: Integration test requires production PostgreSQL database</skipped></testcase><testcase classname="tests.test_kalshi_balance_alignment" name="test_check_open_bets_capital" time="0.001"><skipped type="pytest.skip" message="Integration test requires production PostgreSQL database">/mnt/data2/nhlstats/tests/test_kalshi_balance_alignment.py:179: Integration test requires production PostgreSQL database</skipped></testcase><testcase classname="tests.test_kalshi_balance_alignment" name="test_fix_needed" time="0.001"><skipped type="pytest.skip" message="Integration test requires production PostgreSQL database">/mnt/data2/nhlstats/tests/test_kalshi_balance_alignment.py:223: Integration test requires production PostgreSQL database</skipped></testcase><testcase classname="tests.test_kalshi_betting.TestKalshiBettingInit" name="test_init_production" time="0.004" /><testcase classname="tests.test_kalshi_betting.TestKalshiBettingInit" name="test_init_demo" time="0.003" /><testcase classname="tests.test_kalshi_betting.TestKalshiBettingInit" name="test_init_with_odds_api_key" time="0.003" /><testcase classname="tests.test_kalshi_betting.TestKalshiBettingMethods" name="test_calculate_bet_size_min" time="0.006" /><testcase classname="tests.test_kalshi_betting.TestKalshiBettingMethods" name="test_calculate_bet_size_max" time="0.007" /><testcase classname="tests.test_kalshi_betting.TestKalshiBettingMethods" name="test_calculate_bet_size_position_limit" time="0.005" /><testcase classname="tests.test_kalshi_betting.TestKalshiBettingMethods" name="test_is_game_started_closed_market" time="0.005" /><testcase classname="tests.test_kalshi_betting.TestKalshiBettingMethods" name="test_is_game_started_settled_market" time="0.005" /><testcase classname="tests.test_kalshi_betting.TestKalshiBettingMethods" name="test_is_game_started_active_market" time="0.006" /><testcase classname="tests.test_kalshi_betting.TestKalshiBettingMethods" name="test_is_game_started_future_close_time" time="0.005" /><testcase classname="tests.test_kalshi_betting.TestKalshiBettingMethods" name="test_is_game_started_past_close_time" time="0.006" /><testcase classname="tests.test_kalshi_betting.TestKalshiBettingMethods" name="test_verify_game_not_started_no_api_key" time="0.007" /><testcase classname="tests.test_kalshi_betting.TestKalshiBettingMethods" name="test_verify_game_not_started_unknown_sport" time="0.009" /><testcase classname="tests.test_kalshi_betting.TestKalshiBettingMethods" name="test_verify_game_not_started_game_started" time="0.007" /><testcase classname="tests.test_kalshi_betting.TestKalshiBettingMethods" name="test_verify_game_not_started_game_not_found" time="0.009" /><testcase classname="tests.test_kalshi_betting.TestKalshiBettingMethods" name="test_verify_game_not_started_api_error" time="0.009" /><testcase classname="tests.test_kalshi_betting.TestKalshiBettingMethods" name="test_verify_game_not_started_timeout" time="0.008" /><testcase classname="tests.test_kalshi_betting.TestProcessBetRecommendations" name="test_empty_recommendations" time="0.006" /><testcase classname="tests.test_kalshi_betting.TestProcessBetRecommendations" name="test_low_confidence_skipped" time="0.006" /><testcase classname="tests.test_kalshi_betting.TestProcessBetRecommendations" name="test_low_edge_skipped" time="0.007" /><testcase classname="tests.test_kalshi_betting.TestProcessBetRecommendations" name="test_no_ticker_error" time="0.007" /><testcase classname="tests.test_kalshi_betting.TestProcessBetRecommendations" name="test_sport_filter" time="0.009" /><testcase classname="tests.test_kalshi_betting.TestProcessBetRecommendations" name="test_tennis_sport_case_insensitive" time="1.008" /><testcase classname="tests.test_kalshi_betting.TestProcessBetRecommendations" name="test_dry_run_mode" time="1.009" /><testcase classname="tests.test_kalshi_betting.TestProcessBetRecommendations" name="test_game_already_started_skipped" time="0.012" /><testcase classname="tests.test_kalshi_betting.TestProcessBetRecommendations" name="test_market_closed_skipped" time="0.014" /><testcase classname="tests.test_kalshi_betting.TestProcessBetRecommendations" name="test_home_bet_uses_yes_side" time="1.008" /><testcase classname="tests.test_kalshi_betting.TestProcessBetRecommendations" name="test_away_bet_uses_no_side" time="1.017" /><testcase classname="tests.test_kalshi_betting.TestSignatureCreation" name="test_signature_strips_query_params" time="0.035" /><testcase classname="tests.test_kalshi_betting.TestSignatureCreation" name="test_get_headers_includes_required_fields" time="0.032" /><testcase classname="tests.test_kalshi_markets.TestLoadKalshiCredentials" name="test_load_credentials_standard_format" time="0.008" /><testcase classname="tests.test_kalshi_markets.TestLoadKalshiCredentials" name="test_load_credentials_file_not_found" time="0.008" /><testcase classname="tests.test_kalshi_markets.TestKalshiAPI" name="test_init" time="0.006" /><testcase classname="tests.test_kalshi_markets.TestKalshiAPI" name="test_get_markets_success" time="0.008" /><testcase classname="tests.test_kalshi_markets.TestKalshiAPI" name="test_get_markets_error" time="0.005" /><testcase classname="tests.test_kalshi_markets.TestKalshiAPI" name="test_search_markets_success" time="0.001"><skipped type="pytest.skip" message="search_markets method not implemented in KalshiAPI">/mnt/data2/nhlstats/tests/test_kalshi_markets.py:92: search_markets method not implemented in KalshiAPI</skipped></testcase><testcase classname="tests.test_kalshi_markets.TestKalshiAPI" name="test_search_markets_error" time="0.000"><skipped type="pytest.skip" message="search_markets method not implemented in KalshiAPI">/mnt/data2/nhlstats/tests/test_kalshi_markets.py:116: search_markets method not implemented in KalshiAPI</skipped></testcase><testcase classname="tests.test_kalshi_markets.TestFetchNBAMarkets" name="test_fetch_nba_markets_success" time="0.004" /><testcase classname="tests.test_kalshi_markets.TestFetchNBAMarkets" name="test_fetch_nba_markets_error" time="0.000"><skipped type="pytest.skip" message="fetch_nba_markets does not catch credential exceptions - test invalid">/mnt/data2/nhlstats/tests/test_kalshi_markets.py:156: fetch_nba_markets does not catch credential exceptions - test invalid</skipped></testcase><testcase classname="tests.test_kalshi_markets.TestFetchNHLMarkets" name="test_fetch_nhl_markets_success" time="0.003" /><testcase classname="tests.test_kalshi_markets.TestFetchNHLMarkets" name="test_fetch_nhl_markets_error" time="0.000"><skipped type="pytest.skip" message="fetch_nhl_markets does not catch credential exceptions - test invalid">/mnt/data2/nhlstats/tests/test_kalshi_markets.py:191: fetch_nhl_markets does not catch credential exceptions - test invalid</skipped></testcase><testcase classname="tests.test_kalshi_markets.TestFetchMLBMarkets" name="test_fetch_mlb_markets_success" time="0.004" /><testcase classname="tests.test_kalshi_markets.TestFetchNFLMarkets" name="test_fetch_nfl_markets_success" time="0.003" /><testcase classname="tests.test_kalshi_markets.TestFetchNCAABMarkets" name="test_fetch_ncaab_markets_success" time="0.003" /><testcase classname="tests.test_kalshi_markets.TestFetchTennisMarkets" name="test_fetch_tennis_markets_success" time="0.006" /><testcase classname="tests.test_kalshi_markets.TestFetchEPLMarkets" name="test_fetch_epl_markets_success" time="0.003" /><testcase classname="tests.test_kalshi_markets.TestFetchLigue1Markets" name="test_fetch_ligue1_markets_success" time="0.005" /><testcase classname="tests.test_kalshi_markets.TestMarketFiltering" name="test_filter_active_markets" time="0.002" /><testcase classname="tests.test_kalshi_markets.TestMarketFiltering" name="test_filter_by_status" time="0.003" /><testcase classname="tests.test_kalshi_markets_comprehensive.TestKalshiAPIInit" name="test_init_default" time="0.003" /><testcase classname="tests.test_kalshi_markets_comprehensive.TestKalshiAPIInit" name="test_class_exists" time="0.002" /><testcase classname="tests.test_kalshi_markets_comprehensive.TestFetchNHLMarkets" name="test_function_exists" time="0.002" /><testcase classname="tests.test_kalshi_markets_comprehensive.TestFetchNHLMarkets" name="test_fetch_with_mock" time="0.002"><failure message="AttributeError: module 'kalshi_markets' has no attribute 'requests'">self = &lt;tests.test_kalshi_markets_comprehensive.TestFetchNHLMarkets object at 0x7fcaf92b9f40&gt;

    def test_fetch_with_mock(self):
        from kalshi_markets import fetch_nhl_markets

&gt;       with patch("kalshi_markets.requests.get") as mock_get:
             ^^^^^^^^^^^^^^^^^^^^^^^^^^^^^^^^^^^^

tests/test_kalshi_markets_comprehensive.py:39:
_ _ _ _ _ _ _ _ _ _ _ _ _ _ _ _ _ _ _ _ _ _ _ _ _ _ _ _ _ _ _ _ _ _ _ _ _ _ _ _
/home/matthew/anaconda3/lib/python3.12/unittest/mock.py:1447: in __enter__
    self.target = self.getter()
                  ^^^^^^^^^^^^^
_ _ _ _ _ _ _ _ _ _ _ _ _ _ _ _ _ _ _ _ _ _ _ _ _ _ _ _ _ _ _ _ _ _ _ _ _ _ _ _

name = 'kalshi_markets.requests'

    def resolve_name(name):
        """
        Resolve a name to an object.

        It is expected that `name` will be a string in one of the following
        formats, where W is shorthand for a valid Python identifier and dot stands
        for a literal period in these pseudo-regexes:

        W(.W)*
        W(.W)*:(W(.W)*)?

        The first form is intended for backward compatibility only. It assumes that
        some part of the dotted name is a package, and the rest is an object
        somewhere within that package, possibly nested inside other objects.
        Because the place where the package stops and the object hierarchy starts
        can't be inferred by inspection, repeated attempts to import must be done
        with this form.

        In the second form, the caller makes the division point clear through the
        provision of a single colon: the dotted name to the left of the colon is a
        package to be imported, and the dotted name to the right is the object
        hierarchy within that package. Only one import is needed in this form. If
        it ends with the colon, then a module object is returned.

        The function will return an object (which might be a module), or raise one
        of the following exceptions:

        ValueError - if `name` isn't in a recognised format
        ImportError - if an import failed when it shouldn't have
        AttributeError - if a failure occurred when traversing the object hierarchy
                         within the imported package to get to the desired object.
        """
        global _NAME_PATTERN
        if _NAME_PATTERN is None:
            # Lazy import to speedup Python startup time
            import re
            dotted_words = r'(?!\d)(\w+)(\.(?!\d)(\w+))*'
            _NAME_PATTERN = re.compile(f'^(?P&lt;pkg&gt;{dotted_words})'
                                       f'(?P&lt;cln&gt;:(?P&lt;obj&gt;{dotted_words})?)?$',
                                       re.UNICODE)

        m = _NAME_PATTERN.match(name)
        if not m:
            raise ValueError(f'invalid format: {name!r}')
        gd = m.groupdict()
        if gd.get('cln'):
            # there is a colon - a one-step import is all that's needed
            mod = importlib.import_module(gd['pkg'])
            parts = gd.get('obj')
            parts = parts.split('.') if parts else []
        else:
            # no colon - have to iterate to find the package boundary
            parts = name.split('.')
            modname = parts.pop(0)
            # first part *must* be a module/package.
            mod = importlib.import_module(modname)
            while parts:
                p = parts[0]
                s = f'{modname}.{p}'
                try:
                    mod = importlib.import_module(s)
                    parts.pop(0)
                    modname = s
                except ImportError:
                    break
        # if we reach this point, mod is the module, already imported, and
        # parts is the list of parts in the object hierarchy to be traversed, or
        # an empty list if just the module is wanted.
        result = mod
        for p in parts:
&gt;           result = getattr(result, p)
                     ^^^^^^^^^^^^^^^^^^
E           AttributeError: module 'kalshi_markets' has no attribute 'requests'

/home/matthew/anaconda3/lib/python3.12/pkgutil.py:528: AttributeError</failure></testcase><testcase classname="tests.test_kalshi_markets_comprehensive.TestFetchNBAMarkets" name="test_function_exists" time="0.002" /><testcase classname="tests.test_kalshi_markets_comprehensive.TestFetchMLBMarkets" name="test_function_exists" time="0.002" /><testcase classname="tests.test_kalshi_markets_comprehensive.TestFetchNFLMarkets" name="test_function_exists" time="0.002" /><testcase classname="tests.test_kalshi_markets_comprehensive.TestFetchTennisMarkets" name="test_function_exists" time="0.002" /><testcase classname="tests.test_kalshi_markets_comprehensive.TestModuleImports" name="test_import_module" time="0.002" /><testcase classname="tests.test_kalshi_markets_comprehensive.TestModuleImports" name="test_constants" time="0.158" /><testcase classname="tests.test_kalshi_markets_comprehensive.TestKalshiMarketsParsing" name="test_parse_market_data" time="0.003" /><testcase classname="tests.test_kalshi_markets_comprehensive.TestErrorHandling" name="test_connection_error" time="0.003"><failure message="AttributeError: module 'kalshi_markets' has no attribute 'requests'">self = &lt;tests.test_kalshi_markets_comprehensive.TestErrorHandling object at 0x7fcaf92bb830&gt;

    def test_connection_error(self):
        from kalshi_markets import fetch_nhl_markets

&gt;       with patch("kalshi_markets.requests.get") as mock_get:
             ^^^^^^^^^^^^^^^^^^^^^^^^^^^^^^^^^^^^

tests/test_kalshi_markets_comprehensive.py:121:
_ _ _ _ _ _ _ _ _ _ _ _ _ _ _ _ _ _ _ _ _ _ _ _ _ _ _ _ _ _ _ _ _ _ _ _ _ _ _ _
/home/matthew/anaconda3/lib/python3.12/unittest/mock.py:1447: in __enter__
    self.target = self.getter()
                  ^^^^^^^^^^^^^
_ _ _ _ _ _ _ _ _ _ _ _ _ _ _ _ _ _ _ _ _ _ _ _ _ _ _ _ _ _ _ _ _ _ _ _ _ _ _ _

name = 'kalshi_markets.requests'

    def resolve_name(name):
        """
        Resolve a name to an object.

        It is expected that `name` will be a string in one of the following
        formats, where W is shorthand for a valid Python identifier and dot stands
        for a literal period in these pseudo-regexes:

        W(.W)*
        W(.W)*:(W(.W)*)?

        The first form is intended for backward compatibility only. It assumes that
        some part of the dotted name is a package, and the rest is an object
        somewhere within that package, possibly nested inside other objects.
        Because the place where the package stops and the object hierarchy starts
        can't be inferred by inspection, repeated attempts to import must be done
        with this form.

        In the second form, the caller makes the division point clear through the
        provision of a single colon: the dotted name to the left of the colon is a
        package to be imported, and the dotted name to the right is the object
        hierarchy within that package. Only one import is needed in this form. If
        it ends with the colon, then a module object is returned.

        The function will return an object (which might be a module), or raise one
        of the following exceptions:

        ValueError - if `name` isn't in a recognised format
        ImportError - if an import failed when it shouldn't have
        AttributeError - if a failure occurred when traversing the object hierarchy
                         within the imported package to get to the desired object.
        """
        global _NAME_PATTERN
        if _NAME_PATTERN is None:
            # Lazy import to speedup Python startup time
            import re
            dotted_words = r'(?!\d)(\w+)(\.(?!\d)(\w+))*'
            _NAME_PATTERN = re.compile(f'^(?P&lt;pkg&gt;{dotted_words})'
                                       f'(?P&lt;cln&gt;:(?P&lt;obj&gt;{dotted_words})?)?$',
                                       re.UNICODE)

        m = _NAME_PATTERN.match(name)
        if not m:
            raise ValueError(f'invalid format: {name!r}')
        gd = m.groupdict()
        if gd.get('cln'):
            # there is a colon - a one-step import is all that's needed
            mod = importlib.import_module(gd['pkg'])
            parts = gd.get('obj')
            parts = parts.split('.') if parts else []
        else:
            # no colon - have to iterate to find the package boundary
            parts = name.split('.')
            modname = parts.pop(0)
            # first part *must* be a module/package.
            mod = importlib.import_module(modname)
            while parts:
                p = parts[0]
                s = f'{modname}.{p}'
                try:
                    mod = importlib.import_module(s)
                    parts.pop(0)
                    modname = s
                except ImportError:
                    break
        # if we reach this point, mod is the module, already imported, and
        # parts is the list of parts in the object hierarchy to be traversed, or
        # an empty list if just the module is wanted.
        result = mod
        for p in parts:
&gt;           result = getattr(result, p)
                     ^^^^^^^^^^^^^^^^^^
E           AttributeError: module 'kalshi_markets' has no attribute 'requests'

/home/matthew/anaconda3/lib/python3.12/pkgutil.py:528: AttributeError</failure></testcase><testcase classname="tests.test_kalshi_markets_comprehensive.TestErrorHandling" name="test_invalid_response" time="0.003"><failure message="AttributeError: module 'kalshi_markets' has no attribute 'requests'">self = &lt;tests.test_kalshi_markets_comprehensive.TestErrorHandling object at 0x7fcaf92bbce0&gt;

    def test_invalid_response(self):
        from kalshi_markets import fetch_nba_markets

&gt;       with patch("kalshi_markets.requests.get") as mock_get:
             ^^^^^^^^^^^^^^^^^^^^^^^^^^^^^^^^^^^^

tests/test_kalshi_markets_comprehensive.py:132:
_ _ _ _ _ _ _ _ _ _ _ _ _ _ _ _ _ _ _ _ _ _ _ _ _ _ _ _ _ _ _ _ _ _ _ _ _ _ _ _
/home/matthew/anaconda3/lib/python3.12/unittest/mock.py:1447: in __enter__
    self.target = self.getter()
                  ^^^^^^^^^^^^^
_ _ _ _ _ _ _ _ _ _ _ _ _ _ _ _ _ _ _ _ _ _ _ _ _ _ _ _ _ _ _ _ _ _ _ _ _ _ _ _

name = 'kalshi_markets.requests'

    def resolve_name(name):
        """
        Resolve a name to an object.

        It is expected that `name` will be a string in one of the following
        formats, where W is shorthand for a valid Python identifier and dot stands
        for a literal period in these pseudo-regexes:

        W(.W)*
        W(.W)*:(W(.W)*)?

        The first form is intended for backward compatibility only. It assumes that
        some part of the dotted name is a package, and the rest is an object
        somewhere within that package, possibly nested inside other objects.
        Because the place where the package stops and the object hierarchy starts
        can't be inferred by inspection, repeated attempts to import must be done
        with this form.

        In the second form, the caller makes the division point clear through the
        provision of a single colon: the dotted name to the left of the colon is a
        package to be imported, and the dotted name to the right is the object
        hierarchy within that package. Only one import is needed in this form. If
        it ends with the colon, then a module object is returned.

        The function will return an object (which might be a module), or raise one
        of the following exceptions:

        ValueError - if `name` isn't in a recognised format
        ImportError - if an import failed when it shouldn't have
        AttributeError - if a failure occurred when traversing the object hierarchy
                         within the imported package to get to the desired object.
        """
        global _NAME_PATTERN
        if _NAME_PATTERN is None:
            # Lazy import to speedup Python startup time
            import re
            dotted_words = r'(?!\d)(\w+)(\.(?!\d)(\w+))*'
            _NAME_PATTERN = re.compile(f'^(?P&lt;pkg&gt;{dotted_words})'
                                       f'(?P&lt;cln&gt;:(?P&lt;obj&gt;{dotted_words})?)?$',
                                       re.UNICODE)

        m = _NAME_PATTERN.match(name)
        if not m:
            raise ValueError(f'invalid format: {name!r}')
        gd = m.groupdict()
        if gd.get('cln'):
            # there is a colon - a one-step import is all that's needed
            mod = importlib.import_module(gd['pkg'])
            parts = gd.get('obj')
            parts = parts.split('.') if parts else []
        else:
            # no colon - have to iterate to find the package boundary
            parts = name.split('.')
            modname = parts.pop(0)
            # first part *must* be a module/package.
            mod = importlib.import_module(modname)
            while parts:
                p = parts[0]
                s = f'{modname}.{p}'
                try:
                    mod = importlib.import_module(s)
                    parts.pop(0)
                    modname = s
                except ImportError:
                    break
        # if we reach this point, mod is the module, already imported, and
        # parts is the list of parts in the object hierarchy to be traversed, or
        # an empty list if just the module is wanted.
        result = mod
        for p in parts:
&gt;           result = getattr(result, p)
                     ^^^^^^^^^^^^^^^^^^
E           AttributeError: module 'kalshi_markets' has no attribute 'requests'

/home/matthew/anaconda3/lib/python3.12/pkgutil.py:528: AttributeError</failure></testcase><testcase classname="tests.test_kalshi_markets_comprehensive.TestMarketFiltering" name="test_filter_active_markets" time="0.003" /><testcase classname="tests.test_kalshi_markets_comprehensive.TestCredentialHandling" name="test_missing_credentials" time="0.002" /><testcase classname="tests.test_kalshi_markets_exports" name="test_kalshi_markets_exports" time="0.002" /><testcase classname="tests.test_kalshi_match_locking.TestKalshiMatchLocking" name="test_get_match_prefix" time="0.007" /><testcase classname="tests.test_kalshi_match_locking.TestKalshiMatchLocking" name="test_place_bet_allows_if_match_different" time="0.006"><failure message="AttributeError: module 'kalshi_betting' has no attribute 'OrderDeduper'">/home/matthew/anaconda3/lib/python3.12/unittest/mock.py:1392: in patched
    with self.decoration_helper(patched,
/home/matthew/anaconda3/lib/python3.12/contextlib.py:137: in __enter__
    return next(self.gen)
           ^^^^^^^^^^^^^^
/home/matthew/anaconda3/lib/python3.12/unittest/mock.py:1374: in decoration_helper
    arg = exit_stack.enter_context(patching)
          ^^^^^^^^^^^^^^^^^^^^^^^^^^^^^^^^^^
/home/matthew/anaconda3/lib/python3.12/contextlib.py:526: in enter_context
    result = _enter(cm)
             ^^^^^^^^^^
/home/matthew/anaconda3/lib/python3.12/unittest/mock.py:1447: in __enter__
    self.target = self.getter()
                  ^^^^^^^^^^^^^
_ _ _ _ _ _ _ _ _ _ _ _ _ _ _ _ _ _ _ _ _ _ _ _ _ _ _ _ _ _ _ _ _ _ _ _ _ _ _ _

name = 'kalshi_betting.OrderDeduper'

    def resolve_name(name):
        """
        Resolve a name to an object.

        It is expected that `name` will be a string in one of the following
        formats, where W is shorthand for a valid Python identifier and dot stands
        for a literal period in these pseudo-regexes:

        W(.W)*
        W(.W)*:(W(.W)*)?

        The first form is intended for backward compatibility only. It assumes that
        some part of the dotted name is a package, and the rest is an object
        somewhere within that package, possibly nested inside other objects.
        Because the place where the package stops and the object hierarchy starts
        can't be inferred by inspection, repeated attempts to import must be done
        with this form.

        In the second form, the caller makes the division point clear through the
        provision of a single colon: the dotted name to the left of the colon is a
        package to be imported, and the dotted name to the right is the object
        hierarchy within that package. Only one import is needed in this form. If
        it ends with the colon, then a module object is returned.

        The function will return an object (which might be a module), or raise one
        of the following exceptions:

        ValueError - if `name` isn't in a recognised format
        ImportError - if an import failed when it shouldn't have
        AttributeError - if a failure occurred when traversing the object hierarchy
                         within the imported package to get to the desired object.
        """
        global _NAME_PATTERN
        if _NAME_PATTERN is None:
            # Lazy import to speedup Python startup time
            import re
            dotted_words = r'(?!\d)(\w+)(\.(?!\d)(\w+))*'
            _NAME_PATTERN = re.compile(f'^(?P&lt;pkg&gt;{dotted_words})'
                                       f'(?P&lt;cln&gt;:(?P&lt;obj&gt;{dotted_words})?)?$',
                                       re.UNICODE)

        m = _NAME_PATTERN.match(name)
        if not m:
            raise ValueError(f'invalid format: {name!r}')
        gd = m.groupdict()
        if gd.get('cln'):
            # there is a colon - a one-step import is all that's needed
            mod = importlib.import_module(gd['pkg'])
            parts = gd.get('obj')
            parts = parts.split('.') if parts else []
        else:
            # no colon - have to iterate to find the package boundary
            parts = name.split('.')
            modname = parts.pop(0)
            # first part *must* be a module/package.
            mod = importlib.import_module(modname)
            while parts:
                p = parts[0]
                s = f'{modname}.{p}'
                try:
                    mod = importlib.import_module(s)
                    parts.pop(0)
                    modname = s
                except ImportError:
                    break
        # if we reach this point, mod is the module, already imported, and
        # parts is the list of parts in the object hierarchy to be traversed, or
        # an empty list if just the module is wanted.
        result = mod
        for p in parts:
&gt;           result = getattr(result, p)
                     ^^^^^^^^^^^^^^^^^^
E           AttributeError: module 'kalshi_betting' has no attribute 'OrderDeduper'

/home/matthew/anaconda3/lib/python3.12/pkgutil.py:528: AttributeError</failure></testcase><testcase classname="tests.test_kalshi_match_locking.TestKalshiMatchLocking" name="test_place_bet_blocks_if_match_open" time="0.006"><failure message="AttributeError: module 'kalshi_betting' has no attribute 'OrderDeduper'">/home/matthew/anaconda3/lib/python3.12/unittest/mock.py:1392: in patched
    with self.decoration_helper(patched,
/home/matthew/anaconda3/lib/python3.12/contextlib.py:137: in __enter__
    return next(self.gen)
           ^^^^^^^^^^^^^^
/home/matthew/anaconda3/lib/python3.12/unittest/mock.py:1374: in decoration_helper
    arg = exit_stack.enter_context(patching)
          ^^^^^^^^^^^^^^^^^^^^^^^^^^^^^^^^^^
/home/matthew/anaconda3/lib/python3.12/contextlib.py:526: in enter_context
    result = _enter(cm)
             ^^^^^^^^^^
/home/matthew/anaconda3/lib/python3.12/unittest/mock.py:1447: in __enter__
    self.target = self.getter()
                  ^^^^^^^^^^^^^
_ _ _ _ _ _ _ _ _ _ _ _ _ _ _ _ _ _ _ _ _ _ _ _ _ _ _ _ _ _ _ _ _ _ _ _ _ _ _ _

name = 'kalshi_betting.OrderDeduper'

    def resolve_name(name):
        """
        Resolve a name to an object.

        It is expected that `name` will be a string in one of the following
        formats, where W is shorthand for a valid Python identifier and dot stands
        for a literal period in these pseudo-regexes:

        W(.W)*
        W(.W)*:(W(.W)*)?

        The first form is intended for backward compatibility only. It assumes that
        some part of the dotted name is a package, and the rest is an object
        somewhere within that package, possibly nested inside other objects.
        Because the place where the package stops and the object hierarchy starts
        can't be inferred by inspection, repeated attempts to import must be done
        with this form.

        In the second form, the caller makes the division point clear through the
        provision of a single colon: the dotted name to the left of the colon is a
        package to be imported, and the dotted name to the right is the object
        hierarchy within that package. Only one import is needed in this form. If
        it ends with the colon, then a module object is returned.

        The function will return an object (which might be a module), or raise one
        of the following exceptions:

        ValueError - if `name` isn't in a recognised format
        ImportError - if an import failed when it shouldn't have
        AttributeError - if a failure occurred when traversing the object hierarchy
                         within the imported package to get to the desired object.
        """
        global _NAME_PATTERN
        if _NAME_PATTERN is None:
            # Lazy import to speedup Python startup time
            import re
            dotted_words = r'(?!\d)(\w+)(\.(?!\d)(\w+))*'
            _NAME_PATTERN = re.compile(f'^(?P&lt;pkg&gt;{dotted_words})'
                                       f'(?P&lt;cln&gt;:(?P&lt;obj&gt;{dotted_words})?)?$',
                                       re.UNICODE)

        m = _NAME_PATTERN.match(name)
        if not m:
            raise ValueError(f'invalid format: {name!r}')
        gd = m.groupdict()
        if gd.get('cln'):
            # there is a colon - a one-step import is all that's needed
            mod = importlib.import_module(gd['pkg'])
            parts = gd.get('obj')
            parts = parts.split('.') if parts else []
        else:
            # no colon - have to iterate to find the package boundary
            parts = name.split('.')
            modname = parts.pop(0)
            # first part *must* be a module/package.
            mod = importlib.import_module(modname)
            while parts:
                p = parts[0]
                s = f'{modname}.{p}'
                try:
                    mod = importlib.import_module(s)
                    parts.pop(0)
                    modname = s
                except ImportError:
                    break
        # if we reach this point, mod is the module, already imported, and
        # parts is the list of parts in the object hierarchy to be traversed, or
        # an empty list if just the module is wanted.
        result = mod
        for p in parts:
&gt;           result = getattr(result, p)
                     ^^^^^^^^^^^^^^^^^^
E           AttributeError: module 'kalshi_betting' has no attribute 'OrderDeduper'

/home/matthew/anaconda3/lib/python3.12/pkgutil.py:528: AttributeError</failure></testcase><testcase classname="tests.test_kalshi_tennis_mapping.TestKalshiTennisMapping" name="test_market_title_parsing" time="0.003" /><testcase classname="tests.test_kalshi_tennis_mapping.TestKalshiTennisMapping" name="test_ticker_suffix_matches_last_name_code" time="0.007" /><testcase classname="tests.test_ligue1_elo_tdd.TestLigue1EloRatingTDD" name="test_ligue1_elo_inherits_from_base" time="0.004" /><testcase classname="tests.test_ligue1_elo_tdd.TestLigue1EloRatingTDD" name="test_ligue1_elo_has_required_methods" time="0.003" /><testcase classname="tests.test_ligue1_elo_tdd.TestLigue1EloRatingTDD" name="test_ligue1_elo_backward_compatibility" time="0.002" /><testcase classname="tests.test_ligue1_elo_tdd.TestLigue1EloRatingTDD" name="test_ligue1_elo_update_functionality" time="0.002" /><testcase classname="tests.test_ligue1_elo_tdd.TestLigue1EloRatingTDD" name="test_ligue1_elo_get_all_ratings" time="0.003" /><testcase classname="tests.test_ligue1_elo_tdd.TestLigue1EloRatingTDD" name="test_ligue1_elo_expected_score" time="0.002" /><testcase classname="tests.test_mlb_elo_tdd" name="test_mlb_elo_inheritance" time="0.002" /><testcase classname="tests.test_mlb_elo_tdd" name="test_mlb_elo_abstract_methods" time="0.002" /><testcase classname="tests.test_mlb_elo_tdd" name="test_mlb_elo_backward_compatibility" time="0.003" /><testcase classname="tests.test_mlb_elo_tdd" name="test_mlb_elo_expected_score" time="0.003" /><testcase classname="tests.test_mlb_elo_tdd" name="test_mlb_elo_get_all_ratings" time="0.002" /><testcase classname="tests.test_mlb_elo_tdd" name="test_mlb_elo_home_advantage" time="0.002" /><testcase classname="tests.test_nba_elo_current" name="test_nba_elo_current_state" time="0.002" /><testcase classname="tests.test_nba_elo_deep.TestNBAEloRatingMethods" name="test_game_history_tracking" time="0.002" /><testcase classname="tests.test_nba_elo_deep.TestNBAEloRatingMethods" name="test_multiple_teams" time="0.004" /><testcase classname="tests.test_nba_elo_deep.TestNBAEloRatingMethods" name="test_rating_changes_are_symmetric" time="0.002" /><testcase classname="tests.test_nba_elo_deep.TestNBAEloRatingMethods" name="test_prediction_bounds" time="0.002" /><testcase classname="tests.test_nba_elo_deep.TestNBAEloRatingMethods" name="test_prediction_very_strong_away" time="0.002" /><testcase classname="tests.test_nba_elo_deep.TestExpectedScore" name="test_expected_score_100_point_diff" time="0.003" /><testcase classname="tests.test_nba_elo_deep.TestExpectedScore" name="test_expected_score_200_point_diff" time="0.003" /><testcase classname="tests.test_nba_elo_deep.TestExpectedScore" name="test_expected_score_400_point_diff" time="0.002" /><testcase classname="tests.test_nba_elo_deep.TestUpdateScenarios" name="test_upset_causes_bigger_change" time="0.002" /><testcase classname="tests.test_nba_elo_deep.TestUpdateScenarios" name="test_many_consecutive_wins" time="0.002" /><testcase classname="tests.test_nba_elo_deep.TestModuleImports" name="test_import_all" time="0.003" /><testcase classname="tests.test_nba_elo_deep.TestModuleImports" name="test_class_attributes" time="0.003" /><testcase classname="tests.test_nba_elo_full.TestNBAEloRatingCore" name="test_init_defaults" time="0.002" /><testcase classname="tests.test_nba_elo_full.TestNBAEloRatingCore" name="test_init_custom_params" time="0.003" /><testcase classname="tests.test_nba_elo_full.TestNBAEloRatingCore" name="test_get_rating_new_team" time="0.003" /><testcase classname="tests.test_nba_elo_full.TestNBAEloRatingCore" name="test_get_rating_existing_team" time="0.002" /><testcase classname="tests.test_nba_elo_full.TestNBAEloRatingCore" name="test_expected_score_equal_ratings" time="0.003" /><testcase classname="tests.test_nba_elo_full.TestNBAEloRatingCore" name="test_expected_score_higher_rating_favored" time="0.002" /><testcase classname="tests.test_nba_elo_full.TestNBAEloRatingCore" name="test_expected_score_lower_rating_underdog" time="0.002" /><testcase classname="tests.test_nba_elo_full.TestNBAEloRatingCore" name="test_predict_includes_home_advantage" time="0.003" /><testcase classname="tests.test_nba_elo_full.TestNBAEloRatingCore" name="test_update_winner_gains_rating" time="0.003" /><testcase classname="tests.test_nba_elo_full.TestNBAEloRatingCore" name="test_update_loser_loses_rating" time="0.002" /><testcase classname="tests.test_nba_elo_full.TestNBAEloRatingCore" name="test_update_zero_sum" time="0.002" /><testcase classname="tests.test_nba_elo_full.TestNBAEloRatingCore" name="test_update_upset_larger_change" time="0.002" /><testcase classname="tests.test_nba_elo_full.TestLoadNBAGamesFromJSON" name="test_json_file_structure" time="0.004" /><testcase classname="tests.test_nba_elo_full.TestLoadNBAGamesFromJSON" name="test_parse_game_date" time="0.003" /><testcase classname="tests.test_nba_elo_full.TestEloMetrics" name="test_accuracy_calculation" time="0.002" /><testcase classname="tests.test_nba_elo_full.TestEloMetrics" name="test_brier_score" time="0.002" /><testcase classname="tests.test_nba_elo_full.TestEloMetrics" name="test_calibration_check" time="0.002" /><testcase classname="tests.test_nba_elo_full.TestEloRatingHistory" name="test_game_history_recorded" time="0.004" /><testcase classname="tests.test_nba_elo_full.TestEloRatingHistory" name="test_rating_progression" time="0.004" /><testcase classname="tests.test_nba_elo_full.TestTeamNormalization" name="test_normalize_full_name" time="0.003" /><testcase classname="tests.test_nba_elo_full.TestTeamNormalization" name="test_team_abbreviations" time="0.004" /><testcase classname="tests.test_nba_elo_full.TestTeamNormalization" name="test_case_insensitive_matching" time="0.004" /><testcase classname="tests.test_nba_elo_full.TestSeasonReversion" name="test_ratings_regress_to_mean" time="0.002" /><testcase classname="tests.test_nba_elo_full.TestEdgeCases" name="test_perfect_prediction" time="0.002" /><testcase classname="tests.test_nba_elo_full.TestEdgeCases" name="test_very_close_ratings" time="0.003" /><testcase classname="tests.test_nba_elo_rating.TestNBAEloRatingBasic" name="test_initialization" time="0.003" /><testcase classname="tests.test_nba_elo_rating.TestNBAEloRatingBasic" name="test_custom_initialization" time="0.002" /><testcase classname="tests.test_nba_elo_rating.TestNBAEloRatingBasic" name="test_get_rating_new_team" time="0.002" /><testcase classname="tests.test_nba_elo_rating.TestNBAEloRatingBasic" name="test_get_rating_existing_team" time="0.002" /><testcase classname="tests.test_nba_elo_rating.TestNBAEloRatingBasic" name="test_predict_home_advantage" time="0.003" /><testcase classname="tests.test_nba_elo_rating.TestNBAEloRatingBasic" name="test_update_expected_win" time="0.003" /><testcase classname="tests.test_nba_elo_rating.TestNBAEloRatingBasic" name="test_update_upset" time="0.002" /><testcase classname="tests.test_nba_elo_rating.TestNBAEloRatingBasic" name="test_multiple_games_rating_progression" time="0.002" /><testcase classname="tests.test_nba_elo_rating.TestLoadNBAGamesFromJson" name="test_load_empty_directory" time="0.003"><failure message="AttributeError: &lt;module 'plugins.elo.nba_elo_rating' from '/mnt/data2/nhlstats/plugins/elo/nba_elo_rating.py'&gt; does not have the attribute 'Path'">self = &lt;tests.test_nba_elo_rating.TestLoadNBAGamesFromJson object at 0x7fcaf9179b20&gt;
tmp_path = PosixPath('/tmp/pytest-of-matthew/pytest-545/test_load_empty_directory0')

    def test_load_empty_directory(self, tmp_path):
        """Test loading from empty directory."""
        nba_dir = tmp_path / "nba"
        nba_dir.mkdir()

&gt;       with patch("plugins.elo.nba_elo_rating.Path") as mock_path:
             ^^^^^^^^^^^^^^^^^^^^^^^^^^^^^^^^^^^^^^^^

tests/test_nba_elo_rating.py:117:
_ _ _ _ _ _ _ _ _ _ _ _ _ _ _ _ _ _ _ _ _ _ _ _ _ _ _ _ _ _ _ _ _ _ _ _ _ _ _ _
/home/matthew/anaconda3/lib/python3.12/unittest/mock.py:1463: in __enter__
    original, local = self.get_original()
                      ^^^^^^^^^^^^^^^^^^^
_ _ _ _ _ _ _ _ _ _ _ _ _ _ _ _ _ _ _ _ _ _ _ _ _ _ _ _ _ _ _ _ _ _ _ _ _ _ _ _

self = &lt;unittest.mock._patch object at 0x7fcae71ec590&gt;

    def get_original(self):
        target = self.getter()
        name = self.attribute

        original = DEFAULT
        local = False

        try:
            original = target.__dict__[name]
        except (AttributeError, KeyError):
            original = getattr(target, name, DEFAULT)
        else:
            local = True

        if name in _builtins and isinstance(target, ModuleType):
            self.create = True

        if not self.create and original is DEFAULT:
&gt;           raise AttributeError(
                "%s does not have the attribute %r" % (target, name)
            )
E           AttributeError: &lt;module 'plugins.elo.nba_elo_rating' from '/mnt/data2/nhlstats/plugins/elo/nba_elo_rating.py'&gt; does not have the attribute 'Path'

/home/matthew/anaconda3/lib/python3.12/unittest/mock.py:1436: AttributeError</failure></testcase><testcase classname="tests.test_nba_elo_rating.TestLoadNBAGamesFromJson" name="test_load_with_no_data_directory" time="0.002"><failure message="AttributeError: &lt;module 'plugins.elo.nba_elo_rating' from '/mnt/data2/nhlstats/plugins/elo/nba_elo_rating.py'&gt; does not have the attribute 'Path'">self = &lt;tests.test_nba_elo_rating.TestLoadNBAGamesFromJson object at 0x7fcaf9178e30&gt;

    def test_load_with_no_data_directory(self):
        """Test graceful handling when data directory doesn't exist."""
&gt;       with patch("plugins.elo.nba_elo_rating.Path") as mock_path:
             ^^^^^^^^^^^^^^^^^^^^^^^^^^^^^^^^^^^^^^^^

tests/test_nba_elo_rating.py:124:
_ _ _ _ _ _ _ _ _ _ _ _ _ _ _ _ _ _ _ _ _ _ _ _ _ _ _ _ _ _ _ _ _ _ _ _ _ _ _ _
/home/matthew/anaconda3/lib/python3.12/unittest/mock.py:1463: in __enter__
    original, local = self.get_original()
                      ^^^^^^^^^^^^^^^^^^^
_ _ _ _ _ _ _ _ _ _ _ _ _ _ _ _ _ _ _ _ _ _ _ _ _ _ _ _ _ _ _ _ _ _ _ _ _ _ _ _

self = &lt;unittest.mock._patch object at 0x7fcae71773e0&gt;

    def get_original(self):
        target = self.getter()
        name = self.attribute

        original = DEFAULT
        local = False

        try:
            original = target.__dict__[name]
        except (AttributeError, KeyError):
            original = getattr(target, name, DEFAULT)
        else:
            local = True

        if name in _builtins and isinstance(target, ModuleType):
            self.create = True

        if not self.create and original is DEFAULT:
&gt;           raise AttributeError(
                "%s does not have the attribute %r" % (target, name)
            )
E           AttributeError: &lt;module 'plugins.elo.nba_elo_rating' from '/mnt/data2/nhlstats/plugins/elo/nba_elo_rating.py'&gt; does not have the attribute 'Path'

/home/matthew/anaconda3/lib/python3.12/unittest/mock.py:1436: AttributeError</failure></testcase><testcase classname="tests.test_nba_elo_rating.TestEdgeCases" name="test_same_team" time="0.002" /><testcase classname="tests.test_nba_elo_rating.TestEdgeCases" name="test_extreme_ratings" time="0.002" /><testcase classname="tests.test_nba_elo_rating.TestEdgeCases" name="test_zero_k_factor" time="0.002" /><testcase classname="tests.test_nba_elo_rating.TestNBASpecificFeatures" name="test_evaluate_on_games" time="1.097" /><testcase classname="tests.test_nba_elo_targeted.TestNBAEloRatingBasics" name="test_init_default" time="0.002" /><testcase classname="tests.test_nba_elo_targeted.TestNBAEloRatingBasics" name="test_init_custom" time="0.003" /><testcase classname="tests.test_nba_elo_targeted.TestNBAEloRatingBasics" name="test_get_rating_new_team" time="0.002" /><testcase classname="tests.test_nba_elo_targeted.TestNBAEloRatingBasics" name="test_get_rating_existing_team" time="0.002" /><testcase classname="tests.test_nba_elo_targeted.TestNBAEloPredict" name="test_predict_equal_teams" time="0.002" /><testcase classname="tests.test_nba_elo_targeted.TestNBAEloPredict" name="test_predict_strong_home" time="0.002" /><testcase classname="tests.test_nba_elo_targeted.TestNBAEloPredict" name="test_predict_strong_away" time="0.002" /><testcase classname="tests.test_nba_elo_targeted.TestNBAEloUpdate" name="test_update_home_win" time="0.002" /><testcase classname="tests.test_nba_elo_targeted.TestNBAEloUpdate" name="test_update_away_win" time="0.002" /><testcase classname="tests.test_nba_elo_targeted.TestNBAEloUpdate" name="test_update_zero_sum" time="0.002" /><testcase classname="tests.test_nba_elo_targeted.TestExpectedScore" name="test_expected_score_equal" time="0.002" /><testcase classname="tests.test_nba_elo_targeted.TestExpectedScore" name="test_expected_score_better_a" time="0.003" /><testcase classname="tests.test_nba_elo_targeted.TestExpectedScore" name="test_expected_score_better_b" time="0.003" /><testcase classname="tests.test_nba_elo_targeted.TestKFactorImpact" name="test_high_k_factor" time="0.002" /><testcase classname="tests.test_nba_elo_targeted.TestKFactorImpact" name="test_low_k_factor" time="0.003" /><testcase classname="tests.test_nba_elo_targeted.TestHomeAdvantageImpact" name="test_no_home_advantage" time="0.004" /><testcase classname="tests.test_nba_elo_targeted.TestHomeAdvantageImpact" name="test_high_home_advantage" time="0.003" /><testcase classname="tests.test_nba_elo_targeted.TestMultipleGames" name="test_ratings_converge" time="0.003" /><testcase classname="tests.test_nba_elo_targeted.TestMultipleGames" name="test_ratings_balance" time="0.003" /><testcase classname="tests.test_nba_elo_targeted.TestModuleImports" name="test_import_module" time="0.004" /><testcase classname="tests.test_nba_elo_targeted.TestModuleImports" name="test_class_interface" time="0.002" /><testcase classname="tests.test_nba_elo_tdd" name="test_nba_elo_inheritance" time="0.002" /><testcase classname="tests.test_nba_elo_tdd" name="test_nba_elo_abstract_methods" time="0.005" /><testcase classname="tests.test_nba_elo_tdd" name="test_nba_elo_backward_compatibility" time="0.003" /><testcase classname="tests.test_ncaab_elo_tdd.TestNCAABEloInheritance" name="test_ncaab_elo_inherits_from_base" time="0.002" /><testcase classname="tests.test_ncaab_elo_tdd.TestNCAABEloInheritance" name="test_ncaab_elo_can_be_instantiated" time="0.003" /><testcase classname="tests.test_ncaab_elo_tdd.TestNCAABEloInheritance" name="test_ncaab_elo_has_required_methods" time="0.003" /><testcase classname="tests.test_ncaab_elo_tdd.TestNCAABEloFunctionality" name="test_get_rating_returns_initial_for_new_team" time="0.003" /><testcase classname="tests.test_ncaab_elo_tdd.TestNCAABEloFunctionality" name="test_predict_basic" time="0.002" /><testcase classname="tests.test_ncaab_elo_tdd.TestNCAABEloFunctionality" name="test_get_all_ratings_method" time="0.002" /><testcase classname="tests.test_ncaab_elo_tdd.TestNCAABEloBackwardCompatibility" name="test_legacy_update_method" time="0.002" /><testcase classname="tests.test_ncaab_elo_tdd.TestNCAABEloBackwardCompatibility" name="test_calculate_current_elo_ratings_function" time="0.002" /><testcase classname="tests.test_nfl_elo_tdd" name="test_nfl_elo_inheritance" time="0.003" /><testcase classname="tests.test_nfl_elo_tdd" name="test_nfl_elo_abstract_methods" time="0.003" /><testcase classname="tests.test_nfl_elo_tdd" name="test_nfl_elo_backward_compatibility" time="0.002" /><testcase classname="tests.test_nfl_elo_tdd" name="test_nfl_elo_expected_score" time="0.002" /><testcase classname="tests.test_nfl_elo_tdd" name="test_nfl_elo_get_all_ratings" time="0.002" /><testcase classname="tests.test_nfl_elo_tdd" name="test_nfl_elo_home_advantage" time="0.002" /><testcase classname="tests.test_nfl_modules.TestNFLGamesWithMock" name="test_nfl_games_output_dir" time="0.003" /><testcase classname="tests.test_nfl_modules.TestNFLGamesWithMock" name="test_nfl_season_year_fall" time="0.002" /><testcase classname="tests.test_nfl_modules.TestNFLGamesWithMock" name="test_nfl_season_year_winter" time="0.002" /><testcase classname="tests.test_nfl_modules.TestNFLGamesWithMock" name="test_nfl_game_id_format" time="0.003" /><testcase classname="tests.test_nfl_modules.TestNFLStatsFetcherWithMock" name="test_nfl_stats_output_dir" time="0.003" /><testcase classname="tests.test_nfl_modules.TestNFLStatsFetcherWithMock" name="test_nfl_stats_api_structure" time="0.002" /><testcase classname="tests.test_nfl_modules.TestNFLStatsFetcherWithMock" name="test_nfl_stats_season_param" time="0.002" /><testcase classname="tests.test_nfl_modules.TestLiftGainAnalysisDirect" name="test_import_module" time="0.004"><failure message="ModuleNotFoundError: No module named 'lift_gain_analysis'">self = &lt;tests.test_nfl_modules.TestLiftGainAnalysisDirect object at 0x7fcaf91cea50&gt;

    def test_import_module(self):
        """Test module can be imported."""
&gt;       import lift_gain_analysis
E       ModuleNotFoundError: No module named 'lift_gain_analysis'

tests/test_nfl_modules.py:119: ModuleNotFoundError</failure></testcase><testcase classname="tests.test_nfl_modules.TestLiftGainAnalysisDirect" name="test_decile_calculation_helper" time="0.009" /><testcase classname="tests.test_nfl_modules.TestTheOddsAPIDirect" name="test_sport_key_mapping" time="0.003" /><testcase classname="tests.test_nfl_modules.TestTheOddsAPIDirect" name="test_odds_url_format" time="0.002" /><testcase classname="tests.test_nfl_modules.TestKalshiMarketsDirect" name="test_kalshi_url_format" time="0.002" /><testcase classname="tests.test_nfl_modules.TestKalshiMarketsDirect" name="test_market_ticker_format" time="0.003" /><testcase classname="tests.test_nfl_modules.TestPolymarketAPIDirect" name="test_polymarket_url" time="0.002" /><testcase classname="tests.test_nfl_modules.TestPolymarketAPIDirect" name="test_market_id_format" time="0.003" /><testcase classname="tests.test_nfl_modules.TestCloudbetAPIDirect" name="test_cloudbet_url" time="0.003" /><testcase classname="tests.test_nfl_modules.TestNHLGameEventsDirect" name="test_nhl_api_url" time="0.003" /><testcase classname="tests.test_nfl_modules.TestNHLGameEventsDirect" name="test_event_types" time="0.004" /><testcase classname="tests.test_nfl_modules.TestNCAABGamesDirect" name="test_ncaab_import" time="0.002" /><testcase classname="tests.test_nfl_modules.TestNCAABGamesDirect" name="test_ncaab_url_format" time="0.002" /><testcase classname="tests.test_nfl_modules.TestMLBGamesDirect" name="test_mlb_import" time="0.003" /><testcase classname="tests.test_nfl_modules.TestMLBGamesDirect" name="test_mlb_api_url" time="0.002" /><testcase classname="tests.test_nfl_modules.TestEPLGamesDirect" name="test_epl_import" time="0.003" /><testcase classname="tests.test_nfl_modules.TestEPLGamesDirect" name="test_epl_data_url" time="0.002" /><testcase classname="tests.test_nfl_modules.TestLigue1GamesDirect" name="test_ligue1_import" time="0.002" /><testcase classname="tests.test_nfl_modules.TestLigue1GamesDirect" name="test_ligue1_data_url" time="0.002" /><testcase classname="tests.test_nfl_modules.TestNBAGamesDirect" name="test_nba_import" time="0.003" /><testcase classname="tests.test_nfl_modules.TestNBAGamesDirect" name="test_nba_api_url" time="0.003" /><testcase classname="tests.test_nhl_elo_rating.TestNHLEloRatingBasic" name="test_initialization" time="0.002" /><testcase classname="tests.test_nhl_elo_rating.TestNHLEloRatingBasic" name="test_custom_initialization" time="0.002" /><testcase classname="tests.test_nhl_elo_rating.TestNHLEloRatingBasic" name="test_get_rating_new_team" time="0.005" /><testcase classname="tests.test_nhl_elo_rating.TestNHLEloRatingBasic" name="test_predict_with_recency_weighting" time="0.002" /><testcase classname="tests.test_nhl_elo_rating.TestNHLEloRatingBasic" name="test_update_with_game_history" time="0.002" /><testcase classname="tests.test_nhl_elo_rating.TestNHLSpecificFeatures" name="test_load_ratings" time="0.003" /><testcase classname="tests.test_nhl_elo_rating.TestNHLSpecificFeatures" name="test_load_ratings_file_not_found" time="0.003" /><testcase classname="tests.test_nhl_elo_rating.TestNHLSpecificFeatures" name="test_export_history" time="0.006" /><testcase classname="tests.test_nhl_elo_rating.TestNHLSpecificFeatures" name="test_save_ratings" time="0.006" /><testcase classname="tests.test_nhl_elo_rating.TestNHLSpecificFeatures" name="test_apply_season_reversion" time="0.004" /><testcase classname="tests.test_nhl_elo_rating.TestNHLSpecificFeatures" name="test_get_recent_games" time="0.003" /><testcase classname="tests.test_nhl_elo_rating.TestNHLIntegration" name="test_full_cycle" time="0.005" /><testcase classname="tests.test_nhl_elo_simple" name="test_nhl_elo_inherits_from_base" time="0.003" /><testcase classname="tests.test_nhl_elo_simple" name="test_nhl_elo_can_be_instantiated" time="0.003" /><testcase classname="tests.test_nhl_elo_simple" name="test_nhl_elo_basic_functionality" time="0.002" /><testcase classname="tests.test_nhl_elo_simple" name="test_nhl_elo_method_signatures" time="0.003" /><testcase classname="tests.test_odds_comparator" name="test_get_best_odds_returns_expected_dict" time="0.006" /><testcase classname="tests.test_odds_comparator" name="test_get_all_odds_returns_records" time="0.007" /><testcase classname="tests.test_odds_comparator" name="test_find_opportunities_basic_flow" time="0.009" /><testcase classname="tests.test_odds_comparator" name="test_find_opportunities_epl_3way" time="0.009" /><testcase classname="tests.test_odds_comparator" name="test_find_opportunities_handles_db_error" time="0.005" /><testcase classname="tests.test_odds_comparator" name="test_get_best_odds_handles_exception" time="0.006" /><testcase classname="tests.test_odds_comparator" name="test_find_opportunities_skips_when_no_odds" time="0.011" /><testcase classname="tests.test_odds_comparator" name="test_find_opportunities_named_outcomes_resolve" time="0.018" /><testcase classname="tests.test_odds_comparator" name="test_find_opportunities_sharp_confirmation_blocks" time="0.011" /><testcase classname="tests.test_odds_comparator" name="test_find_opportunities_tennis_tour_selection" time="0.013" /><testcase classname="tests.test_plugin_imports.TestPluginImports" name="test_clv_backfill_imports_successfully" time="0.011" /><testcase classname="tests.test_plugin_imports.TestPluginImports" name="test_update_clv_data_imports_successfully" time="0.008" /><testcase classname="tests.test_plugin_imports.TestPluginImports" name="test_db_manager_default_db_exists" time="0.005" /><testcase classname="tests.test_plugin_imports.TestPluginImports" name="test_db_manager_can_be_imported_without_plugins_prefix" time="0.007" /><testcase classname="tests.test_portfolio_betting.TestPortfolioBettingErrorHandling" name="test_none_ticker_returns_error" time="0.007" /><testcase classname="tests.test_portfolio_betting.TestPortfolioBettingErrorHandling" name="test_finalized_market_is_skipped" time="0.006" /><testcase classname="tests.test_portfolio_betting.TestPortfolioBettingErrorHandling" name="test_closed_market_is_skipped" time="0.005" /><testcase classname="tests.test_portfolio_betting.TestPortfolioBettingErrorHandling" name="test_already_locked_ticker_handled_gracefully" time="0.007" /><testcase classname="tests.test_portfolio_betting.TestPortfolioBettingErrorHandling" name="test_multiple_issues_tracked_separately" time="0.006" /><testcase classname="tests.test_portfolio_betting.TestKalshiBettingNoneTicker" name="test_get_market_details_none_ticker" time="0.004" /><testcase classname="tests.test_portfolio_betting.TestKalshiBettingNoneTicker" name="test_get_market_details_empty_ticker" time="0.004" /><testcase classname="tests.test_portfolio_betting.TestKalshiBettingNoneTicker" name="test_place_bet_none_ticker" time="0.003" /><testcase classname="tests.test_portfolio_snapshots" name="test_upsert_and_load_latest_snapshot" time="0.105" /><testcase classname="tests.test_portfolio_snapshots" name="test_load_snapshots_since" time="0.091" /><testcase classname="tests.test_portfolio_snapshots_fixed" name="test_load_snapshots_since" time="0.018" /><testcase classname="tests.test_portfolio_value_final" name="test_portfolio_value_matches_kalshi" time="0.001"><skipped type="pytest.skip" message="Integration test requires production PostgreSQL database">/mnt/data2/nhlstats/tests/test_portfolio_value_final.py:27: Integration test requires production PostgreSQL database</skipped></testcase><testcase classname="tests.test_schema_integrity" name="test_placed_bets_has_primary_key" time="0.004"><error message="failed on setup with &quot;AttributeError: 'DatabaseSchemaManager' object has no attribute 'create_unified_tables'&quot;">@pytest.fixture(scope="function", autouse=True)
    def setup_schema():
        """Create schema for integrity tests."""
        manager = DatabaseSchemaManager(default_db)
&gt;       manager.create_unified_tables()
        ^^^^^^^^^^^^^^^^^^^^^^^^^^^^^
E       AttributeError: 'DatabaseSchemaManager' object has no attribute 'create_unified_tables'

tests/test_schema_integrity.py:12: AttributeError</error></testcase><testcase classname="tests.test_schema_integrity" name="test_unified_games_has_primary_key" time="0.005"><error message="failed on setup with &quot;AttributeError: 'DatabaseSchemaManager' object has no attribute 'create_unified_tables'&quot;">@pytest.fixture(scope="function", autouse=True)
    def setup_schema():
        """Create schema for integrity tests."""
        manager = DatabaseSchemaManager(default_db)
&gt;       manager.create_unified_tables()
        ^^^^^^^^^^^^^^^^^^^^^^^^^^^^^
E       AttributeError: 'DatabaseSchemaManager' object has no attribute 'create_unified_tables'

tests/test_schema_integrity.py:12: AttributeError</error></testcase><testcase classname="tests.test_schema_integrity" name="test_game_odds_has_primary_key" time="0.003"><error message="failed on setup with &quot;AttributeError: 'DatabaseSchemaManager' object has no attribute 'create_unified_tables'&quot;">@pytest.fixture(scope="function", autouse=True)
    def setup_schema():
        """Create schema for integrity tests."""
        manager = DatabaseSchemaManager(default_db)
&gt;       manager.create_unified_tables()
        ^^^^^^^^^^^^^^^^^^^^^^^^^^^^^
E       AttributeError: 'DatabaseSchemaManager' object has no attribute 'create_unified_tables'

tests/test_schema_integrity.py:12: AttributeError</error></testcase><testcase classname="tests.test_schema_integrity" name="test_bet_recommendations_has_primary_key" time="0.002"><error message="failed on setup with &quot;AttributeError: 'DatabaseSchemaManager' object has no attribute 'create_unified_tables'&quot;">@pytest.fixture(scope="function", autouse=True)
    def setup_schema():
        """Create schema for integrity tests."""
        manager = DatabaseSchemaManager(default_db)
&gt;       manager.create_unified_tables()
        ^^^^^^^^^^^^^^^^^^^^^^^^^^^^^
E       AttributeError: 'DatabaseSchemaManager' object has no attribute 'create_unified_tables'

tests/test_schema_integrity.py:12: AttributeError</error></testcase><testcase classname="tests.test_schema_integrity" name="test_game_odds_has_foreign_key_to_unified_games" time="0.002"><error message="failed on setup with &quot;AttributeError: 'DatabaseSchemaManager' object has no attribute 'create_unified_tables'&quot;">@pytest.fixture(scope="function", autouse=True)
    def setup_schema():
        """Create schema for integrity tests."""
        manager = DatabaseSchemaManager(default_db)
&gt;       manager.create_unified_tables()
        ^^^^^^^^^^^^^^^^^^^^^^^^^^^^^
E       AttributeError: 'DatabaseSchemaManager' object has no attribute 'create_unified_tables'

tests/test_schema_integrity.py:12: AttributeError</error></testcase><testcase classname="tests.test_sports_alignment" name="test_dag_and_dashboard_sports_aligned" time="0.036" /><testcase classname="tests.test_tennis_elo_calibration" name="test_elo_updates_change_ratings" time="0.003" /><testcase classname="tests.test_tennis_elo_calibration" name="test_training_from_games" time="0.003"><failure message="AssertionError: assert 'Swiatek I.' in {}">def test_training_from_games():
        """Test training flow using mock games data."""
        elo = TennisEloRating()
        for game in MOCK_GAMES_DATA:
            elo.update(game["winner"], game["loser"], game["tour"])

        # Djokovic should have highest ATP rating
        atp_ratings = elo.atp_ratings
        assert "Djokovic N." in atp_ratings
        assert "Nadal R." in atp_ratings
        assert "Federer R." in atp_ratings

        # Swiatek should have WTA rating
        wta_ratings = elo.wta_ratings
&gt;       assert "Swiatek I." in wta_ratings
E       AssertionError: assert 'Swiatek I.' in {}

tests/test_tennis_elo_calibration.py:53: AssertionError</failure></testcase><testcase classname="tests.test_tennis_elo_calibration" name="test_dynamic_k_factor" time="0.002" /><testcase classname="tests.test_tennis_elo_calibration" name="test_name_normalization" time="0.003" /><testcase classname="tests.test_tennis_elo_calibration" name="test_get_rankings" time="0.003" /><testcase classname="tests.test_tennis_elo_calibration" name="test_calibration_accuracy" time="0.003"><failure message="assert 0.5 &gt; 0.5">def test_calibration_accuracy():
        """Test calibration accuracy metrics."""
        elo = TennisEloRating()

        # Train on some games
        for game in MOCK_GAMES_DATA:
            elo.update(game["winner"], game["loser"], game["tour"])

        # Test predictions on known outcomes
        # Djokovic vs Nadal - Djokovic should be favored
        prob = elo.predict("Djokovic N.", "Nadal R.", "ATP")
        assert prob &gt; 0.5

        # Swiatek vs Sabalenka - Swiatek should be favored
        prob_wta = elo.predict("Swiatek I.", "Sabalenka A.", "WTA")
&gt;       assert prob_wta &gt; 0.5
E       assert 0.5 &gt; 0.5

tests/test_tennis_elo_calibration.py:132: AssertionError</failure></testcase><testcase classname="tests.test_tennis_elo_calibration" name="test_legacy_update_compatibility" time="0.004" /><testcase classname="tests.test_tennis_elo_tdd.TestTennisEloInheritance" name="test_tennis_elo_inherits_from_base" time="0.003" /><testcase classname="tests.test_tennis_elo_tdd.TestTennisEloInheritance" name="test_tennis_elo_can_be_instantiated" time="0.002" /><testcase classname="tests.test_tennis_elo_tdd.TestTennisEloInheritance" name="test_tennis_elo_has_required_methods" time="0.002" /><testcase classname="tests.test_tennis_elo_tdd.TestTennisEloFunctionality" name="test_get_rating_returns_initial_for_new_player" time="0.002" /><testcase classname="tests.test_tennis_elo_tdd.TestTennisEloFunctionality" name="test_predict_basic" time="0.002" /><testcase classname="tests.test_tennis_elo_tdd.TestTennisEloFunctionality" name="test_update_basic" time="0.002" /><testcase classname="tests.test_tennis_elo_tdd.TestTennisEloFunctionality" name="test_expected_score_method" time="0.002" /><testcase classname="tests.test_tennis_elo_tdd.TestTennisEloFunctionality" name="test_get_all_ratings_method" time="0.002" /><testcase classname="tests.test_tennis_elo_tdd.TestTennisEloFunctionality" name="test_tennis_specific_methods" time="0.002" /><testcase classname="tests.test_tennis_elo_tdd.TestTennisEloFunctionality" name="test_base_interface_adaptation_methods" time="0.003" /><testcase classname="tests.test_tennis_elo_tdd.TestTennisEloBackwardCompatibility" name="test_legacy_update_method" time="0.002" /><testcase classname="tests.test_tennis_elo_tdd.TestTennisEloBackwardCompatibility" name="test_normalize_name_function" time="0.002" /><testcase classname="tests.test_the_odds_api.TestOddsAPI" name="test_american_odds_to_probability_negative" time="0.002" /><testcase classname="tests.test_the_odds_api.TestOddsAPI" name="test_american_odds_to_probability_positive" time="0.002" /><testcase classname="tests.test_the_odds_api.TestOddsAPI" name="test_american_odds_to_probability_even" time="0.003" /><testcase classname="tests.test_the_odds_api.TestOddsAPI" name="test_american_odds_to_probability_heavy_favorite" time="0.003" /><testcase classname="tests.test_the_odds_api.TestOddsAPI" name="test_decimal_odds_to_probability" time="0.003" /><testcase classname="tests.test_the_odds_api.TestOddsAPI" name="test_decimal_odds_to_probability_heavy_favorite" time="0.002" /><testcase classname="tests.test_the_odds_api.TestOddsAPIClient" name="test_get_sport_key_nba" time="0.003" /><testcase classname="tests.test_the_odds_api.TestOddsAPIClient" name="test_get_sport_key_nhl" time="0.004" /><testcase classname="tests.test_the_odds_api.TestOddsAPIClient" name="test_get_sport_key_mlb" time="0.003" /><testcase classname="tests.test_the_odds_api.TestOddsAPIClient" name="test_get_sport_key_nfl" time="0.002" /><testcase classname="tests.test_the_odds_api.TestOddsAPIClient" name="test_get_sport_key_ncaab" time="0.003" /><testcase classname="tests.test_the_odds_api.TestOddsAPIClient" name="test_get_sport_key_case_insensitive" time="0.002" /><testcase classname="tests.test_the_odds_api.TestOddsAPIClient" name="test_get_sport_key_unknown" time="0.004" /><testcase classname="tests.test_the_odds_api.TestOddsMatching" name="test_team_name_normalization" time="0.003" /><testcase classname="tests.test_the_odds_api.TestOddsMatching" name="test_team_name_matching_exact" time="0.002" /><testcase classname="tests.test_the_odds_api.TestOddsMatching" name="test_team_name_matching_partial" time="0.003" /><testcase classname="tests.test_the_odds_api.TestOddsMatching" name="test_team_name_matching_city" time="0.003" /><testcase classname="tests.test_the_odds_api.TestGameStatusCheck" name="test_game_not_started_no_scores" time="0.002" /><testcase classname="tests.test_the_odds_api.TestGameStatusCheck" name="test_game_started_has_scores" time="0.002" /><testcase classname="tests.test_the_odds_api.TestGameStatusCheck" name="test_game_completed" time="0.002" /><testcase classname="tests.test_the_odds_api.TestOddsCalculation" name="test_remove_vig_equal_odds" time="0.002" /><testcase classname="tests.test_the_odds_api.TestOddsCalculation" name="test_remove_vig_unequal_odds" time="0.003" /><testcase classname="tests.test_the_odds_api.TestOddsCalculation" name="test_edge_calculation" time="0.002" /><testcase classname="tests.test_the_odds_api.TestOddsCalculation" name="test_edge_negative" time="0.003" /><testcase classname="tests.test_the_odds_api.TestOddsCalculation" name="test_kelly_criterion_basic" time="0.002" /><testcase classname="tests.test_the_odds_api.TestOddsCalculation" name="test_kelly_criterion_no_edge" time="0.003" /><testcase classname="tests.test_the_odds_api.TestOddsCalculation" name="test_kelly_criterion_negative_edge" time="0.003" /><testcase classname="tests.test_the_odds_api_full.TestTheOddsAPIInit" name="test_init_with_api_key" time="0.003" /><testcase classname="tests.test_the_odds_api_full.TestTheOddsAPIInit" name="test_init_with_env_key" time="0.005" /><testcase classname="tests.test_the_odds_api_full.TestTheOddsAPIInit" name="test_init_without_key" time="0.006" /><testcase classname="tests.test_the_odds_api_full.TestSportKeys" name="test_sport_keys_nba" time="0.004" /><testcase classname="tests.test_the_odds_api_full.TestSportKeys" name="test_sport_keys_nhl" time="0.003" /><testcase classname="tests.test_the_odds_api_full.TestSportKeys" name="test_sport_keys_mlb" time="0.004" /><testcase classname="tests.test_the_odds_api_full.TestSportKeys" name="test_sport_keys_nfl" time="0.004" /><testcase classname="tests.test_the_odds_api_full.TestSportKeys" name="test_sport_keys_epl" time="0.004" /><testcase classname="tests.test_the_odds_api_full.TestSportKeys" name="test_sport_keys_ncaab" time="0.003" /><testcase classname="tests.test_the_odds_api_full.TestFetchMarkets" name="test_fetch_markets_success" time="0.008" /><testcase classname="tests.test_the_odds_api_full.TestFetchMarkets" name="test_fetch_markets_unknown_sport" time="0.004" /><testcase classname="tests.test_the_odds_api_full.TestFetchMarkets" name="test_fetch_markets_no_api_key" time="0.006" /><testcase classname="tests.test_the_odds_api_full.TestOddsConversion" name="test_decimal_to_probability" time="0.004" /><testcase classname="tests.test_the_odds_api_full.TestOddsConversion" name="test_decimal_odds_favorite" time="0.003" /><testcase classname="tests.test_the_odds_api_full.TestOddsConversion" name="test_decimal_odds_underdog" time="0.003" /><testcase classname="tests.test_the_odds_api_full.TestOddsConversion" name="test_remove_juice" time="0.003" /><testcase classname="tests.test_the_odds_api_full.TestGameParsing" name="test_parse_game_response" time="0.003" /><testcase classname="tests.test_the_odds_api_full.TestGameParsing" name="test_extract_odds_from_bookmaker" time="0.002" /><testcase classname="tests.test_the_odds_api_full.TestCountBookmakers" name="test_count_unique_bookmakers" time="0.003" /><testcase classname="tests.test_the_odds_api_full.TestRateLimiting" name="test_parse_remaining_requests" time="0.002" /><testcase classname="tests.test_the_odds_api_full.TestRateLimiting" name="test_low_requests_warning" time="0.003" /><testcase classname="tests.test_unified_elo_integration.TestUnifiedEloInterface" name="test_inheritance[NBAEloRating]" time="0.002" /><testcase classname="tests.test_unified_elo_integration.TestUnifiedEloInterface" name="test_inheritance[NHLEloRating]" time="0.003" /><testcase classname="tests.test_unified_elo_integration.TestUnifiedEloInterface" name="test_inheritance[MLBEloRating]" time="0.003" /><testcase classname="tests.test_unified_elo_integration.TestUnifiedEloInterface" name="test_inheritance[NFLEloRating]" time="0.004" /><testcase classname="tests.test_unified_elo_integration.TestUnifiedEloInterface" name="test_inheritance[EPLEloRating]" time="0.003" /><testcase classname="tests.test_unified_elo_integration.TestUnifiedEloInterface" name="test_inheritance[Ligue1EloRating]" time="0.006" /><testcase classname="tests.test_unified_elo_integration.TestUnifiedEloInterface" name="test_inheritance[NCAABEloRating]" time="0.004" /><testcase classname="tests.test_unified_elo_integration.TestUnifiedEloInterface" name="test_inheritance[WNCAABEloRating]" time="0.002" /><testcase classname="tests.test_unified_elo_integration.TestUnifiedEloInterface" name="test_inheritance[TennisEloRating]" time="0.005" /><testcase classname="tests.test_unified_elo_integration.TestUnifiedEloInterface" name="test_predict_interface[NBAEloRating]" time="0.004" /><testcase classname="tests.test_unified_elo_integration.TestUnifiedEloInterface" name="test_predict_interface[NHLEloRating]" time="0.003" /><testcase classname="tests.test_unified_elo_integration.TestUnifiedEloInterface" name="test_predict_interface[MLBEloRating]" time="0.003" /><testcase classname="tests.test_unified_elo_integration.TestUnifiedEloInterface" name="test_predict_interface[NFLEloRating]" time="0.003" /><testcase classname="tests.test_unified_elo_integration.TestUnifiedEloInterface" name="test_predict_interface[EPLEloRating]" time="0.003" /><testcase classname="tests.test_unified_elo_integration.TestUnifiedEloInterface" name="test_predict_interface[Ligue1EloRating]" time="0.002" /><testcase classname="tests.test_unified_elo_integration.TestUnifiedEloInterface" name="test_predict_interface[NCAABEloRating]" time="0.002" /><testcase classname="tests.test_unified_elo_integration.TestUnifiedEloInterface" name="test_predict_interface[WNCAABEloRating]" time="0.002" /><testcase classname="tests.test_unified_elo_integration.TestUnifiedEloInterface" name="test_predict_interface[TennisEloRating]" time="0.002" /><testcase classname="tests.test_unified_elo_integration.TestUnifiedEloInterface" name="test_update_interface[NBAEloRating]" time="0.003" /><testcase classname="tests.test_unified_elo_integration.TestUnifiedEloInterface" name="test_update_interface[NHLEloRating]" time="0.002" /><testcase classname="tests.test_unified_elo_integration.TestUnifiedEloInterface" name="test_update_interface[MLBEloRating]" time="0.003" /><testcase classname="tests.test_unified_elo_integration.TestUnifiedEloInterface" name="test_update_interface[NFLEloRating]" time="0.002" /><testcase classname="tests.test_unified_elo_integration.TestUnifiedEloInterface" name="test_update_interface[EPLEloRating]" time="0.002" /><testcase classname="tests.test_unified_elo_integration.TestUnifiedEloInterface" name="test_update_interface[Ligue1EloRating]" time="0.003" /><testcase classname="tests.test_unified_elo_integration.TestUnifiedEloInterface" name="test_update_interface[NCAABEloRating]" time="0.002" /><testcase classname="tests.test_unified_elo_integration.TestUnifiedEloInterface" name="test_update_interface[WNCAABEloRating]" time="0.003" /><testcase classname="tests.test_unified_elo_integration.TestUnifiedEloInterface" name="test_update_interface[TennisEloRating]" time="0.003" /><testcase classname="tests.test_unified_elo_integration.TestUnifiedEloInterface" name="test_expected_score_interface[NBAEloRating]" time="0.003" /><testcase classname="tests.test_unified_elo_integration.TestUnifiedEloInterface" name="test_expected_score_interface[NHLEloRating]" time="0.003" /><testcase classname="tests.test_unified_elo_integration.TestUnifiedEloInterface" name="test_expected_score_interface[MLBEloRating]" time="0.002" /><testcase classname="tests.test_unified_elo_integration.TestUnifiedEloInterface" name="test_expected_score_interface[NFLEloRating]" time="0.003" /><testcase classname="tests.test_unified_elo_integration.TestUnifiedEloInterface" name="test_expected_score_interface[EPLEloRating]" time="0.002" /><testcase classname="tests.test_unified_elo_integration.TestUnifiedEloInterface" name="test_expected_score_interface[Ligue1EloRating]" time="0.003" /><testcase classname="tests.test_unified_elo_integration.TestUnifiedEloInterface" name="test_expected_score_interface[NCAABEloRating]" time="0.002" /><testcase classname="tests.test_unified_elo_integration.TestUnifiedEloInterface" name="test_expected_score_interface[WNCAABEloRating]" time="0.002" /><testcase classname="tests.test_unified_elo_integration.TestUnifiedEloInterface" name="test_expected_score_interface[TennisEloRating]" time="0.002" /><testcase classname="tests.test_unified_elo_integration.TestUnifiedEloInterface" name="test_get_all_ratings_interface[NBAEloRating]" time="0.002" /><testcase classname="tests.test_unified_elo_integration.TestUnifiedEloInterface" name="test_get_all_ratings_interface[NHLEloRating]" time="0.003" /><testcase classname="tests.test_unified_elo_integration.TestUnifiedEloInterface" name="test_get_all_ratings_interface[MLBEloRating]" time="0.003" /><testcase classname="tests.test_unified_elo_integration.TestUnifiedEloInterface" name="test_get_all_ratings_interface[NFLEloRating]" time="0.002" /><testcase classname="tests.test_unified_elo_integration.TestUnifiedEloInterface" name="test_get_all_ratings_interface[EPLEloRating]" time="0.002" /><testcase classname="tests.test_unified_elo_integration.TestUnifiedEloInterface" name="test_get_all_ratings_interface[Ligue1EloRating]" time="0.002" /><testcase classname="tests.test_unified_elo_integration.TestUnifiedEloInterface" name="test_get_all_ratings_interface[NCAABEloRating]" time="0.003" /><testcase classname="tests.test_unified_elo_integration.TestUnifiedEloInterface" name="test_get_all_ratings_interface[WNCAABEloRating]" time="0.002" /><testcase classname="tests.test_unified_elo_integration.TestUnifiedEloInterface" name="test_get_all_ratings_interface[TennisEloRating]" time="0.002" /><testcase classname="tests.test_unified_elo_interface" name="test_all_classes_inherit_from_base" time="0.002" /><testcase classname="tests.test_unified_elo_interface" name="test_all_classes_have_required_methods" time="0.002" /><testcase classname="tests.test_unified_elo_interface" name="test_predict_method_signature" time="0.003" /><testcase classname="tests.test_unified_elo_interface" name="test_update_method_signature" time="0.003" /><testcase classname="tests.test_unified_elo_interface" name="test_get_rating_method" time="0.003" /><testcase classname="tests.test_unified_elo_interface" name="test_expected_score_method" time="0.004" /><testcase classname="tests.test_unified_elo_interface" name="test_get_all_ratings_method" time="0.003" /><testcase classname="tests.test_unified_elo_interface" name="test_sport_specific_parameters" time="0.003" /><testcase classname="tests.test_unified_elo_interface" name="test_backward_compatibility" time="0.003" /><testcase classname="tests.test_wncaab_elo_tdd.TestWNCAABEloInheritance" name="test_wncaab_elo_inherits_from_base" time="0.002" /><testcase classname="tests.test_wncaab_elo_tdd.TestWNCAABEloInheritance" name="test_wncaab_elo_can_be_instantiated" time="0.004" /><testcase classname="tests.test_wncaab_elo_tdd.TestWNCAABEloInheritance" name="test_wncaab_elo_has_required_methods" time="0.003" /><testcase classname="tests.test_wncaab_elo_tdd.TestWNCAABEloFunctionality" name="test_get_rating_returns_initial_for_new_team" time="0.004" /><testcase classname="tests.test_wncaab_elo_tdd.TestWNCAABEloFunctionality" name="test_predict_basic" time="0.003" /><testcase classname="tests.test_wncaab_elo_tdd.TestWNCAABEloFunctionality" name="test_update_basic" time="0.003" /><testcase classname="tests.test_wncaab_elo_tdd.TestWNCAABEloFunctionality" name="test_expected_score_method" time="0.003" /><testcase classname="tests.test_wncaab_elo_tdd.TestWNCAABEloFunctionality" name="test_get_all_ratings_method" time="0.003" /><testcase classname="tests.test_wncaab_elo_tdd.TestWNCAABEloBackwardCompatibility" name="test_legacy_update_method" time="0.003" /><testcase classname="tests.test_wncaab_elo_tdd.TestWNCAABEloBackwardCompatibility" name="test_calculate_current_elo_ratings_function" time="0.440" /></testsuite></testsuites>
